Archive member included because of file (symbol)

/usr/lib/gcc/arm-none-eabi/4.8.2/../../../arm-none-eabi/lib/armv7e-m/softfp/libc.a(lib_a-atexit.o)
                              /usr/lib/gcc/arm-none-eabi/4.8.2/../../../arm-none-eabi/lib/armv7e-m/softfp/crt0.o (atexit)
/usr/lib/gcc/arm-none-eabi/4.8.2/../../../arm-none-eabi/lib/armv7e-m/softfp/libc.a(lib_a-exit.o)
                              /usr/lib/gcc/arm-none-eabi/4.8.2/../../../arm-none-eabi/lib/armv7e-m/softfp/crt0.o (exit)
/usr/lib/gcc/arm-none-eabi/4.8.2/../../../arm-none-eabi/lib/armv7e-m/softfp/libc.a(lib_a-fini.o)
                              /usr/lib/gcc/arm-none-eabi/4.8.2/../../../arm-none-eabi/lib/armv7e-m/softfp/crt0.o (__libc_fini_array)
/usr/lib/gcc/arm-none-eabi/4.8.2/../../../arm-none-eabi/lib/armv7e-m/softfp/libc.a(lib_a-impure.o)
                              /usr/lib/gcc/arm-none-eabi/4.8.2/../../../arm-none-eabi/lib/armv7e-m/softfp/libc.a(lib_a-exit.o) (_global_impure_ptr)
/usr/lib/gcc/arm-none-eabi/4.8.2/../../../arm-none-eabi/lib/armv7e-m/softfp/libc.a(lib_a-init.o)
                              /usr/lib/gcc/arm-none-eabi/4.8.2/../../../arm-none-eabi/lib/armv7e-m/softfp/crt0.o (__libc_init_array)
/usr/lib/gcc/arm-none-eabi/4.8.2/../../../arm-none-eabi/lib/armv7e-m/softfp/libc.a(lib_a-malloc.o)
                              obj/src/modbus.o (malloc)
/usr/lib/gcc/arm-none-eabi/4.8.2/../../../arm-none-eabi/lib/armv7e-m/softfp/libc.a(lib_a-mallocr.o)
                              /usr/lib/gcc/arm-none-eabi/4.8.2/../../../arm-none-eabi/lib/armv7e-m/softfp/libc.a(lib_a-malloc.o) (_malloc_r)
/usr/lib/gcc/arm-none-eabi/4.8.2/../../../arm-none-eabi/lib/armv7e-m/softfp/libc.a(lib_a-memcmp.o)
                              obj/src/modbus.o (memcmp)
/usr/lib/gcc/arm-none-eabi/4.8.2/../../../arm-none-eabi/lib/armv7e-m/softfp/libc.a(lib_a-memcpy.o)
                              obj/src/command_parser.o (memcpy)
/usr/lib/gcc/arm-none-eabi/4.8.2/../../../arm-none-eabi/lib/armv7e-m/softfp/libc.a(lib_a-memset.o)
                              /usr/lib/gcc/arm-none-eabi/4.8.2/../../../arm-none-eabi/lib/armv7e-m/softfp/crt0.o (memset)
/usr/lib/gcc/arm-none-eabi/4.8.2/../../../arm-none-eabi/lib/armv7e-m/softfp/libc.a(lib_a-printf.o)
                              obj/src/modbus.o (printf)
/usr/lib/gcc/arm-none-eabi/4.8.2/../../../arm-none-eabi/lib/armv7e-m/softfp/libc.a(lib_a-sprintf.o)
                              obj/FreeRTOS/Source/tasks.o (sprintf)
/usr/lib/gcc/arm-none-eabi/4.8.2/../../../arm-none-eabi/lib/armv7e-m/softfp/libc.a(lib_a-strcat.o)
                              obj/FreeRTOS/Source/tasks.o (strcat)
/usr/lib/gcc/arm-none-eabi/4.8.2/../../../arm-none-eabi/lib/armv7e-m/softfp/libc.a(lib_a-strcpy.o)
                              /usr/lib/gcc/arm-none-eabi/4.8.2/../../../arm-none-eabi/lib/armv7e-m/softfp/libc.a(lib_a-strcat.o) (strcpy)
/usr/lib/gcc/arm-none-eabi/4.8.2/../../../arm-none-eabi/lib/armv7e-m/softfp/libc.a(lib_a-strlen.o)
                              obj/FreeRTOS/Source/tasks.o (strlen)
/usr/lib/gcc/arm-none-eabi/4.8.2/../../../arm-none-eabi/lib/armv7e-m/softfp/libc.a(lib_a-strncpy.o)
                              obj/FreeRTOS/Source/tasks.o (strncpy)
/usr/lib/gcc/arm-none-eabi/4.8.2/../../../arm-none-eabi/lib/armv7e-m/softfp/libc.a(lib_a-svfprintf.o)
                              /usr/lib/gcc/arm-none-eabi/4.8.2/../../../arm-none-eabi/lib/armv7e-m/softfp/libc.a(lib_a-sprintf.o) (_svfprintf_r)
/usr/lib/gcc/arm-none-eabi/4.8.2/../../../arm-none-eabi/lib/armv7e-m/softfp/libc.a(lib_a-vfprintf.o)
                              /usr/lib/gcc/arm-none-eabi/4.8.2/../../../arm-none-eabi/lib/armv7e-m/softfp/libc.a(lib_a-printf.o) (_vfprintf_r)
/usr/lib/gcc/arm-none-eabi/4.8.2/../../../arm-none-eabi/lib/armv7e-m/softfp/libc.a(lib_a-vsprintf.o)
                              obj/src/usart_rtos.o (vsprintf)
/usr/lib/gcc/arm-none-eabi/4.8.2/../../../arm-none-eabi/lib/armv7e-m/softfp/libc.a(lib_a-wsetup.o)
                              /usr/lib/gcc/arm-none-eabi/4.8.2/../../../arm-none-eabi/lib/armv7e-m/softfp/libc.a(lib_a-vfprintf.o) (__swsetup_r)
/usr/lib/gcc/arm-none-eabi/4.8.2/../../../arm-none-eabi/lib/armv7e-m/softfp/libc.a(lib_a-__atexit.o)
                              /usr/lib/gcc/arm-none-eabi/4.8.2/../../../arm-none-eabi/lib/armv7e-m/softfp/libc.a(lib_a-atexit.o) (__register_exitproc)
/usr/lib/gcc/arm-none-eabi/4.8.2/../../../arm-none-eabi/lib/armv7e-m/softfp/libc.a(lib_a-__call_atexit.o)
                              /usr/lib/gcc/arm-none-eabi/4.8.2/../../../arm-none-eabi/lib/armv7e-m/softfp/libc.a(lib_a-exit.o) (__call_exitprocs)
/usr/lib/gcc/arm-none-eabi/4.8.2/../../../arm-none-eabi/lib/armv7e-m/softfp/libc.a(lib_a-dtoa.o)
                              /usr/lib/gcc/arm-none-eabi/4.8.2/../../../arm-none-eabi/lib/armv7e-m/softfp/libc.a(lib_a-svfprintf.o) (_dtoa_r)
/usr/lib/gcc/arm-none-eabi/4.8.2/../../../arm-none-eabi/lib/armv7e-m/softfp/libc.a(lib_a-fflush.o)
[...]
Memory Configuration

Name             Origin             Length             Attributes
FLASH            0x0000000008000000 0x0000000000100000 xr
RAM              0x0000000020000000 0x0000000000020000 xrw
MEMORY_B1        0x0000000060000000 0x0000000000000000 xr
*default*        0x0000000000000000 0xffffffffffffffff

Linker script and memory map

LOAD /usr/lib/gcc/arm-none-eabi/4.8.2/armv7e-m/softfp/crti.o
LOAD /usr/lib/gcc/arm-none-eabi/4.8.2/armv7e-m/softfp/crtbegin.o
LOAD /usr/lib/gcc/arm-none-eabi/4.8.2/../../../arm-none-eabi/lib/armv7e-m/softfp/crt0.o
LOAD obj/src/ustime.o
LOAD obj/src/main.o
LOAD obj/src/startup_stm32f4xx.o
LOAD obj/src/system_stm32f4xx.o
LOAD obj/src/syscalls.o
LOAD obj/src/modbus.o
LOAD obj/src/test.o
LOAD obj/src/clock.o
LOAD obj/src/module.o
LOAD obj/src/usart_rtos.o
LOAD obj/src/command_parser.o
LOAD obj/src/hbperiph.o
LOAD obj/FreeRTOS/Source/tasks.o
LOAD obj/FreeRTOS/Source/queue.o
LOAD obj/FreeRTOS/Source/list.o
LOAD obj/FreeRTOS/Source/croutine.o
LOAD obj/FreeRTOS/Source/portable/GCC/ARM_CM4F/port.o
LOAD obj/libs/STM32F4xx_StdPeriph_Driver/src/misc.o
LOAD obj/libs/STM32F4xx_StdPeriph_Driver/src/stm32f4xx_adc.o
LOAD obj/libs/STM32F4xx_StdPeriph_Driver/src/stm32f4xx_can.o
LOAD obj/libs/STM32F4xx_StdPeriph_Driver/src/stm32f4xx_crc.o
LOAD obj/libs/STM32F4xx_StdPeriph_Driver/src/stm32f4xx_cryp.o
LOAD obj/libs/STM32F4xx_StdPeriph_Driver/src/stm32f4xx_cryp_aes.o
LOAD obj/libs/STM32F4xx_StdPeriph_Driver/src/stm32f4xx_cryp_des.o
LOAD obj/libs/STM32F4xx_StdPeriph_Driver/src/stm32f4xx_cryp_tdes.o
LOAD obj/libs/STM32F4xx_StdPeriph_Driver/src/stm32f4xx_dac.o
LOAD obj/libs/STM32F4xx_StdPeriph_Driver/src/stm32f4xx_dbgmcu.o
LOAD obj/libs/STM32F4xx_StdPeriph_Driver/src/stm32f4xx_dcmi.o
LOAD obj/libs/STM32F4xx_StdPeriph_Driver/src/stm32f4xx_dma.o
LOAD obj/libs/STM32F4xx_StdPeriph_Driver/src/stm32f4xx_exti.o
LOAD obj/libs/STM32F4xx_StdPeriph_Driver/src/stm32f4xx_flash.o
LOAD obj/libs/STM32F4xx_StdPeriph_Driver/src/stm32f4xx_fsmc.o
LOAD obj/libs/STM32F4xx_StdPeriph_Driver/src/stm32f4xx_gpio.o
LOAD obj/libs/STM32F4xx_StdPeriph_Driver/src/stm32f4xx_hash.o
LOAD obj/libs/STM32F4xx_StdPeriph_Driver/src/stm32f4xx_hash_md5.o
LOAD obj/libs/STM32F4xx_StdPeriph_Driver/src/stm32f4xx_hash_sha1.o
LOAD obj/libs/STM32F4xx_StdPeriph_Driver/src/stm32f4xx_i2c.o
LOAD obj/libs/STM32F4xx_StdPeriph_Driver/src/stm32f4xx_iwdg.o
LOAD obj/libs/STM32F4xx_StdPeriph_Driver/src/stm32f4xx_pwr.o
LOAD obj/libs/STM32F4xx_StdPeriph_Driver/src/stm32f4xx_rcc.o
LOAD obj/libs/STM32F4xx_StdPeriph_Driver/src/stm32f4xx_rng.o
LOAD obj/libs/STM32F4xx_StdPeriph_Driver/src/stm32f4xx_rtc.o
LOAD obj/libs/STM32F4xx_StdPeriph_Driver/src/stm32f4xx_sdio.o
LOAD obj/libs/STM32F4xx_StdPeriph_Driver/src/stm32f4xx_spi.o
LOAD obj/libs/STM32F4xx_StdPeriph_Driver/src/stm32f4xx_syscfg.o
LOAD obj/libs/STM32F4xx_StdPeriph_Driver/src/stm32f4xx_tim.o
LOAD obj/libs/STM32F4xx_StdPeriph_Driver/src/stm32f4xx_usart.o
LOAD obj/libs/STM32F4xx_StdPeriph_Driver/src/stm32f4xx_wwdg.o
LOAD /usr/lib/gcc/arm-none-eabi/4.8.2/../../../arm-none-eabi/lib/armv7e-m/softfp/libm.a
START GROUP
LOAD /usr/lib/gcc/arm-none-eabi/4.8.2/armv7e-m/softfp/libgcc.a
LOAD /usr/lib/gcc/arm-none-eabi/4.8.2/../../../arm-none-eabi/lib/armv7e-m/softfp/libc.a
END GROUP
LOAD /usr/lib/gcc/arm-none-eabi/4.8.2/armv7e-m/softfp/crtend.o
LOAD /usr/lib/gcc/arm-none-eabi/4.8.2/armv7e-m/softfp/crtn.o
                0x0000000020020000                _estack = 0x20020000
                0x0000000000000000                _Min_Heap_Size = 0x0
                0x0000000000000400                _Min_Stack_Size = 0x400

.isr_vector     0x0000000008000000      0x188
                0x0000000008000000                . = ALIGN (0x4)
 *(.isr_vector)
 .isr_vector    0x0000000008000000      0x188 obj/src/startup_stm32f4xx.o
                0x0000000008000000                g_pfnVectors
                0x0000000008000188                . = ALIGN (0x4)

.text           0x0000000008000188     0x8414
                0x0000000008000188                . = ALIGN (0x4)
 *(.text)
 .text          0x0000000008000188       0xc8 /usr/lib/gcc/arm-none-eabi/4.8.2/armv7e-m/softfp/crtbegin.o
 .text          0x0000000008000250      0x134 /usr/lib/gcc/arm-none-eabi/4.8.2/../../../arm-none-eabi/lib/armv7e-m/softfp/libc.a(lib_a-memcpy.o)
                0x0000000008000250                memcpy
 .text          0x0000000008000384      0x370 /usr/lib/gcc/arm-none-eabi/4.8.2/armv7e-m/softfp/libgcc.a(_arm_addsubdf3.o)
                0x0000000008000384                __aeabi_drsub
                0x000000000800038c                __aeabi_dsub
                0x000000000800038c                __subdf3
                0x0000000008000390                __adddf3
                0x0000000008000390                __aeabi_dadd
                0x0000000008000608                __aeabi_ui2d
                0x0000000008000608                __floatunsidf
                0x0000000008000628                __floatsidf
                0x0000000008000628                __aeabi_i2d
                0x000000000800064c                __extendsfdf2
                0x000000000800064c                __aeabi_f2d
                0x0000000008000688                __aeabi_ul2d
                0x0000000008000688                __floatundidf
                0x0000000008000698                __floatdidf
                0x0000000008000698                __aeabi_l2d
 .text          0x00000000080006f4      0x424 /usr/lib/gcc/arm-none-eabi/4.8.2/armv7e-m/softfp/libgcc.a(_arm_muldivdf3.o)
                0x00000000080006f4                __aeabi_dmul
                0x00000000080006f4                __muldf3
                0x0000000008000948                __aeabi_ddiv
                0x0000000008000948                __divdf3
 .text          0x0000000008000b18      0x110 /usr/lib/gcc/arm-none-eabi/4.8.2/armv7e-m/softfp/libgcc.a(_arm_cmpdf2.o)
                0x0000000008000b18                __gtdf2
                0x0000000008000b18                __gedf2
                0x0000000008000b20                __ltdf2
                0x0000000008000b20                __ledf2
                0x0000000008000b28                __cmpdf2
                0x0000000008000b28                __eqdf2
                0x0000000008000b28                __nedf2
                0x0000000008000ba4                __aeabi_cdrcmple
                0x0000000008000bb4                __aeabi_cdcmple
                0x0000000008000bb4                __aeabi_cdcmpeq
                0x0000000008000bc4                __aeabi_dcmpeq
                0x0000000008000bd8                __aeabi_dcmplt
                0x0000000008000bec                __aeabi_dcmple
                0x0000000008000c00                __aeabi_dcmpge
                0x0000000008000c14                __aeabi_dcmpgt
 .text          0x0000000008000c28       0x50 /usr/lib/gcc/arm-none-eabi/4.8.2/armv7e-m/softfp/libgcc.a(_arm_fixdfsi.o)
                0x0000000008000c28                __fixdfsi
                0x0000000008000c28                __aeabi_d2iz
 .text          0x0000000008000c78       0x2c /usr/lib/gcc/arm-none-eabi/4.8.2/armv7e-m/softfp/libgcc.a(_aeabi_uldivmod.o)
                0x0000000008000c78                __aeabi_uldivmod
 .text          0x0000000008000ca4       0x60 /usr/lib/gcc/arm-none-eabi/4.8.2/armv7e-m/softfp/libgcc.a(bpabi.o)
                0x0000000008000ca4                __gnu_ldivmod_helper
                0x0000000008000cd4                __gnu_uldivmod_helper
 .text          0x0000000008000d04        0x4 /usr/lib/gcc/arm-none-eabi/4.8.2/armv7e-m/softfp/libgcc.a(_dvmd_tls.o)
                0x0000000008000d04                __aeabi_ldiv0
                0x0000000008000d04                __aeabi_idiv0
 .text          0x0000000008000d08      0x2ac /usr/lib/gcc/arm-none-eabi/4.8.2/armv7e-m/softfp/libgcc.a(_divdi3.o)
                0x0000000008000d08                __divdi3
 .text          0x0000000008000fb4      0x27c /usr/lib/gcc/arm-none-eabi/4.8.2/armv7e-m/softfp/libgcc.a(_udivdi3.o)
                0x0000000008000fb4                __udivdi3
 *(.text*)
 .text.get_us_time
                0x0000000008001230       0x50 obj/src/ustime.o
                0x0000000008001230                get_us_time
 .text.delay_us
                0x0000000008001280       0x38 obj/src/ustime.o
                0x0000000008001280                delay_us
 .text.delay_ms
                0x00000000080012b8       0x10 obj/src/ustime.o
                0x00000000080012b8                delay_ms
 .text.init_us_timer
                0x00000000080012c8       0x54 obj/src/ustime.o
                0x00000000080012c8                init_us_timer
 .text.vUSART_command_handler
                0x000000000800131c       0x1c obj/src/main.o
                0x000000000800131c                vUSART_command_handler
 .text.USART1_IRQHandler
                0x0000000008001338      0x14c obj/src/main.o
                0x0000000008001338                USART1_IRQHandler
 .text.USART1_Init
                0x0000000008001484       0xb0 obj/src/main.o
                0x0000000008001484                USART1_Init
 .text.initx    0x0000000008001534       0xdc obj/src/main.o
                0x0000000008001534                initx
 .text.vRTC_Init
                0x0000000008001610       0xc4 obj/src/main.o
                0x0000000008001610                vRTC_Init
 .text.main     0x00000000080016d4      0x17c obj/src/main.o
                0x00000000080016d4                main
 .text.Reset_Handler
                0x0000000008001850       0x58 obj/src/startup_stm32f4xx.o
                0x0000000008001850                Reset_Handler
 .text.Default_Handler
                0x00000000080018a8        0x2 obj/src/startup_stm32f4xx.o
                0x00000000080018a8                RTC_Alarm_IRQHandler
                0x00000000080018a8                HASH_RNG_IRQHandler
                0x00000000080018a8                EXTI2_IRQHandler
                0x00000000080018a8                TIM8_CC_IRQHandler
                0x00000000080018a8                DebugMon_Handler
                0x00000000080018a8                TIM1_CC_IRQHandler
                0x00000000080018a8                DMA2_Stream5_IRQHandler
                0x00000000080018a8                HardFault_Handler
                0x00000000080018a8                DMA1_Stream5_IRQHandler
                0x00000000080018a8                PVD_IRQHandler
                0x00000000080018a8                SDIO_IRQHandler
                0x00000000080018a8                TAMP_STAMP_IRQHandler
                0x00000000080018a8                NMI_Handler
                0x00000000080018a8                CAN2_RX1_IRQHandler
                0x00000000080018a8                EXTI3_IRQHandler
                0x00000000080018a8                TIM8_TRG_COM_TIM14_IRQHandler
                0x00000000080018a8                TIM1_UP_TIM10_IRQHandler
                0x00000000080018a8                TIM8_UP_TIM13_IRQHandler
                0x00000000080018a8                I2C3_ER_IRQHandler
                0x00000000080018a8                EXTI0_IRQHandler
                0x00000000080018a8                I2C2_EV_IRQHandler
                0x00000000080018a8                DMA1_Stream2_IRQHandler
                0x00000000080018a8                CAN1_RX0_IRQHandler
                0x00000000080018a8                FPU_IRQHandler
                0x00000000080018a8                OTG_HS_WKUP_IRQHandler
                0x00000000080018a8                UsageFault_Handler
                0x00000000080018a8                CAN2_SCE_IRQHandler
                0x00000000080018a8                DMA2_Stream2_IRQHandler
                0x00000000080018a8                SPI1_IRQHandler
                0x00000000080018a8                TIM6_DAC_IRQHandler
                0x00000000080018a8                TIM1_BRK_TIM9_IRQHandler
                0x00000000080018a8                DCMI_IRQHandler
                0x00000000080018a8                CAN2_RX0_IRQHandler
                0x00000000080018a8                DMA2_Stream3_IRQHandler
                0x00000000080018a8                USART6_IRQHandler
                0x00000000080018a8                USART3_IRQHandler
                0x00000000080018a8                CRYP_IRQHandler
                0x00000000080018a8                CAN1_RX1_IRQHandler
                0x00000000080018a8                UART5_IRQHandler
                0x00000000080018a8                DMA2_Stream0_IRQHandler
                0x00000000080018a8                TIM4_IRQHandler
                0x00000000080018a8                I2C1_EV_IRQHandler
                0x00000000080018a8                DMA1_Stream6_IRQHandler
                0x00000000080018a8                DMA1_Stream1_IRQHandler
                0x00000000080018a8                UART4_IRQHandler
                0x00000000080018a8                TIM3_IRQHandler
                0x00000000080018a8                RCC_IRQHandler
                0x00000000080018a8                TIM8_BRK_TIM12_IRQHandler
                0x00000000080018a8                Default_Handler
                0x00000000080018a8                EXTI15_10_IRQHandler
                0x00000000080018a8                ADC_IRQHandler
                0x00000000080018a8                DMA1_Stream7_IRQHandler
                0x00000000080018a8                TIM7_IRQHandler
                0x00000000080018a8                CAN2_TX_IRQHandler
                0x00000000080018a8                TIM5_IRQHandler
                0x00000000080018a8                DMA2_Stream7_IRQHandler
                0x00000000080018a8                I2C3_EV_IRQHandler
                0x00000000080018a8                EXTI9_5_IRQHandler
                0x00000000080018a8                RTC_WKUP_IRQHandler
                0x00000000080018a8                ETH_WKUP_IRQHandler
                0x00000000080018a8                SPI2_IRQHandler
                0x00000000080018a8                OTG_HS_EP1_IN_IRQHandler
                0x00000000080018a8                MemManage_Handler
                0x00000000080018a8                DMA1_Stream0_IRQHandler
                0x00000000080018a8                CAN1_TX_IRQHandler
                0x00000000080018a8                EXTI4_IRQHandler
                0x00000000080018a8                FSMC_IRQHandler
                0x00000000080018a8                ETH_IRQHandler
                0x00000000080018a8                OTG_HS_EP1_OUT_IRQHandler
                0x00000000080018a8                WWDG_IRQHandler
                0x00000000080018a8                TIM2_IRQHandler
                0x00000000080018a8                OTG_FS_WKUP_IRQHandler
                0x00000000080018a8                TIM1_TRG_COM_TIM11_IRQHandler
                0x00000000080018a8                OTG_HS_IRQHandler
                0x00000000080018a8                EXTI1_IRQHandler
                0x00000000080018a8                USART2_IRQHandler
                0x00000000080018a8                I2C2_ER_IRQHandler
                0x00000000080018a8                DMA2_Stream1_IRQHandler
                0x00000000080018a8                CAN1_SCE_IRQHandler
                0x00000000080018a8                FLASH_IRQHandler
                0x00000000080018a8                DMA2_Stream4_IRQHandler
                0x00000000080018a8                BusFault_Handler
                0x00000000080018a8                OTG_FS_IRQHandler
                0x00000000080018a8                SPI3_IRQHandler
                0x00000000080018a8                DMA1_Stream4_IRQHandler
                0x00000000080018a8                I2C1_ER_IRQHandler
                0x00000000080018a8                DMA2_Stream6_IRQHandler
                0x00000000080018a8                DMA1_Stream3_IRQHandler
 *fill*         0x00000000080018aa        0x2 
 .text.SystemInit
                0x00000000080018ac       0x90 obj/src/system_stm32f4xx.o
                0x00000000080018ac                SystemInit
 .text.SetSysClock
                0x000000000800193c      0x1d4 obj/src/system_stm32f4xx.o
 .text._sbrk_r  0x0000000008001b10       0x5c obj/src/syscalls.o
                0x0000000008001b10                _sbrk_r
 .text.__malloc_lock
                0x0000000008001b6c        0x8 obj/src/syscalls.o
                0x0000000008001b6c                __malloc_lock
 .text.__malloc_unlock
                0x0000000008001b74        0x8 obj/src/syscalls.o
                0x0000000008001b74                __malloc_unlock
 .text.UDS_Module_Init
                0x0000000008001b7c       0x14 obj/src/module.o
                0x0000000008001b7c                UDS_Module_Init
 .text.UDS_Module_distance
                0x0000000008001b90       0xa0 obj/src/module.o
                0x0000000008001b90                UDS_Module_distance
 .text.USART_rtos_wait_send
                0x0000000008001c30       0x1c obj/src/usart_rtos.o
                0x0000000008001c30                USART_rtos_wait_send
 .text.USART_rtos_init
                0x0000000008001c4c       0x28 obj/src/usart_rtos.o
                0x0000000008001c4c                USART_rtos_init
 .text.USART_put
                0x0000000008001c74       0x24 obj/src/usart_rtos.o
                0x0000000008001c74                USART_put
 .text.USART_puts
                0x0000000008001c98       0x24 obj/src/usart_rtos.o
                0x0000000008001c98                USART_puts
 .text.vUSART_puts
                0x0000000008001cbc       0x5c obj/src/usart_rtos.o
                0x0000000008001cbc                vUSART_puts
 .text.USART_rtos_puts
                0x0000000008001d18       0x74 obj/src/usart_rtos.o
                0x0000000008001d18                USART_rtos_puts
 .text.USART_rtos_sputs
                0x0000000008001d8c       0x34 obj/src/usart_rtos.o
                0x0000000008001d8c                USART_rtos_sputs
 .text.USART_put_int
                0x0000000008001dc0       0x68 obj/src/usart_rtos.o
                0x0000000008001dc0                USART_put_int
 .text.setup_output
                0x0000000008001e28        0xc obj/src/command_parser.o
                0x0000000008001e28                setup_output
 .text.replace_char
                0x0000000008001e34       0x14 obj/src/command_parser.o
                0x0000000008001e34                replace_char
 .text.str_compare
                0x0000000008001e48       0x20 obj/src/command_parser.o
                0x0000000008001e48                str_compare
 .text.find_next_char
                0x0000000008001e68       0x18 obj/src/command_parser.o
                0x0000000008001e68                find_next_char
 .text.str_to_int
                0x0000000008001e80       0x38 obj/src/command_parser.o
                0x0000000008001e80                str_to_int
 .text.command_set_regime_ph
                0x0000000008001eb8      0x168 obj/src/command_parser.o
                0x0000000008001eb8                command_set_regime_ph
 .text.command_set_stage
                0x0000000008002020      0x1b8 obj/src/command_parser.o
                0x0000000008002020                command_set_stage
 .text.command_set
                0x00000000080021d8       0x78 obj/src/command_parser.o
                0x00000000080021d8                command_set
 .text.command_del_regime_ph
                0x0000000008002250       0x64 obj/src/command_parser.o
                0x0000000008002250                command_del_regime_ph
 .text.command_del_stage
                0x00000000080022b4       0x6c obj/src/command_parser.o
                0x00000000080022b4                command_del_stage
 .text.command_del
                0x0000000008002320       0x78 obj/src/command_parser.o
                0x0000000008002320                command_del
 .text.stage_print
                0x0000000008002398       0x44 obj/src/command_parser.o
                0x0000000008002398                stage_print
 .text.regime_ph_print
                0x00000000080023dc       0x38 obj/src/command_parser.o
                0x00000000080023dc                regime_ph_print
 .text.command_get
                0x0000000008002414      0x110 obj/src/command_parser.o
                0x0000000008002414                command_get
 .text.command_routing
                0x0000000008002524       0x94 obj/src/command_parser.o
                0x0000000008002524                command_routing
 .text.prvAllocateTCBAndStack
                0x00000000080025b8       0x38 obj/FreeRTOS/Source/tasks.o
 .text.prvInitialiseTCBVariables
                0x00000000080025f0       0x40 obj/FreeRTOS/Source/tasks.o
 .text.prvInitialiseTaskLists
                0x0000000008002630       0x78 obj/FreeRTOS/Source/tasks.o
 .text.prvAddCurrentTaskToDelayedList
                0x00000000080026a8       0x70 obj/FreeRTOS/Source/tasks.o
 .text.xTaskGenericCreate
                0x0000000008002718      0x144 obj/FreeRTOS/Source/tasks.o
                0x0000000008002718                xTaskGenericCreate
 .text.vTaskDelete
                0x000000000800285c       0x80 obj/FreeRTOS/Source/tasks.o
                0x000000000800285c                vTaskDelete
 .text.vTaskSuspendAll
                0x00000000080028dc       0x10 obj/FreeRTOS/Source/tasks.o
                0x00000000080028dc                vTaskSuspendAll
 .text.vTaskIncrementTick
                0x00000000080028ec      0x12c obj/FreeRTOS/Source/tasks.o
                0x00000000080028ec                vTaskIncrementTick
 .text.xTaskResumeAll
                0x0000000008002a18       0xf4 obj/FreeRTOS/Source/tasks.o
                0x0000000008002a18                xTaskResumeAll
 .text.vTaskSwitchContext
                0x0000000008002b0c       0xb0 obj/FreeRTOS/Source/tasks.o
                0x0000000008002b0c                vTaskSwitchContext
 .text.vTaskPlaceOnEventList
                0x0000000008002bbc       0x48 obj/FreeRTOS/Source/tasks.o
                0x0000000008002bbc                vTaskPlaceOnEventList
 .text.xTaskRemoveFromEventList
                0x0000000008002c04       0x7c obj/FreeRTOS/Source/tasks.o
                0x0000000008002c04                xTaskRemoveFromEventList
 .text.vTaskSetTimeOutState
                0x0000000008002c80       0x1c obj/FreeRTOS/Source/tasks.o
                0x0000000008002c80                vTaskSetTimeOutState
 .text.xTaskCheckForTimeOut
                0x0000000008002c9c       0x74 obj/FreeRTOS/Source/tasks.o
                0x0000000008002c9c                xTaskCheckForTimeOut
 .text.vTaskMissedYield
                0x0000000008002d10       0x10 obj/FreeRTOS/Source/tasks.o
                0x0000000008002d10                vTaskMissedYield
 .text.xTaskGetCurrentTaskHandle
                0x0000000008002d20        0xc obj/FreeRTOS/Source/tasks.o
                0x0000000008002d20                xTaskGetCurrentTaskHandle
 .text.vTaskPriorityInherit
                0x0000000008002d2c       0x94 obj/FreeRTOS/Source/tasks.o
                0x0000000008002d2c                vTaskPriorityInherit
 .text.vTaskPriorityDisinherit
                0x0000000008002dc0       0x50 obj/FreeRTOS/Source/tasks.o
                0x0000000008002dc0                vTaskPriorityDisinherit
 .text.prvIsQueueFull
                0x0000000008002e10       0x1c obj/FreeRTOS/Source/queue.o
 .text.prvIsQueueEmpty
                0x0000000008002e2c       0x1c obj/FreeRTOS/Source/queue.o
 .text.prvCopyDataToQueue
                0x0000000008002e48       0x5c obj/FreeRTOS/Source/queue.o
 .text.prvCopyDataFromQueue
                0x0000000008002ea4       0x24 obj/FreeRTOS/Source/queue.o
 .text.prvUnlockQueue
                0x0000000008002ec8       0x68 obj/FreeRTOS/Source/queue.o
 .text.xQueueGenericSend
                0x0000000008002f30       0xd4 obj/FreeRTOS/Source/queue.o
                0x0000000008002f30                xQueueGenericSend
 .text.xQueueCreateMutex
                0x0000000008003004       0x44 obj/FreeRTOS/Source/queue.o
                0x0000000008003004                xQueueCreateMutex
 .text.xQueueGenericReceive
                0x0000000008003048      0x10c obj/FreeRTOS/Source/queue.o
                0x0000000008003048                xQueueGenericReceive
 .text.vListInitialise
                0x0000000008003154       0x18 obj/FreeRTOS/Source/list.o
                0x0000000008003154                vListInitialise
 .text.vListInitialiseItem
                0x000000000800316c        0x8 obj/FreeRTOS/Source/list.o
                0x000000000800316c                vListInitialiseItem
 .text.vListInsertEnd
                0x0000000008003174       0x1c obj/FreeRTOS/Source/list.o
                0x0000000008003174                vListInsertEnd
 .text.vListInsert
                0x0000000008003190       0x38 obj/FreeRTOS/Source/list.o
                0x0000000008003190                vListInsert
 .text.vListRemove
                0x00000000080031c8       0x24 obj/FreeRTOS/Source/list.o
                0x00000000080031c8                vListRemove
 .text.pxPortInitialiseStack
                0x00000000080031ec       0x24 obj/FreeRTOS/Source/portable/GCC/ARM_CM4F/port.o
                0x00000000080031ec                pxPortInitialiseStack
 .text.SVC_Handler
                0x0000000008003210       0x1c obj/FreeRTOS/Source/portable/GCC/ARM_CM4F/port.o
                0x0000000008003210                SVC_Handler
 .text.vPortYieldFromISR
                0x000000000800322c       0x10 obj/FreeRTOS/Source/portable/GCC/ARM_CM4F/port.o
                0x000000000800322c                vPortYieldFromISR
 .text.vPortEnterCritical
                0x000000000800323c       0x18 obj/FreeRTOS/Source/portable/GCC/ARM_CM4F/port.o
                0x000000000800323c                vPortEnterCritical
 .text.vPortExitCritical
                0x0000000008003254       0x1c obj/FreeRTOS/Source/portable/GCC/ARM_CM4F/port.o
                0x0000000008003254                vPortExitCritical
 .text.PendSV_Handler
                0x0000000008003270       0x50 obj/FreeRTOS/Source/portable/GCC/ARM_CM4F/port.o
                0x0000000008003270                PendSV_Handler
 .text.SysTick_Handler
                0x00000000080032c0       0x28 obj/FreeRTOS/Source/portable/GCC/ARM_CM4F/port.o
                0x00000000080032c0                SysTick_Handler
 .text.NVIC_Init
                0x00000000080032e8       0xcc obj/libs/STM32F4xx_StdPeriph_Driver/src/misc.o
                0x00000000080032e8                NVIC_Init
 .text.GPIO_Init
                0x00000000080033b4      0x11c obj/libs/STM32F4xx_StdPeriph_Driver/src/stm32f4xx_gpio.o
                0x00000000080033b4                GPIO_Init
 .text.GPIO_ReadInputDataBit
                0x00000000080034d0       0x34 obj/libs/STM32F4xx_StdPeriph_Driver/src/stm32f4xx_gpio.o
                0x00000000080034d0                GPIO_ReadInputDataBit
 .text.GPIO_SetBits
                0x0000000008003504       0x1c obj/libs/STM32F4xx_StdPeriph_Driver/src/stm32f4xx_gpio.o
                0x0000000008003504                GPIO_SetBits
 .text.GPIO_ResetBits
                0x0000000008003520       0x1c obj/libs/STM32F4xx_StdPeriph_Driver/src/stm32f4xx_gpio.o
                0x0000000008003520                GPIO_ResetBits
 .text.GPIO_PinAFConfig
                0x000000000800353c       0x8c obj/libs/STM32F4xx_StdPeriph_Driver/src/stm32f4xx_gpio.o
                0x000000000800353c                GPIO_PinAFConfig
 .text.PWR_BackupAccessCmd
                0x00000000080035c8       0x20 obj/libs/STM32F4xx_StdPeriph_Driver/src/stm32f4xx_pwr.o
                0x00000000080035c8                PWR_BackupAccessCmd
 .text.RCC_LSICmd
                0x00000000080035e8       0x20 obj/libs/STM32F4xx_StdPeriph_Driver/src/stm32f4xx_rcc.o
                0x00000000080035e8                RCC_LSICmd
 .text.RCC_GetClocksFreq
                0x0000000008003608      0x1a8 obj/libs/STM32F4xx_StdPeriph_Driver/src/stm32f4xx_rcc.o
                0x0000000008003608                RCC_GetClocksFreq
 .text.RCC_RTCCLKConfig
                0x00000000080037b0       0x70 obj/libs/STM32F4xx_StdPeriph_Driver/src/stm32f4xx_rcc.o
                0x00000000080037b0                RCC_RTCCLKConfig
 .text.RCC_RTCCLKCmd
                0x0000000008003820       0x20 obj/libs/STM32F4xx_StdPeriph_Driver/src/stm32f4xx_rcc.o
                0x0000000008003820                RCC_RTCCLKCmd
 .text.RCC_AHB1PeriphClockCmd
                0x0000000008003840       0x50 obj/libs/STM32F4xx_StdPeriph_Driver/src/stm32f4xx_rcc.o
                0x0000000008003840                RCC_AHB1PeriphClockCmd
 .text.RCC_APB1PeriphClockCmd
                0x0000000008003890       0x50 obj/libs/STM32F4xx_StdPeriph_Driver/src/stm32f4xx_rcc.o
                0x0000000008003890                RCC_APB1PeriphClockCmd
 .text.RCC_APB2PeriphClockCmd
                0x00000000080038e0       0x50 obj/libs/STM32F4xx_StdPeriph_Driver/src/stm32f4xx_rcc.o
                0x00000000080038e0                RCC_APB2PeriphClockCmd
 .text.RCC_GetFlagStatus
                0x0000000008003930       0x84 obj/libs/STM32F4xx_StdPeriph_Driver/src/stm32f4xx_rcc.o
                0x0000000008003930                RCC_GetFlagStatus
 .text.RTC_Init
                0x00000000080039b4       0xb0 obj/libs/STM32F4xx_StdPeriph_Driver/src/stm32f4xx_rtc.o
                0x00000000080039b4                RTC_Init
 .text.RTC_WriteProtectionCmd
                0x0000000008003a64       0x40 obj/libs/STM32F4xx_StdPeriph_Driver/src/stm32f4xx_rtc.o
                0x0000000008003a64                RTC_WriteProtectionCmd
 .text.RTC_EnterInitMode
                0x0000000008003aa4       0x88 obj/libs/STM32F4xx_StdPeriph_Driver/src/stm32f4xx_rtc.o
                0x0000000008003aa4                RTC_EnterInitMode
 .text.RTC_ExitInitMode
                0x0000000008003b2c       0x24 obj/libs/STM32F4xx_StdPeriph_Driver/src/stm32f4xx_rtc.o
                0x0000000008003b2c                RTC_ExitInitMode
 .text.RTC_WaitForSynchro
                0x0000000008003b50       0x9c obj/libs/STM32F4xx_StdPeriph_Driver/src/stm32f4xx_rtc.o
                0x0000000008003b50                RTC_WaitForSynchro
 .text.RTC_SetTime
                0x0000000008003bec      0x124 obj/libs/STM32F4xx_StdPeriph_Driver/src/stm32f4xx_rtc.o
                0x0000000008003bec                RTC_SetTime
 .text.RTC_SetDate
                0x0000000008003d10      0x120 obj/libs/STM32F4xx_StdPeriph_Driver/src/stm32f4xx_rtc.o
                0x0000000008003d10                RTC_SetDate
 .text.RTC_WriteBackupRegister
                0x0000000008003e30       0x34 obj/libs/STM32F4xx_StdPeriph_Driver/src/stm32f4xx_rtc.o
                0x0000000008003e30                RTC_WriteBackupRegister
 .text.RTC_ReadBackupRegister
                0x0000000008003e64       0x30 obj/libs/STM32F4xx_StdPeriph_Driver/src/stm32f4xx_rtc.o
                0x0000000008003e64                RTC_ReadBackupRegister
 .text.RTC_ByteToBcd2
                0x0000000008003e94       0x3c obj/libs/STM32F4xx_StdPeriph_Driver/src/stm32f4xx_rtc.o
 .text.RTC_Bcd2ToByte
                0x0000000008003ed0       0x38 obj/libs/STM32F4xx_StdPeriph_Driver/src/stm32f4xx_rtc.o
 .text.TIM_Cmd  0x0000000008003f08       0x40 obj/libs/STM32F4xx_StdPeriph_Driver/src/stm32f4xx_tim.o
                0x0000000008003f08                TIM_Cmd
 .text.USART_Init
                0x0000000008003f48      0x188 obj/libs/STM32F4xx_StdPeriph_Driver/src/stm32f4xx_usart.o
                0x0000000008003f48                USART_Init
 .text.USART_Cmd
                0x00000000080040d0       0x40 obj/libs/STM32F4xx_StdPeriph_Driver/src/stm32f4xx_usart.o
                0x00000000080040d0                USART_Cmd
 .text.USART_SendData
                0x0000000008004110       0x24 obj/libs/STM32F4xx_StdPeriph_Driver/src/stm32f4xx_usart.o
                0x0000000008004110                USART_SendData
 .text.USART_ITConfig
                0x0000000008004134       0x90 obj/libs/STM32F4xx_StdPeriph_Driver/src/stm32f4xx_usart.o
                0x0000000008004134                USART_ITConfig
 .text.USART_GetITStatus
                0x00000000080041c4       0xb0 obj/libs/STM32F4xx_StdPeriph_Driver/src/stm32f4xx_usart.o
                0x00000000080041c4                USART_GetITStatus
 .text.atexit   0x0000000008004274        0xc /usr/lib/gcc/arm-none-eabi/4.8.2/../../../arm-none-eabi/lib/armv7e-m/softfp/libc.a(lib_a-atexit.o)
                0x0000000008004274                atexit
 .text.__libc_fini_array
                0x0000000008004280       0x34 /usr/lib/gcc/arm-none-eabi/4.8.2/../../../arm-none-eabi/lib/armv7e-m/softfp/libc.a(lib_a-fini.o)
                0x0000000008004280                __libc_fini_array
 .text.__libc_init_array
                0x00000000080042b4       0x5c /usr/lib/gcc/arm-none-eabi/4.8.2/../../../arm-none-eabi/lib/armv7e-m/softfp/libc.a(lib_a-init.o)
                0x00000000080042b4                __libc_init_array
 .text.malloc   0x0000000008004310       0x10 /usr/lib/gcc/arm-none-eabi/4.8.2/../../../arm-none-eabi/lib/armv7e-m/softfp/libc.a(lib_a-malloc.o)
                0x0000000008004310                malloc
 .text.free     0x0000000008004320       0x10 /usr/lib/gcc/arm-none-eabi/4.8.2/../../../arm-none-eabi/lib/armv7e-m/softfp/libc.a(lib_a-malloc.o)
                0x0000000008004320                free
 .text._malloc_r
                0x0000000008004330      0x564 /usr/lib/gcc/arm-none-eabi/4.8.2/../../../arm-none-eabi/lib/armv7e-m/softfp/libc.a(lib_a-mallocr.o)
                0x0000000008004330                _malloc_r
 .text.memset   0x0000000008004894       0x94 /usr/lib/gcc/arm-none-eabi/4.8.2/../../../arm-none-eabi/lib/armv7e-m/softfp/libc.a(lib_a-memset.o)
                0x0000000008004894                memset
 .text.strlen   0x0000000008004928       0x60 /usr/lib/gcc/arm-none-eabi/4.8.2/../../../arm-none-eabi/lib/armv7e-m/softfp/libc.a(lib_a-strlen.o)
                0x0000000008004928                strlen
 .text.strncpy  0x0000000008004988       0x68 /usr/lib/gcc/arm-none-eabi/4.8.2/../../../arm-none-eabi/lib/armv7e-m/softfp/libc.a(lib_a-strncpy.o)
                0x0000000008004988                strncpy
 .text._svfprintf_r
                0x00000000080049f0     0x14d8 /usr/lib/gcc/arm-none-eabi/4.8.2/../../../arm-none-eabi/lib/armv7e-m/softfp/libc.a(lib_a-svfprintf.o)
                0x00000000080049f0                _svfprintf_r
 .text._vsprintf_r
                0x0000000008005ec8       0x34 /usr/lib/gcc/arm-none-eabi/4.8.2/../../../arm-none-eabi/lib/armv7e-m/softfp/libc.a(lib_a-vsprintf.o)
                0x0000000008005ec8                _vsprintf_r
 .text.vsprintf
                0x0000000008005efc       0x1c /usr/lib/gcc/arm-none-eabi/4.8.2/../../../arm-none-eabi/lib/armv7e-m/softfp/libc.a(lib_a-vsprintf.o)
                0x0000000008005efc                vsprintf
 .text.__register_exitproc
                0x0000000008005f18       0xac /usr/lib/gcc/arm-none-eabi/4.8.2/../../../arm-none-eabi/lib/armv7e-m/softfp/libc.a(lib_a-__atexit.o)
                0x0000000008005f18                __register_exitproc
 .text.startup.register_fini
                0x0000000008005fc4       0x18 /usr/lib/gcc/arm-none-eabi/4.8.2/../../../arm-none-eabi/lib/armv7e-m/softfp/libc.a(lib_a-__call_atexit.o)
 .text.quorem   0x0000000008005fdc      0x12c /usr/lib/gcc/arm-none-eabi/4.8.2/../../../arm-none-eabi/lib/armv7e-m/softfp/libc.a(lib_a-dtoa.o)
 .text._dtoa_r  0x0000000008006108      0xf58 /usr/lib/gcc/arm-none-eabi/4.8.2/../../../arm-none-eabi/lib/armv7e-m/softfp/libc.a(lib_a-dtoa.o)
                0x0000000008006108                _dtoa_r
 .text._malloc_trim_r
                0x0000000008007060       0xa4 /usr/lib/gcc/arm-none-eabi/4.8.2/../../../arm-none-eabi/lib/armv7e-m/softfp/libc.a(lib_a-freer.o)
                0x0000000008007060                _malloc_trim_r
 .text._free_r  0x0000000008007104      0x19c /usr/lib/gcc/arm-none-eabi/4.8.2/../../../arm-none-eabi/lib/armv7e-m/softfp/libc.a(lib_a-freer.o)
                0x0000000008007104                _free_r
 .text._localeconv_r
                0x00000000080072a0        0xc /usr/lib/gcc/arm-none-eabi/4.8.2/../../../arm-none-eabi/lib/armv7e-m/softfp/libc.a(lib_a-locale.o)
                0x00000000080072a0                _localeconv_r
 .text.memchr   0x00000000080072ac       0x90 /usr/lib/gcc/arm-none-eabi/4.8.2/../../../arm-none-eabi/lib/armv7e-m/softfp/libc.a(lib_a-memchr-stub.o)
                0x00000000080072ac                memchr
 .text._Balloc  0x000000000800733c       0x4c /usr/lib/gcc/arm-none-eabi/4.8.2/../../../arm-none-eabi/lib/armv7e-m/softfp/libc.a(lib_a-mprec.o)
                0x000000000800733c                _Balloc
 .text._Bfree   0x0000000008007388       0x14 /usr/lib/gcc/arm-none-eabi/4.8.2/../../../arm-none-eabi/lib/armv7e-m/softfp/libc.a(lib_a-mprec.o)
                0x0000000008007388                _Bfree
 .text.__multadd
                0x000000000800739c       0x98 /usr/lib/gcc/arm-none-eabi/4.8.2/../../../arm-none-eabi/lib/armv7e-m/softfp/libc.a(lib_a-mprec.o)
                0x000000000800739c                __multadd
 .text.__hi0bits
                0x0000000008007434       0x3c /usr/lib/gcc/arm-none-eabi/4.8.2/../../../arm-none-eabi/lib/armv7e-m/softfp/libc.a(lib_a-mprec.o)
                0x0000000008007434                __hi0bits
 .text.__lo0bits
                0x0000000008007470       0x5c /usr/lib/gcc/arm-none-eabi/4.8.2/../../../arm-none-eabi/lib/armv7e-m/softfp/libc.a(lib_a-mprec.o)
                0x0000000008007470                __lo0bits
 .text.__i2b    0x00000000080074cc       0x14 /usr/lib/gcc/arm-none-eabi/4.8.2/../../../arm-none-eabi/lib/armv7e-m/softfp/libc.a(lib_a-mprec.o)
                0x00000000080074cc                __i2b
 .text.__multiply
                0x00000000080074e0      0x154 /usr/lib/gcc/arm-none-eabi/4.8.2/../../../arm-none-eabi/lib/armv7e-m/softfp/libc.a(lib_a-mprec.o)
                0x00000000080074e0                __multiply
 .text.__pow5mult
                0x0000000008007634       0xa0 /usr/lib/gcc/arm-none-eabi/4.8.2/../../../arm-none-eabi/lib/armv7e-m/softfp/libc.a(lib_a-mprec.o)
                0x0000000008007634                __pow5mult
 .text.__lshift
                0x00000000080076d4       0xbc /usr/lib/gcc/arm-none-eabi/4.8.2/../../../arm-none-eabi/lib/armv7e-m/softfp/libc.a(lib_a-mprec.o)
                0x00000000080076d4                __lshift
 .text.__mcmp   0x0000000008007790       0x44 /usr/lib/gcc/arm-none-eabi/4.8.2/../../../arm-none-eabi/lib/armv7e-m/softfp/libc.a(lib_a-mprec.o)
                0x0000000008007790                __mcmp
 .text.__mdiff  0x00000000080077d4       0xd4 /usr/lib/gcc/arm-none-eabi/4.8.2/../../../arm-none-eabi/lib/armv7e-m/softfp/libc.a(lib_a-mprec.o)
                0x00000000080077d4                __mdiff
 .text.__d2b    0x00000000080078a8       0xbc /usr/lib/gcc/arm-none-eabi/4.8.2/../../../arm-none-eabi/lib/armv7e-m/softfp/libc.a(lib_a-mprec.o)
                0x00000000080078a8                __d2b
 .text.__fpclassifyd
                0x0000000008007964       0x50 /usr/lib/gcc/arm-none-eabi/4.8.2/../../../arm-none-eabi/lib/armv7e-m/softfp/libc.a(lib_a-s_fpclassify.o)
                0x0000000008007964                __fpclassifyd
 .text.__ssprint_r
                0x00000000080079b4      0x100 /usr/lib/gcc/arm-none-eabi/4.8.2/../../../arm-none-eabi/lib/armv7e-m/softfp/libc.a(lib_a-svfiprintf.o)
                0x00000000080079b4                __ssprint_r
 .text._calloc_r
                0x0000000008007ab4       0x60 /usr/lib/gcc/arm-none-eabi/4.8.2/../../../arm-none-eabi/lib/armv7e-m/softfp/libc.a(lib_a-callocr.o)
                0x0000000008007ab4                _calloc_r
 .text.memmove  0x0000000008007b14       0xc4 /usr/lib/gcc/arm-none-eabi/4.8.2/../../../arm-none-eabi/lib/armv7e-m/softfp/libc.a(lib_a-memmove.o)
                0x0000000008007b14                memmove
 .text._realloc_r
                0x0000000008007bd8      0x3e0 /usr/lib/gcc/arm-none-eabi/4.8.2/../../../arm-none-eabi/lib/armv7e-m/softfp/libc.a(lib_a-reallocr.o)
                0x0000000008007bd8                _realloc_r
 *(.rodata)
 *(.rodata*)
 .rodata.str1.4
                0x0000000008007fb8      0x173 obj/src/main.o
                                        0x178 (size before relaxing)
 *fill*         0x000000000800812b        0x1 
 .rodata.str1.4
                0x000000000800812c       0x46 obj/src/usart_rtos.o
                                         0x4c (size before relaxing)
 *fill*         0x0000000008008172        0x2 
 .rodata.str1.4
                0x0000000008008174      0x289 obj/src/command_parser.o
                                        0x28c (size before relaxing)
 *fill*         0x00000000080083fd        0x3 
 .rodata.str1.4
                0x0000000008008400        0x2 /usr/lib/gcc/arm-none-eabi/4.8.2/../../../arm-none-eabi/lib/armv7e-m/softfp/libc.a(lib_a-impure.o)
                                          0x4 (size before relaxing)
 *fill*         0x0000000008008402        0x2 
 .rodata._global_impure_ptr
                0x0000000008008404        0x4 /usr/lib/gcc/arm-none-eabi/4.8.2/../../../arm-none-eabi/lib/armv7e-m/softfp/libc.a(lib_a-impure.o)
                0x0000000008008404                _global_impure_ptr
 .rodata.zeroes.6760
                0x0000000008008408       0x10 /usr/lib/gcc/arm-none-eabi/4.8.2/../../../arm-none-eabi/lib/armv7e-m/softfp/libc.a(lib_a-svfprintf.o)
 .rodata.str1.4
                0x0000000008008418       0x42 /usr/lib/gcc/arm-none-eabi/4.8.2/../../../arm-none-eabi/lib/armv7e-m/softfp/libc.a(lib_a-svfprintf.o)
                                         0x44 (size before relaxing)
 *fill*         0x000000000800845a        0x2 
 .rodata.blanks.6759
                0x000000000800845c       0x10 /usr/lib/gcc/arm-none-eabi/4.8.2/../../../arm-none-eabi/lib/armv7e-m/softfp/libc.a(lib_a-svfprintf.o)
 .rodata.str1.4
                0x000000000800846c       0x10 /usr/lib/gcc/arm-none-eabi/4.8.2/../../../arm-none-eabi/lib/armv7e-m/softfp/libc.a(lib_a-dtoa.o)
                                         0x14 (size before relaxing)
 .rodata.str1.4
                0x000000000800847c        0x8 /usr/lib/gcc/arm-none-eabi/4.8.2/../../../arm-none-eabi/lib/armv7e-m/softfp/libc.a(lib_a-locale.o)
                                         0x14 (size before relaxing)
 *fill*         0x0000000008008484        0x4 
 .rodata.__mprec_tens
                0x0000000008008488       0xc8 /usr/lib/gcc/arm-none-eabi/4.8.2/../../../arm-none-eabi/lib/armv7e-m/softfp/libc.a(lib_a-mprec.o)
                0x0000000008008488                __mprec_tens
 .rodata.__mprec_bigtens
                0x0000000008008550       0x28 /usr/lib/gcc/arm-none-eabi/4.8.2/../../../arm-none-eabi/lib/armv7e-m/softfp/libc.a(lib_a-mprec.o)
                0x0000000008008550                __mprec_bigtens
 .rodata.p05.5266
                0x0000000008008578        0xc /usr/lib/gcc/arm-none-eabi/4.8.2/../../../arm-none-eabi/lib/armv7e-m/softfp/libc.a(lib_a-mprec.o)
 *(.glue_7)
 .glue_7        0x0000000000000000        0x0 linker stubs
 *(.glue_7t)
 .glue_7t       0x0000000000000000        0x0 linker stubs
 *(.eh_frame)
 .eh_frame      0x0000000008008584        0x0 /usr/lib/gcc/arm-none-eabi/4.8.2/armv7e-m/softfp/crtbegin.o
 *(.init)
 .init          0x0000000008008584        0x4 /usr/lib/gcc/arm-none-eabi/4.8.2/armv7e-m/softfp/crti.o
                0x0000000008008584                _init
 .init          0x0000000008008588        0x8 /usr/lib/gcc/arm-none-eabi/4.8.2/armv7e-m/softfp/crtn.o
 *(.fini)
 .fini          0x0000000008008590        0x4 /usr/lib/gcc/arm-none-eabi/4.8.2/armv7e-m/softfp/crti.o
                0x0000000008008590                _fini
 .fini          0x0000000008008594        0x8 /usr/lib/gcc/arm-none-eabi/4.8.2/armv7e-m/softfp/crtn.o
                0x000000000800859c                . = ALIGN (0x4)
                0x000000000800859c                _etext = .

.vfp11_veneer   0x000000000800859c        0x0
 .vfp11_veneer  0x0000000000000000        0x0 linker stubs

.v4_bx          0x000000000800859c        0x0
 .v4_bx         0x0000000000000000        0x0 linker stubs

.iplt           0x000000000800859c        0x0
 .iplt          0x0000000000000000        0x0 /usr/lib/gcc/arm-none-eabi/4.8.2/armv7e-m/softfp/crtbegin.o

.ARM.extab
 *(.ARM.extab* .gnu.linkonce.armextab.*)

.ARM            0x000000000800859c        0x8
                0x000000000800859c                __exidx_start = .
 *(.ARM.exidx*)
 .ARM.exidx     0x000000000800859c        0x8 /usr/lib/gcc/arm-none-eabi/4.8.2/armv7e-m/softfp/libgcc.a(_divdi3.o)
 .ARM.exidx     0x00000000080085a4        0x0 /usr/lib/gcc/arm-none-eabi/4.8.2/armv7e-m/softfp/libgcc.a(_udivdi3.o)
                                          0x8 (size before relaxing)
                0x00000000080085a4                __exidx_end = .

.rel.dyn        0x00000000080085a4        0x0
 .rel.iplt      0x0000000000000000        0x0 /usr/lib/gcc/arm-none-eabi/4.8.2/armv7e-m/softfp/crtbegin.o

.preinit_array  0x00000000080085a4        0x0
                0x00000000080085a4                PROVIDE (__preinit_array_start, .)
 *(.preinit_array*)
                0x00000000080085a4                PROVIDE (__preinit_array_end, .)

.init_array     0x00000000080085a4        0x8
                0x00000000080085a4                PROVIDE (__init_array_start, .)
 *(SORT(.init_array.*))
 .init_array.00000
                0x00000000080085a4        0x4 /usr/lib/gcc/arm-none-eabi/4.8.2/../../../arm-none-eabi/lib/armv7e-m/softfp/libc.a(lib_a-__call_atexit.o)
 *(.init_array*)
 .init_array    0x00000000080085a8        0x4 /usr/lib/gcc/arm-none-eabi/4.8.2/armv7e-m/softfp/crtbegin.o
                0x00000000080085ac                PROVIDE (__init_array_end, .)

.fini_array     0x00000000080085ac        0x4
                0x00000000080085ac                PROVIDE (__fini_array_start, .)
 *(.fini_array*)
 .fini_array    0x00000000080085ac        0x4 /usr/lib/gcc/arm-none-eabi/4.8.2/armv7e-m/softfp/crtbegin.o
 *(SORT(.fini_array.*))
                0x00000000080085b0                PROVIDE (__fini_array_end, .)
                0x00000000080085b0                _sidata = .

.data           0x0000000020000000      0x8e4 load address 0x00000000080085b0
                0x0000000020000000                . = ALIGN (0x4)
                0x0000000020000000                _sdata = .
 *(.data)
 *(.data*)
 .data.__malloc_margin
                0x0000000020000000        0x4 obj/src/syscalls.o
                0x0000000020000000                __malloc_margin
 .data.REGIME_PH
                0x0000000020000004       0x50 obj/src/command_parser.o
                0x0000000020000004                REGIME_PH
 .data.xNextTaskUnblockTime
                0x0000000020000054        0x4 obj/FreeRTOS/Source/tasks.o
 .data.uxCriticalNesting
                0x0000000020000058        0x4 obj/FreeRTOS/Source/portable/GCC/ARM_CM4F/port.o
 .data.APBAHBPrescTable
                0x000000002000005c       0x10 obj/libs/STM32F4xx_StdPeriph_Driver/src/stm32f4xx_rcc.o
 *fill*         0x000000002000006c        0x4 
 .data.impure_data
                0x0000000020000070      0x428 /usr/lib/gcc/arm-none-eabi/4.8.2/../../../arm-none-eabi/lib/armv7e-m/softfp/libc.a(lib_a-impure.o)
 .data._impure_ptr
                0x0000000020000498        0x4 /usr/lib/gcc/arm-none-eabi/4.8.2/../../../arm-none-eabi/lib/armv7e-m/softfp/libc.a(lib_a-impure.o)
                0x0000000020000498                _impure_ptr
 .data.__malloc_av_
                0x000000002000049c      0x408 /usr/lib/gcc/arm-none-eabi/4.8.2/../../../arm-none-eabi/lib/armv7e-m/softfp/libc.a(lib_a-mallocr.o)
                0x000000002000049c                __malloc_av_
 .data.__malloc_trim_threshold
                0x00000000200008a4        0x4 /usr/lib/gcc/arm-none-eabi/4.8.2/../../../arm-none-eabi/lib/armv7e-m/softfp/libc.a(lib_a-mallocr.o)
                0x00000000200008a4                __malloc_trim_threshold
 .data.__malloc_sbrk_base
                0x00000000200008a8        0x4 /usr/lib/gcc/arm-none-eabi/4.8.2/../../../arm-none-eabi/lib/armv7e-m/softfp/libc.a(lib_a-mallocr.o)
                0x00000000200008a8                __malloc_sbrk_base
 .data.lconv    0x00000000200008ac       0x38 /usr/lib/gcc/arm-none-eabi/4.8.2/../../../arm-none-eabi/lib/armv7e-m/softfp/libc.a(lib_a-locale.o)
                0x00000000200008e4                . = ALIGN (0x4)
                0x00000000200008e4                _edata = .

.jcr            0x00000000200008e4        0x0 load address 0x0000000008008e94
 .jcr           0x00000000200008e4        0x0 /usr/lib/gcc/arm-none-eabi/4.8.2/armv7e-m/softfp/crtbegin.o

.tm_clone_table
                0x00000000200008e4        0x0 load address 0x0000000008008e94
 .tm_clone_table
                0x00000000200008e4        0x0 /usr/lib/gcc/arm-none-eabi/4.8.2/armv7e-m/softfp/crtbegin.o
 .tm_clone_table
                0x00000000200008e4        0x0 /usr/lib/gcc/arm-none-eabi/4.8.2/armv7e-m/softfp/crtend.o

.igot.plt       0x00000000200008e4        0x0 load address 0x0000000008008e94
 .igot.plt      0x0000000000000000        0x0 /usr/lib/gcc/arm-none-eabi/4.8.2/armv7e-m/softfp/crtbegin.o
                0x00000000200008e4                . = ALIGN (0x4)

.bss            0x00000000200008e8      0x5f0 load address 0x0000000008008e94
                0x00000000200008e8                _sbss = .
                0x00000000200008e8                __bss_start__ = _sbss
 *(.bss)
 .bss           0x00000000200008e8       0x1c /usr/lib/gcc/arm-none-eabi/4.8.2/armv7e-m/softfp/crtbegin.o
 *(.bss*)
 .bss.t0.7354   0x0000000020000904        0x2 obj/src/ustime.o
 *fill*         0x0000000020000906        0x2 
 .bss.tickcount.7355
                0x0000000020000908        0x8 obj/src/ustime.o
 .bss.count.9746
                0x0000000020000910        0x4 obj/src/main.o
 .bss.uxTopReadyPriority
                0x0000000020000914        0x4 obj/FreeRTOS/Source/tasks.o
 .bss.uxTasksDeleted
                0x0000000020000918        0x4 obj/FreeRTOS/Source/tasks.o
 .bss.uxCurrentNumberOfTasks
                0x000000002000091c        0x4 obj/FreeRTOS/Source/tasks.o
 .bss.pxReadyTasksLists
                0x0000000020000920       0x64 obj/FreeRTOS/Source/tasks.o
 .bss.pxOverflowDelayedTaskList
                0x0000000020000984        0x4 obj/FreeRTOS/Source/tasks.o
 .bss.xTasksWaitingTermination
                0x0000000020000988       0x14 obj/FreeRTOS/Source/tasks.o
 .bss.pxDelayedTaskList
                0x000000002000099c        0x4 obj/FreeRTOS/Source/tasks.o
 .bss.xPendingReadyList
                0x00000000200009a0       0x14 obj/FreeRTOS/Source/tasks.o
 .bss.xSchedulerRunning
                0x00000000200009b4        0x4 obj/FreeRTOS/Source/tasks.o
 .bss.ulTaskSwitchedInTime
                0x00000000200009b8        0x4 obj/FreeRTOS/Source/tasks.o
 .bss.xMissedYield
                0x00000000200009bc        0x4 obj/FreeRTOS/Source/tasks.o
 .bss.pxCurrentTCB
                0x00000000200009c0        0x4 obj/FreeRTOS/Source/tasks.o
                0x00000000200009c0                pxCurrentTCB
 .bss.xSuspendedTaskList
                0x00000000200009c4       0x14 obj/FreeRTOS/Source/tasks.o
 .bss.xDelayedTaskList1
                0x00000000200009d8       0x14 obj/FreeRTOS/Source/tasks.o
 .bss.xDelayedTaskList2
                0x00000000200009ec       0x14 obj/FreeRTOS/Source/tasks.o
 .bss.uxTaskNumber
                0x0000000020000a00        0x4 obj/FreeRTOS/Source/tasks.o
 .bss.uxSchedulerSuspended
                0x0000000020000a04        0x4 obj/FreeRTOS/Source/tasks.o
 .bss.uxMissedTicks
                0x0000000020000a08        0x4 obj/FreeRTOS/Source/tasks.o
 .bss.xNumOfOverflows
                0x0000000020000a0c        0x4 obj/FreeRTOS/Source/tasks.o
 .bss.xTickCount
                0x0000000020000a10        0x4 obj/FreeRTOS/Source/tasks.o
 .bss.uxTopUsedPriority
                0x0000000020000a14        0x4 obj/FreeRTOS/Source/tasks.o
 .bss.__malloc_max_total_mem
                0x0000000020000a18        0x4 /usr/lib/gcc/arm-none-eabi/4.8.2/../../../arm-none-eabi/lib/armv7e-m/softfp/libc.a(lib_a-mallocr.o)
                0x0000000020000a18                __malloc_max_total_mem
 .bss.__malloc_max_sbrked_mem
                0x0000000020000a1c        0x4 /usr/lib/gcc/arm-none-eabi/4.8.2/../../../arm-none-eabi/lib/armv7e-m/softfp/libc.a(lib_a-mallocr.o)
                0x0000000020000a1c                __malloc_max_sbrked_mem
 .bss.__malloc_top_pad
                0x0000000020000a20        0x4 /usr/lib/gcc/arm-none-eabi/4.8.2/../../../arm-none-eabi/lib/armv7e-m/softfp/libc.a(lib_a-mallocr.o)
                0x0000000020000a20                __malloc_top_pad
 .bss.__malloc_current_mallinfo
                0x0000000020000a24       0x28 /usr/lib/gcc/arm-none-eabi/4.8.2/../../../arm-none-eabi/lib/armv7e-m/softfp/libc.a(lib_a-mallocr.o)
                0x0000000020000a24                __malloc_current_mallinfo
 *(COMMON)
 COMMON         0x0000000020000a4c      0x394 obj/src/main.o
                0x0000000020000a4c                lighting
                0x0000000020000a68                AC
                0x0000000020000ab4                USART2_rtos
                0x0000000020000bfc                hydroponics
                0x0000000020000c98                USART1_rtos
 COMMON         0x0000000020000de0        0x4 obj/src/syscalls.o
                0x0000000020000de0                __brkval
 COMMON         0x0000000020000de4       0xf4 obj/src/command_parser.o
                0x0000000020000de4                USARTOutput_rtos
                0x0000000020000de8                stages
                0x0000000020000ed8                . = ALIGN (0x4)
                0x0000000020000ed8                _ebss = .
                0x0000000020000ed8                __bss_end__ = _ebss

._user_heap_stack
                0x0000000020000ed8      0x400 load address 0x0000000008008e94
                0x0000000020000ed8                . = ALIGN (0x4)
                0x0000000020000ed8                PROVIDE (end, .)
                0x0000000020000ed8                PROVIDE (_end, .)
                0x0000000020000ed8                . = (. + _Min_Heap_Size)
                0x00000000200012d8                . = (. + _Min_Stack_Size)
 *fill*         0x0000000020000ed8      0x400 
                0x00000000200012d8                . = ALIGN (0x4)

.memory_b1_text
 *(.mb1text)
 *(.mb1text*)
 *(.mb1rodata)
 *(.mb1rodata*)

/DISCARD/
 libc.a(*)
 libm.a(*)
 libgcc.a(*)

.ARM.attributes
                0x0000000000000000       0x2e
 *(.ARM.attributes)
 .ARM.attributes
                0x0000000000000000       0x22 /usr/lib/gcc/arm-none-eabi/4.8.2/armv7e-m/softfp/crti.o
 .ARM.attributes
                0x0000000000000022       0x32 /usr/lib/gcc/arm-none-eabi/4.8.2/armv7e-m/softfp/crtbegin.o
 .ARM.attributes
                0x0000000000000054       0x37 obj/src/ustime.o
 .ARM.attributes
                0x000000000000008b       0x37 obj/src/main.o
 .ARM.attributes
                0x00000000000000c2       0x21 obj/src/startup_stm32f4xx.o
 .ARM.attributes
                0x00000000000000e3       0x37 obj/src/system_stm32f4xx.o
 .ARM.attributes
                0x000000000000011a       0x37 obj/src/syscalls.o
 .ARM.attributes
                0x0000000000000151       0x37 obj/src/module.o
 .ARM.attributes
                0x0000000000000188       0x37 obj/src/usart_rtos.o
 .ARM.attributes
                0x00000000000001bf       0x37 obj/src/command_parser.o
 .ARM.attributes
                0x00000000000001f6       0x37 obj/FreeRTOS/Source/tasks.o
 .ARM.attributes
                0x000000000000022d       0x37 obj/FreeRTOS/Source/queue.o
 .ARM.attributes
                0x0000000000000264       0x37 obj/FreeRTOS/Source/list.o
 .ARM.attributes
                0x000000000000029b       0x37 obj/FreeRTOS/Source/portable/GCC/ARM_CM4F/port.o
 .ARM.attributes
                0x00000000000002d2       0x37 obj/libs/STM32F4xx_StdPeriph_Driver/src/misc.o
 .ARM.attributes
                0x0000000000000309       0x37 obj/libs/STM32F4xx_StdPeriph_Driver/src/stm32f4xx_gpio.o
 .ARM.attributes
                0x0000000000000340       0x37 obj/libs/STM32F4xx_StdPeriph_Driver/src/stm32f4xx_pwr.o
 .ARM.attributes
                0x0000000000000377       0x37 obj/libs/STM32F4xx_StdPeriph_Driver/src/stm32f4xx_rcc.o
 .ARM.attributes
                0x00000000000003ae       0x37 obj/libs/STM32F4xx_StdPeriph_Driver/src/stm32f4xx_rtc.o
 .ARM.attributes
                0x00000000000003e5       0x37 obj/libs/STM32F4xx_StdPeriph_Driver/src/stm32f4xx_tim.o
 .ARM.attributes
                0x000000000000041c       0x37 obj/libs/STM32F4xx_StdPeriph_Driver/src/stm32f4xx_usart.o
 .ARM.attributes
                0x0000000000000453       0x32 /usr/lib/gcc/arm-none-eabi/4.8.2/../../../arm-none-eabi/lib/armv7e-m/softfp/libc.a(lib_a-atexit.o)
 .ARM.attributes
                0x0000000000000485       0x32 /usr/lib/gcc/arm-none-eabi/4.8.2/../../../arm-none-eabi/lib/armv7e-m/softfp/libc.a(lib_a-fini.o)
 .ARM.attributes
                0x00000000000004b7       0x32 /usr/lib/gcc/arm-none-eabi/4.8.2/../../../arm-none-eabi/lib/armv7e-m/softfp/libc.a(lib_a-impure.o)
 .ARM.attributes
                0x00000000000004e9       0x32 /usr/lib/gcc/arm-none-eabi/4.8.2/../../../arm-none-eabi/lib/armv7e-m/softfp/libc.a(lib_a-init.o)
 .ARM.attributes
                0x000000000000051b       0x32 /usr/lib/gcc/arm-none-eabi/4.8.2/../../../arm-none-eabi/lib/armv7e-m/softfp/libc.a(lib_a-malloc.o)
 .ARM.attributes
                0x000000000000054d       0x32 /usr/lib/gcc/arm-none-eabi/4.8.2/../../../arm-none-eabi/lib/armv7e-m/softfp/libc.a(lib_a-mallocr.o)
 .ARM.attributes
                0x000000000000057f       0x20 /usr/lib/gcc/arm-none-eabi/4.8.2/../../../arm-none-eabi/lib/armv7e-m/softfp/libc.a(lib_a-memcpy.o)
 .ARM.attributes
                0x000000000000059f       0x32 /usr/lib/gcc/arm-none-eabi/4.8.2/../../../arm-none-eabi/lib/armv7e-m/softfp/libc.a(lib_a-memset.o)
 .ARM.attributes
                0x00000000000005d1       0x32 /usr/lib/gcc/arm-none-eabi/4.8.2/../../../arm-none-eabi/lib/armv7e-m/softfp/libc.a(lib_a-strlen.o)
 .ARM.attributes
                0x0000000000000603       0x32 /usr/lib/gcc/arm-none-eabi/4.8.2/../../../arm-none-eabi/lib/armv7e-m/softfp/libc.a(lib_a-strncpy.o)
 .ARM.attributes
                0x0000000000000635       0x32 /usr/lib/gcc/arm-none-eabi/4.8.2/../../../arm-none-eabi/lib/armv7e-m/softfp/libc.a(lib_a-svfprintf.o)
 .ARM.attributes
                0x0000000000000667       0x32 /usr/lib/gcc/arm-none-eabi/4.8.2/../../../arm-none-eabi/lib/armv7e-m/softfp/libc.a(lib_a-vsprintf.o)
 .ARM.attributes
                0x0000000000000699       0x32 /usr/lib/gcc/arm-none-eabi/4.8.2/../../../arm-none-eabi/lib/armv7e-m/softfp/libc.a(lib_a-__atexit.o)
 .ARM.attributes
                0x00000000000006cb       0x32 /usr/lib/gcc/arm-none-eabi/4.8.2/../../../arm-none-eabi/lib/armv7e-m/softfp/libc.a(lib_a-__call_atexit.o)
 .ARM.attributes
                0x00000000000006fd       0x32 /usr/lib/gcc/arm-none-eabi/4.8.2/../../../arm-none-eabi/lib/armv7e-m/softfp/libc.a(lib_a-dtoa.o)
 .ARM.attributes
                0x000000000000072f       0x32 /usr/lib/gcc/arm-none-eabi/4.8.2/../../../arm-none-eabi/lib/armv7e-m/softfp/libc.a(lib_a-freer.o)
 .ARM.attributes
                0x0000000000000761       0x32 /usr/lib/gcc/arm-none-eabi/4.8.2/../../../arm-none-eabi/lib/armv7e-m/softfp/libc.a(lib_a-locale.o)
 .ARM.attributes
                0x0000000000000793       0x32 /usr/lib/gcc/arm-none-eabi/4.8.2/../../../arm-none-eabi/lib/armv7e-m/softfp/libc.a(lib_a-memchr-stub.o)
 .ARM.attributes
                0x00000000000007c5       0x32 /usr/lib/gcc/arm-none-eabi/4.8.2/../../../arm-none-eabi/lib/armv7e-m/softfp/libc.a(lib_a-mprec.o)
 .ARM.attributes
                0x00000000000007f7       0x32 /usr/lib/gcc/arm-none-eabi/4.8.2/../../../arm-none-eabi/lib/armv7e-m/softfp/libc.a(lib_a-s_fpclassify.o)
 .ARM.attributes
                0x0000000000000829       0x32 /usr/lib/gcc/arm-none-eabi/4.8.2/../../../arm-none-eabi/lib/armv7e-m/softfp/libc.a(lib_a-svfiprintf.o)
 .ARM.attributes
                0x000000000000085b       0x32 /usr/lib/gcc/arm-none-eabi/4.8.2/../../../arm-none-eabi/lib/armv7e-m/softfp/libc.a(lib_a-callocr.o)
 .ARM.attributes
                0x000000000000088d       0x32 /usr/lib/gcc/arm-none-eabi/4.8.2/../../../arm-none-eabi/lib/armv7e-m/softfp/libc.a(lib_a-memmove.o)
 .ARM.attributes
                0x00000000000008bf       0x32 /usr/lib/gcc/arm-none-eabi/4.8.2/../../../arm-none-eabi/lib/armv7e-m/softfp/libc.a(lib_a-reallocr.o)
 .ARM.attributes
                0x00000000000008f1       0x22 /usr/lib/gcc/arm-none-eabi/4.8.2/armv7e-m/softfp/libgcc.a(_arm_addsubdf3.o)
 .ARM.attributes
                0x0000000000000913       0x22 /usr/lib/gcc/arm-none-eabi/4.8.2/armv7e-m/softfp/libgcc.a(_arm_muldivdf3.o)
 .ARM.attributes
                0x0000000000000935       0x22 /usr/lib/gcc/arm-none-eabi/4.8.2/armv7e-m/softfp/libgcc.a(_arm_cmpdf2.o)
 .ARM.attributes
                0x0000000000000957       0x22 /usr/lib/gcc/arm-none-eabi/4.8.2/armv7e-m/softfp/libgcc.a(_arm_fixdfsi.o)
 .ARM.attributes
                0x0000000000000979       0x22 /usr/lib/gcc/arm-none-eabi/4.8.2/armv7e-m/softfp/libgcc.a(_aeabi_uldivmod.o)
 .ARM.attributes
                0x000000000000099b       0x32 /usr/lib/gcc/arm-none-eabi/4.8.2/armv7e-m/softfp/libgcc.a(bpabi.o)
 .ARM.attributes
                0x00000000000009cd       0x22 /usr/lib/gcc/arm-none-eabi/4.8.2/armv7e-m/softfp/libgcc.a(_dvmd_tls.o)
 .ARM.attributes
                0x00000000000009ef       0x32 /usr/lib/gcc/arm-none-eabi/4.8.2/armv7e-m/softfp/libgcc.a(_divdi3.o)
 .ARM.attributes
                0x0000000000000a21       0x32 /usr/lib/gcc/arm-none-eabi/4.8.2/armv7e-m/softfp/libgcc.a(_udivdi3.o)
 .ARM.attributes
                0x0000000000000a53       0x32 /usr/lib/gcc/arm-none-eabi/4.8.2/armv7e-m/softfp/crtend.o
 .ARM.attributes
                0x0000000000000a85       0x22 /usr/lib/gcc/arm-none-eabi/4.8.2/armv7e-m/softfp/crtn.o
OUTPUT(obj/app.elf elf32-littlearm)

.comment        0x0000000000000000       0x1f
 .comment       0x0000000000000000       0x1f /usr/lib/gcc/arm-none-eabi/4.8.2/armv7e-m/softfp/crtbegin.o
                                         0x20 (size before relaxing)
 .comment       0x0000000000000000       0x20 obj/src/ustime.o
 .comment       0x0000000000000000       0x20 obj/src/main.o
 .comment       0x0000000000000000       0x20 obj/src/system_stm32f4xx.o
 .comment       0x0000000000000000       0x20 obj/src/syscalls.o
 .comment       0x0000000000000000       0x20 obj/src/module.o
 .comment       0x0000000000000000       0x20 obj/src/usart_rtos.o
 .comment       0x0000000000000000       0x20 obj/src/command_parser.o
 .comment       0x0000000000000000       0x20 obj/FreeRTOS/Source/tasks.o
 .comment       0x0000000000000000       0x20 obj/FreeRTOS/Source/queue.o
 .comment       0x0000000000000000       0x20 obj/FreeRTOS/Source/list.o
 .comment       0x0000000000000000       0x20 obj/FreeRTOS/Source/portable/GCC/ARM_CM4F/port.o
 .comment       0x0000000000000000       0x20 obj/libs/STM32F4xx_StdPeriph_Driver/src/misc.o
 .comment       0x0000000000000000       0x20 obj/libs/STM32F4xx_StdPeriph_Driver/src/stm32f4xx_gpio.o
 .comment       0x0000000000000000       0x20 obj/libs/STM32F4xx_StdPeriph_Driver/src/stm32f4xx_pwr.o
 .comment       0x0000000000000000       0x20 obj/libs/STM32F4xx_StdPeriph_Driver/src/stm32f4xx_rcc.o
 .comment       0x0000000000000000       0x20 obj/libs/STM32F4xx_StdPeriph_Driver/src/stm32f4xx_rtc.o
 .comment       0x0000000000000000       0x20 obj/libs/STM32F4xx_StdPeriph_Driver/src/stm32f4xx_tim.o
 .comment       0x0000000000000000       0x20 obj/libs/STM32F4xx_StdPeriph_Driver/src/stm32f4xx_usart.o
 .comment       0x0000000000000000       0x20 /usr/lib/gcc/arm-none-eabi/4.8.2/../../../arm-none-eabi/lib/armv7e-m/softfp/libc.a(lib_a-atexit.o)
 .comment       0x0000000000000000       0x20 /usr/lib/gcc/arm-none-eabi/4.8.2/../../../arm-none-eabi/lib/armv7e-m/softfp/libc.a(lib_a-fini.o)
 .comment       0x0000000000000000       0x20 /usr/lib/gcc/arm-none-eabi/4.8.2/../../../arm-none-eabi/lib/armv7e-m/softfp/libc.a(lib_a-impure.o)
 .comment       0x0000000000000000       0x20 /usr/lib/gcc/arm-none-eabi/4.8.2/../../../arm-none-eabi/lib/armv7e-m/softfp/libc.a(lib_a-init.o)
 .comment       0x0000000000000000       0x20 /usr/lib/gcc/arm-none-eabi/4.8.2/../../../arm-none-eabi/lib/armv7e-m/softfp/libc.a(lib_a-malloc.o)
 .comment       0x0000000000000000       0x20 /usr/lib/gcc/arm-none-eabi/4.8.2/../../../arm-none-eabi/lib/armv7e-m/softfp/libc.a(lib_a-mallocr.o)
 .comment       0x0000000000000000       0x20 /usr/lib/gcc/arm-none-eabi/4.8.2/../../../arm-none-eabi/lib/armv7e-m/softfp/libc.a(lib_a-memset.o)
 .comment       0x0000000000000000       0x20 /usr/lib/gcc/arm-none-eabi/4.8.2/../../../arm-none-eabi/lib/armv7e-m/softfp/libc.a(lib_a-strlen.o)
 .comment       0x0000000000000000       0x20 /usr/lib/gcc/arm-none-eabi/4.8.2/../../../arm-none-eabi/lib/armv7e-m/softfp/libc.a(lib_a-strncpy.o)
 .comment       0x0000000000000000       0x20 /usr/lib/gcc/arm-none-eabi/4.8.2/../../../arm-none-eabi/lib/armv7e-m/softfp/libc.a(lib_a-svfprintf.o)
 .comment       0x0000000000000000       0x20 /usr/lib/gcc/arm-none-eabi/4.8.2/../../../arm-none-eabi/lib/armv7e-m/softfp/libc.a(lib_a-vsprintf.o)
 .comment       0x0000000000000000       0x20 /usr/lib/gcc/arm-none-eabi/4.8.2/../../../arm-none-eabi/lib/armv7e-m/softfp/libc.a(lib_a-__atexit.o)
 .comment       0x0000000000000000       0x20 /usr/lib/gcc/arm-none-eabi/4.8.2/../../../arm-none-eabi/lib/armv7e-m/softfp/libc.a(lib_a-__call_atexit.o)
 .comment       0x0000000000000000       0x20 /usr/lib/gcc/arm-none-eabi/4.8.2/../../../arm-none-eabi/lib/armv7e-m/softfp/libc.a(lib_a-dtoa.o)
 .comment       0x0000000000000000       0x20 /usr/lib/gcc/arm-none-eabi/4.8.2/../../../arm-none-eabi/lib/armv7e-m/softfp/libc.a(lib_a-freer.o)
 .comment       0x0000000000000000       0x20 /usr/lib/gcc/arm-none-eabi/4.8.2/../../../arm-none-eabi/lib/armv7e-m/softfp/libc.a(lib_a-locale.o)
 .comment       0x0000000000000000       0x20 /usr/lib/gcc/arm-none-eabi/4.8.2/../../../arm-none-eabi/lib/armv7e-m/softfp/libc.a(lib_a-memchr-stub.o)
 .comment       0x0000000000000000       0x20 /usr/lib/gcc/arm-none-eabi/4.8.2/../../../arm-none-eabi/lib/armv7e-m/softfp/libc.a(lib_a-mprec.o)
 .comment       0x0000000000000000       0x20 /usr/lib/gcc/arm-none-eabi/4.8.2/../../../arm-none-eabi/lib/armv7e-m/softfp/libc.a(lib_a-s_fpclassify.o)
 .comment       0x0000000000000000       0x20 /usr/lib/gcc/arm-none-eabi/4.8.2/../../../arm-none-eabi/lib/armv7e-m/softfp/libc.a(lib_a-svfiprintf.o)
 .comment       0x0000000000000000       0x20 /usr/lib/gcc/arm-none-eabi/4.8.2/../../../arm-none-eabi/lib/armv7e-m/softfp/libc.a(lib_a-callocr.o)
 .comment       0x0000000000000000       0x20 /usr/lib/gcc/arm-none-eabi/4.8.2/../../../arm-none-eabi/lib/armv7e-m/softfp/libc.a(lib_a-memmove.o)
 .comment       0x0000000000000000       0x20 /usr/lib/gcc/arm-none-eabi/4.8.2/../../../arm-none-eabi/lib/armv7e-m/softfp/libc.a(lib_a-reallocr.o)
 .comment       0x0000000000000000       0x20 /usr/lib/gcc/arm-none-eabi/4.8.2/armv7e-m/softfp/libgcc.a(bpabi.o)
 .comment       0x0000000000000000       0x20 /usr/lib/gcc/arm-none-eabi/4.8.2/armv7e-m/softfp/libgcc.a(_divdi3.o)
 .comment       0x0000000000000000       0x20 /usr/lib/gcc/arm-none-eabi/4.8.2/armv7e-m/softfp/libgcc.a(_udivdi3.o)
 .comment       0x0000000000000000       0x20 /usr/lib/gcc/arm-none-eabi/4.8.2/armv7e-m/softfp/crtend.o

.debug_info     0x0000000000000000    0x1d30d
 .debug_info    0x0000000000000000      0x72e obj/src/ustime.o
 .debug_info    0x000000000000072e     0x3089 obj/src/main.o
 .debug_info    0x00000000000037b7      0x625 obj/src/system_stm32f4xx.o
 .debug_info    0x0000000000003ddc      0xf5f obj/src/syscalls.o
 .debug_info    0x0000000000004d3b      0x60a obj/src/module.o
 .debug_info    0x0000000000005345      0xc6c obj/src/usart_rtos.o
 .debug_info    0x0000000000005fb1     0x1361 obj/src/command_parser.o
 .debug_info    0x0000000000007312     0x1cd3 obj/FreeRTOS/Source/tasks.o
 .debug_info    0x0000000000008fe5      0xdce obj/FreeRTOS/Source/queue.o
 .debug_info    0x0000000000009db3      0x2de obj/FreeRTOS/Source/list.o
 .debug_info    0x000000000000a091      0x29a obj/FreeRTOS/Source/portable/GCC/ARM_CM4F/port.o
 .debug_info    0x000000000000a32b      0x5b7 obj/libs/STM32F4xx_StdPeriph_Driver/src/misc.o
 .debug_info    0x000000000000a8e2      0x670 obj/libs/STM32F4xx_StdPeriph_Driver/src/stm32f4xx_gpio.o
 .debug_info    0x000000000000af52      0x573 obj/libs/STM32F4xx_StdPeriph_Driver/src/stm32f4xx_pwr.o
 .debug_info    0x000000000000b4c5      0xd79 obj/libs/STM32F4xx_StdPeriph_Driver/src/stm32f4xx_rcc.o
 .debug_info    0x000000000000c23e     0x127a obj/libs/STM32F4xx_StdPeriph_Driver/src/stm32f4xx_rtc.o
 .debug_info    0x000000000000d4b8     0x1ead obj/libs/STM32F4xx_StdPeriph_Driver/src/stm32f4xx_tim.o
 .debug_info    0x000000000000f365      0xa95 obj/libs/STM32F4xx_StdPeriph_Driver/src/stm32f4xx_usart.o
 .debug_info    0x000000000000fdfa      0x10a /usr/lib/gcc/arm-none-eabi/4.8.2/../../../arm-none-eabi/lib/armv7e-m/softfp/libc.a(lib_a-atexit.o)
 .debug_info    0x000000000000ff04       0xef /usr/lib/gcc/arm-none-eabi/4.8.2/../../../arm-none-eabi/lib/armv7e-m/softfp/libc.a(lib_a-fini.o)
 .debug_info    0x000000000000fff3      0x894 /usr/lib/gcc/arm-none-eabi/4.8.2/../../../arm-none-eabi/lib/armv7e-m/softfp/libc.a(lib_a-impure.o)
 .debug_info    0x0000000000010887      0x105 /usr/lib/gcc/arm-none-eabi/4.8.2/../../../arm-none-eabi/lib/armv7e-m/softfp/libc.a(lib_a-init.o)
 .debug_info    0x000000000001098c      0x915 /usr/lib/gcc/arm-none-eabi/4.8.2/../../../arm-none-eabi/lib/armv7e-m/softfp/libc.a(lib_a-malloc.o)
 .debug_info    0x00000000000112a1      0xd7b /usr/lib/gcc/arm-none-eabi/4.8.2/../../../arm-none-eabi/lib/armv7e-m/softfp/libc.a(lib_a-mallocr.o)
 .debug_info    0x000000000001201c       0xbd /usr/lib/gcc/arm-none-eabi/4.8.2/../../../arm-none-eabi/lib/armv7e-m/softfp/libc.a(lib_a-memcpy.o)
 .debug_info    0x00000000000120d9      0x117 /usr/lib/gcc/arm-none-eabi/4.8.2/../../../arm-none-eabi/lib/armv7e-m/softfp/libc.a(lib_a-memset.o)
 .debug_info    0x00000000000121f0       0xb5 /usr/lib/gcc/arm-none-eabi/4.8.2/../../../arm-none-eabi/lib/armv7e-m/softfp/libc.a(lib_a-strlen.o)
 .debug_info    0x00000000000122a5      0x128 /usr/lib/gcc/arm-none-eabi/4.8.2/../../../arm-none-eabi/lib/armv7e-m/softfp/libc.a(lib_a-strncpy.o)
 .debug_info    0x00000000000123cd     0x167e /usr/lib/gcc/arm-none-eabi/4.8.2/../../../arm-none-eabi/lib/armv7e-m/softfp/libc.a(lib_a-svfprintf.o)
 .debug_info    0x0000000000013a4b      0x9bc /usr/lib/gcc/arm-none-eabi/4.8.2/../../../arm-none-eabi/lib/armv7e-m/softfp/libc.a(lib_a-vsprintf.o)
 .debug_info    0x0000000000014407      0x934 /usr/lib/gcc/arm-none-eabi/4.8.2/../../../arm-none-eabi/lib/armv7e-m/softfp/libc.a(lib_a-__atexit.o)
 .debug_info    0x0000000000014d3b      0x9aa /usr/lib/gcc/arm-none-eabi/4.8.2/../../../arm-none-eabi/lib/armv7e-m/softfp/libc.a(lib_a-__call_atexit.o)
 .debug_info    0x00000000000156e5     0x1321 /usr/lib/gcc/arm-none-eabi/4.8.2/../../../arm-none-eabi/lib/armv7e-m/softfp/libc.a(lib_a-dtoa.o)
 .debug_info    0x0000000000016a06      0xc1c /usr/lib/gcc/arm-none-eabi/4.8.2/../../../arm-none-eabi/lib/armv7e-m/softfp/libc.a(lib_a-freer.o)
 .debug_info    0x0000000000017622      0xbe5 /usr/lib/gcc/arm-none-eabi/4.8.2/../../../arm-none-eabi/lib/armv7e-m/softfp/libc.a(lib_a-locale.o)
 .debug_info    0x0000000000018207      0x129 /usr/lib/gcc/arm-none-eabi/4.8.2/../../../arm-none-eabi/lib/armv7e-m/softfp/libc.a(lib_a-memchr-stub.o)
 .debug_info    0x0000000000018330     0x1679 /usr/lib/gcc/arm-none-eabi/4.8.2/../../../arm-none-eabi/lib/armv7e-m/softfp/libc.a(lib_a-mprec.o)
 .debug_info    0x00000000000199a9       0xdb /usr/lib/gcc/arm-none-eabi/4.8.2/../../../arm-none-eabi/lib/armv7e-m/softfp/libc.a(lib_a-s_fpclassify.o)
 .debug_info    0x0000000000019a84     0x1015 /usr/lib/gcc/arm-none-eabi/4.8.2/../../../arm-none-eabi/lib/armv7e-m/softfp/libc.a(lib_a-svfiprintf.o)
 .debug_info    0x000000000001aa99      0x9e0 /usr/lib/gcc/arm-none-eabi/4.8.2/../../../arm-none-eabi/lib/armv7e-m/softfp/libc.a(lib_a-callocr.o)
 .debug_info    0x000000000001b479      0x131 /usr/lib/gcc/arm-none-eabi/4.8.2/../../../arm-none-eabi/lib/armv7e-m/softfp/libc.a(lib_a-memmove.o)
 .debug_info    0x000000000001b5aa      0xcca /usr/lib/gcc/arm-none-eabi/4.8.2/../../../arm-none-eabi/lib/armv7e-m/softfp/libc.a(lib_a-reallocr.o)
 .debug_info    0x000000000001c274       0xab /usr/lib/gcc/arm-none-eabi/4.8.2/armv7e-m/softfp/libgcc.a(_arm_addsubdf3.o)
 .debug_info    0x000000000001c31f       0xab /usr/lib/gcc/arm-none-eabi/4.8.2/armv7e-m/softfp/libgcc.a(_arm_muldivdf3.o)
 .debug_info    0x000000000001c3ca       0xab /usr/lib/gcc/arm-none-eabi/4.8.2/armv7e-m/softfp/libgcc.a(_arm_cmpdf2.o)
 .debug_info    0x000000000001c475       0xab /usr/lib/gcc/arm-none-eabi/4.8.2/armv7e-m/softfp/libgcc.a(_arm_fixdfsi.o)
 .debug_info    0x000000000001c520       0xa6 /usr/lib/gcc/arm-none-eabi/4.8.2/armv7e-m/softfp/libgcc.a(_aeabi_uldivmod.o)
 .debug_info    0x000000000001c5c6      0x164 /usr/lib/gcc/arm-none-eabi/4.8.2/armv7e-m/softfp/libgcc.a(bpabi.o)
 .debug_info    0x000000000001c72a       0xaa /usr/lib/gcc/arm-none-eabi/4.8.2/armv7e-m/softfp/libgcc.a(_dvmd_tls.o)
 .debug_info    0x000000000001c7d4      0x5bd /usr/lib/gcc/arm-none-eabi/4.8.2/armv7e-m/softfp/libgcc.a(_divdi3.o)
 .debug_info    0x000000000001cd91      0x57c /usr/lib/gcc/arm-none-eabi/4.8.2/armv7e-m/softfp/libgcc.a(_udivdi3.o)

.debug_abbrev   0x0000000000000000     0x5165
 .debug_abbrev  0x0000000000000000      0x1ae obj/src/ustime.o
 .debug_abbrev  0x00000000000001ae      0x444 obj/src/main.o
 .debug_abbrev  0x00000000000005f2      0x13a obj/src/system_stm32f4xx.o
 .debug_abbrev  0x000000000000072c      0x2c8 obj/src/syscalls.o
 .debug_abbrev  0x00000000000009f4      0x1d6 obj/src/module.o
 .debug_abbrev  0x0000000000000bca      0x302 obj/src/usart_rtos.o
 .debug_abbrev  0x0000000000000ecc      0x2f7 obj/src/command_parser.o
 .debug_abbrev  0x00000000000011c3      0x34b obj/FreeRTOS/Source/tasks.o
 .debug_abbrev  0x000000000000150e      0x267 obj/FreeRTOS/Source/queue.o
 .debug_abbrev  0x0000000000001775       0xe3 obj/FreeRTOS/Source/list.o
 .debug_abbrev  0x0000000000001858      0x1a3 obj/FreeRTOS/Source/portable/GCC/ARM_CM4F/port.o
 .debug_abbrev  0x00000000000019fb      0x12b obj/libs/STM32F4xx_StdPeriph_Driver/src/misc.o
 .debug_abbrev  0x0000000000001b26      0x1a7 obj/libs/STM32F4xx_StdPeriph_Driver/src/stm32f4xx_gpio.o
 .debug_abbrev  0x0000000000001ccd      0x183 obj/libs/STM32F4xx_StdPeriph_Driver/src/stm32f4xx_pwr.o
 .debug_abbrev  0x0000000000001e50      0x1e7 obj/libs/STM32F4xx_StdPeriph_Driver/src/stm32f4xx_rcc.o
 .debug_abbrev  0x0000000000002037      0x1b2 obj/libs/STM32F4xx_StdPeriph_Driver/src/stm32f4xx_rtc.o
 .debug_abbrev  0x00000000000021e9      0x18b obj/libs/STM32F4xx_StdPeriph_Driver/src/stm32f4xx_tim.o
 .debug_abbrev  0x0000000000002374      0x159 obj/libs/STM32F4xx_StdPeriph_Driver/src/stm32f4xx_usart.o
 .debug_abbrev  0x00000000000024cd       0xb8 /usr/lib/gcc/arm-none-eabi/4.8.2/../../../arm-none-eabi/lib/armv7e-m/softfp/libc.a(lib_a-atexit.o)
 .debug_abbrev  0x0000000000002585       0xbd /usr/lib/gcc/arm-none-eabi/4.8.2/../../../arm-none-eabi/lib/armv7e-m/softfp/libc.a(lib_a-fini.o)
 .debug_abbrev  0x0000000000002642      0x180 /usr/lib/gcc/arm-none-eabi/4.8.2/../../../arm-none-eabi/lib/armv7e-m/softfp/libc.a(lib_a-impure.o)
 .debug_abbrev  0x00000000000027c2       0xba /usr/lib/gcc/arm-none-eabi/4.8.2/../../../arm-none-eabi/lib/armv7e-m/softfp/libc.a(lib_a-init.o)
 .debug_abbrev  0x000000000000287c      0x1fa /usr/lib/gcc/arm-none-eabi/4.8.2/../../../arm-none-eabi/lib/armv7e-m/softfp/libc.a(lib_a-malloc.o)
 .debug_abbrev  0x0000000000002a76      0x2a2 /usr/lib/gcc/arm-none-eabi/4.8.2/../../../arm-none-eabi/lib/armv7e-m/softfp/libc.a(lib_a-mallocr.o)
 .debug_abbrev  0x0000000000002d18       0x14 /usr/lib/gcc/arm-none-eabi/4.8.2/../../../arm-none-eabi/lib/armv7e-m/softfp/libc.a(lib_a-memcpy.o)
 .debug_abbrev  0x0000000000002d2c       0x9f /usr/lib/gcc/arm-none-eabi/4.8.2/../../../arm-none-eabi/lib/armv7e-m/softfp/libc.a(lib_a-memset.o)
 .debug_abbrev  0x0000000000002dcb       0x70 /usr/lib/gcc/arm-none-eabi/4.8.2/../../../arm-none-eabi/lib/armv7e-m/softfp/libc.a(lib_a-strlen.o)
 .debug_abbrev  0x0000000000002e3b       0x9f /usr/lib/gcc/arm-none-eabi/4.8.2/../../../arm-none-eabi/lib/armv7e-m/softfp/libc.a(lib_a-strncpy.o)
 .debug_abbrev  0x0000000000002eda      0x36f /usr/lib/gcc/arm-none-eabi/4.8.2/../../../arm-none-eabi/lib/armv7e-m/softfp/libc.a(lib_a-svfprintf.o)
 .debug_abbrev  0x0000000000003249      0x212 /usr/lib/gcc/arm-none-eabi/4.8.2/../../../arm-none-eabi/lib/armv7e-m/softfp/libc.a(lib_a-vsprintf.o)
 .debug_abbrev  0x000000000000345b      0x20f /usr/lib/gcc/arm-none-eabi/4.8.2/../../../arm-none-eabi/lib/armv7e-m/softfp/libc.a(lib_a-__atexit.o)
 .debug_abbrev  0x000000000000366a      0x285 /usr/lib/gcc/arm-none-eabi/4.8.2/../../../arm-none-eabi/lib/armv7e-m/softfp/libc.a(lib_a-__call_atexit.o)
 .debug_abbrev  0x00000000000038ef      0x2bc /usr/lib/gcc/arm-none-eabi/4.8.2/../../../arm-none-eabi/lib/armv7e-m/softfp/libc.a(lib_a-dtoa.o)
 .debug_abbrev  0x0000000000003bab      0x27b /usr/lib/gcc/arm-none-eabi/4.8.2/../../../arm-none-eabi/lib/armv7e-m/softfp/libc.a(lib_a-freer.o)
 .debug_abbrev  0x0000000000003e26      0x2a3 /usr/lib/gcc/arm-none-eabi/4.8.2/../../../arm-none-eabi/lib/armv7e-m/softfp/libc.a(lib_a-locale.o)
 .debug_abbrev  0x00000000000040c9       0xba /usr/lib/gcc/arm-none-eabi/4.8.2/../../../arm-none-eabi/lib/armv7e-m/softfp/libc.a(lib_a-memchr-stub.o)
 .debug_abbrev  0x0000000000004183      0x39d /usr/lib/gcc/arm-none-eabi/4.8.2/../../../arm-none-eabi/lib/armv7e-m/softfp/libc.a(lib_a-mprec.o)
 .debug_abbrev  0x0000000000004520       0x6f /usr/lib/gcc/arm-none-eabi/4.8.2/../../../arm-none-eabi/lib/armv7e-m/softfp/libc.a(lib_a-s_fpclassify.o)
 .debug_abbrev  0x000000000000458f      0x2c5 /usr/lib/gcc/arm-none-eabi/4.8.2/../../../arm-none-eabi/lib/armv7e-m/softfp/libc.a(lib_a-svfiprintf.o)
 .debug_abbrev  0x0000000000004854      0x213 /usr/lib/gcc/arm-none-eabi/4.8.2/../../../arm-none-eabi/lib/armv7e-m/softfp/libc.a(lib_a-callocr.o)
 .debug_abbrev  0x0000000000004a67       0xab /usr/lib/gcc/arm-none-eabi/4.8.2/../../../arm-none-eabi/lib/armv7e-m/softfp/libc.a(lib_a-memmove.o)
 .debug_abbrev  0x0000000000004b12      0x26b /usr/lib/gcc/arm-none-eabi/4.8.2/../../../arm-none-eabi/lib/armv7e-m/softfp/libc.a(lib_a-reallocr.o)
 .debug_abbrev  0x0000000000004d7d       0x14 /usr/lib/gcc/arm-none-eabi/4.8.2/armv7e-m/softfp/libgcc.a(_arm_addsubdf3.o)
 .debug_abbrev  0x0000000000004d91       0x14 /usr/lib/gcc/arm-none-eabi/4.8.2/armv7e-m/softfp/libgcc.a(_arm_muldivdf3.o)
 .debug_abbrev  0x0000000000004da5       0x14 /usr/lib/gcc/arm-none-eabi/4.8.2/armv7e-m/softfp/libgcc.a(_arm_cmpdf2.o)
 .debug_abbrev  0x0000000000004db9       0x14 /usr/lib/gcc/arm-none-eabi/4.8.2/armv7e-m/softfp/libgcc.a(_arm_fixdfsi.o)
 .debug_abbrev  0x0000000000004dcd       0x14 /usr/lib/gcc/arm-none-eabi/4.8.2/armv7e-m/softfp/libgcc.a(_aeabi_uldivmod.o)
 .debug_abbrev  0x0000000000004de1       0xb7 /usr/lib/gcc/arm-none-eabi/4.8.2/armv7e-m/softfp/libgcc.a(bpabi.o)
 .debug_abbrev  0x0000000000004e98       0x14 /usr/lib/gcc/arm-none-eabi/4.8.2/armv7e-m/softfp/libgcc.a(_dvmd_tls.o)
 .debug_abbrev  0x0000000000004eac      0x165 /usr/lib/gcc/arm-none-eabi/4.8.2/armv7e-m/softfp/libgcc.a(_divdi3.o)
 .debug_abbrev  0x0000000000005011      0x154 /usr/lib/gcc/arm-none-eabi/4.8.2/armv7e-m/softfp/libgcc.a(_udivdi3.o)

.debug_loc      0x0000000000000000    0x136a0
 .debug_loc     0x0000000000000000      0x112 obj/src/ustime.o
 .debug_loc     0x0000000000000112      0x5c1 obj/src/main.o
 .debug_loc     0x00000000000006d3       0x9c obj/src/system_stm32f4xx.o
 .debug_loc     0x000000000000076f      0x313 obj/src/syscalls.o
 .debug_loc     0x0000000000000a82      0x1db obj/src/module.o
 .debug_loc     0x0000000000000c5d      0x5f8 obj/src/usart_rtos.o
 .debug_loc     0x0000000000001255      0xa47 obj/src/command_parser.o
 .debug_loc     0x0000000000001c9c      0xefe obj/FreeRTOS/Source/tasks.o
 .debug_loc     0x0000000000002b9a      0x816 obj/FreeRTOS/Source/queue.o
 .debug_loc     0x00000000000033b0       0x59 obj/FreeRTOS/Source/list.o
 .debug_loc     0x0000000000003409       0xad obj/FreeRTOS/Source/portable/GCC/ARM_CM4F/port.o
 .debug_loc     0x00000000000034b6      0x118 obj/libs/STM32F4xx_StdPeriph_Driver/src/misc.o
 .debug_loc     0x00000000000035ce      0x310 obj/libs/STM32F4xx_StdPeriph_Driver/src/stm32f4xx_gpio.o
 .debug_loc     0x00000000000038de      0x288 obj/libs/STM32F4xx_StdPeriph_Driver/src/stm32f4xx_pwr.o
 .debug_loc     0x0000000000003b66      0x97c obj/libs/STM32F4xx_StdPeriph_Driver/src/stm32f4xx_rcc.o
 .debug_loc     0x00000000000044e2      0xc48 obj/libs/STM32F4xx_StdPeriph_Driver/src/stm32f4xx_rtc.o
 .debug_loc     0x000000000000512a     0x1420 obj/libs/STM32F4xx_StdPeriph_Driver/src/stm32f4xx_tim.o
 .debug_loc     0x000000000000654a      0x658 obj/libs/STM32F4xx_StdPeriph_Driver/src/stm32f4xx_usart.o
 .debug_loc     0x0000000000006ba2       0x2c /usr/lib/gcc/arm-none-eabi/4.8.2/../../../arm-none-eabi/lib/armv7e-m/softfp/libc.a(lib_a-atexit.o)
 .debug_loc     0x0000000000006bce       0x5c /usr/lib/gcc/arm-none-eabi/4.8.2/../../../arm-none-eabi/lib/armv7e-m/softfp/libc.a(lib_a-fini.o)
 .debug_loc     0x0000000000006c2a       0xae /usr/lib/gcc/arm-none-eabi/4.8.2/../../../arm-none-eabi/lib/armv7e-m/softfp/libc.a(lib_a-init.o)
 .debug_loc     0x0000000000006cd8       0x58 /usr/lib/gcc/arm-none-eabi/4.8.2/../../../arm-none-eabi/lib/armv7e-m/softfp/libc.a(lib_a-malloc.o)
 .debug_loc     0x0000000000006d30      0xd9d /usr/lib/gcc/arm-none-eabi/4.8.2/../../../arm-none-eabi/lib/armv7e-m/softfp/libc.a(lib_a-mallocr.o)
 .debug_loc     0x0000000000007acd      0x18b /usr/lib/gcc/arm-none-eabi/4.8.2/../../../arm-none-eabi/lib/armv7e-m/softfp/libc.a(lib_a-memset.o)
 .debug_loc     0x0000000000007c58       0x21 /usr/lib/gcc/arm-none-eabi/4.8.2/../../../arm-none-eabi/lib/armv7e-m/softfp/libc.a(lib_a-strlen.o)
 .debug_loc     0x0000000000007c79      0x15b /usr/lib/gcc/arm-none-eabi/4.8.2/../../../arm-none-eabi/lib/armv7e-m/softfp/libc.a(lib_a-strncpy.o)
 .debug_loc     0x0000000000007dd4     0x269a /usr/lib/gcc/arm-none-eabi/4.8.2/../../../arm-none-eabi/lib/armv7e-m/softfp/libc.a(lib_a-svfprintf.o)
 .debug_loc     0x000000000000a46e       0xe9 /usr/lib/gcc/arm-none-eabi/4.8.2/../../../arm-none-eabi/lib/armv7e-m/softfp/libc.a(lib_a-vsprintf.o)
 .debug_loc     0x000000000000a557      0x14d /usr/lib/gcc/arm-none-eabi/4.8.2/../../../arm-none-eabi/lib/armv7e-m/softfp/libc.a(lib_a-__atexit.o)
 .debug_loc     0x000000000000a6a4      0x155 /usr/lib/gcc/arm-none-eabi/4.8.2/../../../arm-none-eabi/lib/armv7e-m/softfp/libc.a(lib_a-__call_atexit.o)
 .debug_loc     0x000000000000a7f9     0x267e /usr/lib/gcc/arm-none-eabi/4.8.2/../../../arm-none-eabi/lib/armv7e-m/softfp/libc.a(lib_a-dtoa.o)
 .debug_loc     0x000000000000ce77      0x48a /usr/lib/gcc/arm-none-eabi/4.8.2/../../../arm-none-eabi/lib/armv7e-m/softfp/libc.a(lib_a-freer.o)
 .debug_loc     0x000000000000d301       0xd9 /usr/lib/gcc/arm-none-eabi/4.8.2/../../../arm-none-eabi/lib/armv7e-m/softfp/libc.a(lib_a-locale.o)
 .debug_loc     0x000000000000d3da      0x17b /usr/lib/gcc/arm-none-eabi/4.8.2/../../../arm-none-eabi/lib/armv7e-m/softfp/libc.a(lib_a-memchr-stub.o)
 .debug_loc     0x000000000000d555     0x248b /usr/lib/gcc/arm-none-eabi/4.8.2/../../../arm-none-eabi/lib/armv7e-m/softfp/libc.a(lib_a-mprec.o)
 .debug_loc     0x000000000000f9e0       0x84 /usr/lib/gcc/arm-none-eabi/4.8.2/../../../arm-none-eabi/lib/armv7e-m/softfp/libc.a(lib_a-s_fpclassify.o)
 .debug_loc     0x000000000000fa64     0x1245 /usr/lib/gcc/arm-none-eabi/4.8.2/../../../arm-none-eabi/lib/armv7e-m/softfp/libc.a(lib_a-svfiprintf.o)
 .debug_loc     0x0000000000010ca9      0x1f4 /usr/lib/gcc/arm-none-eabi/4.8.2/../../../arm-none-eabi/lib/armv7e-m/softfp/libc.a(lib_a-callocr.o)
 .debug_loc     0x0000000000010e9d      0x2d5 /usr/lib/gcc/arm-none-eabi/4.8.2/../../../arm-none-eabi/lib/armv7e-m/softfp/libc.a(lib_a-memmove.o)
 .debug_loc     0x0000000000011172      0xef8 /usr/lib/gcc/arm-none-eabi/4.8.2/../../../arm-none-eabi/lib/armv7e-m/softfp/libc.a(lib_a-reallocr.o)
 .debug_loc     0x000000000001206a       0xa0 /usr/lib/gcc/arm-none-eabi/4.8.2/armv7e-m/softfp/libgcc.a(bpabi.o)
 .debug_loc     0x000000000001210a      0xa8e /usr/lib/gcc/arm-none-eabi/4.8.2/armv7e-m/softfp/libgcc.a(_divdi3.o)
 .debug_loc     0x0000000000012b98      0xb08 /usr/lib/gcc/arm-none-eabi/4.8.2/armv7e-m/softfp/libgcc.a(_udivdi3.o)

.debug_aranges  0x0000000000000000     0x1348
 .debug_aranges
                0x0000000000000000       0x38 obj/src/ustime.o
 .debug_aranges
                0x0000000000000038       0xb8 obj/src/main.o
 .debug_aranges
                0x00000000000000f0       0x30 obj/src/system_stm32f4xx.o
 .debug_aranges
                0x0000000000000120       0x78 obj/src/syscalls.o
 .debug_aranges
                0x0000000000000198       0x48 obj/src/module.o
 .debug_aranges
                0x00000000000001e0       0x80 obj/src/usart_rtos.o
 .debug_aranges
                0x0000000000000260       0x90 obj/src/command_parser.o
 .debug_aranges
                0x00000000000002f0      0x168 obj/FreeRTOS/Source/tasks.o
 .debug_aranges
                0x0000000000000458       0x98 obj/FreeRTOS/Source/queue.o
 .debug_aranges
                0x00000000000004f0       0x40 obj/FreeRTOS/Source/list.o
 .debug_aranges
                0x0000000000000530       0x78 obj/FreeRTOS/Source/portable/GCC/ARM_CM4F/port.o
 .debug_aranges
                0x00000000000005a8       0x40 obj/libs/STM32F4xx_StdPeriph_Driver/src/misc.o
 .debug_aranges
                0x00000000000005e8       0x88 obj/libs/STM32F4xx_StdPeriph_Driver/src/stm32f4xx_gpio.o
 .debug_aranges
                0x0000000000000670       0x78 obj/libs/STM32F4xx_StdPeriph_Driver/src/stm32f4xx_pwr.o
 .debug_aranges
                0x00000000000006e8      0x178 obj/libs/STM32F4xx_StdPeriph_Driver/src/stm32f4xx_rcc.o
 .debug_aranges
                0x0000000000000860      0x1e0 obj/libs/STM32F4xx_StdPeriph_Driver/src/stm32f4xx_rtc.o
 .debug_aranges
                0x0000000000000a40      0x2f8 obj/libs/STM32F4xx_StdPeriph_Driver/src/stm32f4xx_tim.o
 .debug_aranges
                0x0000000000000d38      0x100 obj/libs/STM32F4xx_StdPeriph_Driver/src/stm32f4xx_usart.o
 .debug_aranges
                0x0000000000000e38       0x20 /usr/lib/gcc/arm-none-eabi/4.8.2/../../../arm-none-eabi/lib/armv7e-m/softfp/libc.a(lib_a-atexit.o)
 .debug_aranges
                0x0000000000000e58       0x20 /usr/lib/gcc/arm-none-eabi/4.8.2/../../../arm-none-eabi/lib/armv7e-m/softfp/libc.a(lib_a-fini.o)
 .debug_aranges
                0x0000000000000e78       0x18 /usr/lib/gcc/arm-none-eabi/4.8.2/../../../arm-none-eabi/lib/armv7e-m/softfp/libc.a(lib_a-impure.o)
 .debug_aranges
                0x0000000000000e90       0x20 /usr/lib/gcc/arm-none-eabi/4.8.2/../../../arm-none-eabi/lib/armv7e-m/softfp/libc.a(lib_a-init.o)
 .debug_aranges
                0x0000000000000eb0       0x28 /usr/lib/gcc/arm-none-eabi/4.8.2/../../../arm-none-eabi/lib/armv7e-m/softfp/libc.a(lib_a-malloc.o)
 .debug_aranges
                0x0000000000000ed8       0x20 /usr/lib/gcc/arm-none-eabi/4.8.2/../../../arm-none-eabi/lib/armv7e-m/softfp/libc.a(lib_a-mallocr.o)
 .debug_aranges
                0x0000000000000ef8       0x20 /usr/lib/gcc/arm-none-eabi/4.8.2/../../../arm-none-eabi/lib/armv7e-m/softfp/libc.a(lib_a-memcpy.o)
 .debug_aranges
                0x0000000000000f18       0x20 /usr/lib/gcc/arm-none-eabi/4.8.2/../../../arm-none-eabi/lib/armv7e-m/softfp/libc.a(lib_a-memset.o)
 .debug_aranges
                0x0000000000000f38       0x20 /usr/lib/gcc/arm-none-eabi/4.8.2/../../../arm-none-eabi/lib/armv7e-m/softfp/libc.a(lib_a-strlen.o)
 .debug_aranges
                0x0000000000000f58       0x20 /usr/lib/gcc/arm-none-eabi/4.8.2/../../../arm-none-eabi/lib/armv7e-m/softfp/libc.a(lib_a-strncpy.o)
 .debug_aranges
                0x0000000000000f78       0x20 /usr/lib/gcc/arm-none-eabi/4.8.2/../../../arm-none-eabi/lib/armv7e-m/softfp/libc.a(lib_a-svfprintf.o)
 .debug_aranges
                0x0000000000000f98       0x28 /usr/lib/gcc/arm-none-eabi/4.8.2/../../../arm-none-eabi/lib/armv7e-m/softfp/libc.a(lib_a-vsprintf.o)
 .debug_aranges
                0x0000000000000fc0       0x20 /usr/lib/gcc/arm-none-eabi/4.8.2/../../../arm-none-eabi/lib/armv7e-m/softfp/libc.a(lib_a-__atexit.o)
 .debug_aranges
                0x0000000000000fe0       0x28 /usr/lib/gcc/arm-none-eabi/4.8.2/../../../arm-none-eabi/lib/armv7e-m/softfp/libc.a(lib_a-__call_atexit.o)
 .debug_aranges
                0x0000000000001008       0x28 /usr/lib/gcc/arm-none-eabi/4.8.2/../../../arm-none-eabi/lib/armv7e-m/softfp/libc.a(lib_a-dtoa.o)
 .debug_aranges
                0x0000000000001030       0x28 /usr/lib/gcc/arm-none-eabi/4.8.2/../../../arm-none-eabi/lib/armv7e-m/softfp/libc.a(lib_a-freer.o)
 .debug_aranges
                0x0000000000001058       0x58 /usr/lib/gcc/arm-none-eabi/4.8.2/../../../arm-none-eabi/lib/armv7e-m/softfp/libc.a(lib_a-locale.o)
 .debug_aranges
                0x00000000000010b0       0x20 /usr/lib/gcc/arm-none-eabi/4.8.2/../../../arm-none-eabi/lib/armv7e-m/softfp/libc.a(lib_a-memchr-stub.o)
 .debug_aranges
                0x00000000000010d0       0xb0 /usr/lib/gcc/arm-none-eabi/4.8.2/../../../arm-none-eabi/lib/armv7e-m/softfp/libc.a(lib_a-mprec.o)
 .debug_aranges
                0x0000000000001180       0x20 /usr/lib/gcc/arm-none-eabi/4.8.2/../../../arm-none-eabi/lib/armv7e-m/softfp/libc.a(lib_a-s_fpclassify.o)
 .debug_aranges
                0x00000000000011a0       0x28 /usr/lib/gcc/arm-none-eabi/4.8.2/../../../arm-none-eabi/lib/armv7e-m/softfp/libc.a(lib_a-svfiprintf.o)
 .debug_aranges
                0x00000000000011c8       0x20 /usr/lib/gcc/arm-none-eabi/4.8.2/../../../arm-none-eabi/lib/armv7e-m/softfp/libc.a(lib_a-callocr.o)
 .debug_aranges
                0x00000000000011e8       0x20 /usr/lib/gcc/arm-none-eabi/4.8.2/../../../arm-none-eabi/lib/armv7e-m/softfp/libc.a(lib_a-memmove.o)
 .debug_aranges
                0x0000000000001208       0x20 /usr/lib/gcc/arm-none-eabi/4.8.2/../../../arm-none-eabi/lib/armv7e-m/softfp/libc.a(lib_a-reallocr.o)
 .debug_aranges
                0x0000000000001228       0x20 /usr/lib/gcc/arm-none-eabi/4.8.2/armv7e-m/softfp/libgcc.a(_arm_addsubdf3.o)
 .debug_aranges
                0x0000000000001248       0x20 /usr/lib/gcc/arm-none-eabi/4.8.2/armv7e-m/softfp/libgcc.a(_arm_muldivdf3.o)
 .debug_aranges
                0x0000000000001268       0x20 /usr/lib/gcc/arm-none-eabi/4.8.2/armv7e-m/softfp/libgcc.a(_arm_cmpdf2.o)
 .debug_aranges
                0x0000000000001288       0x20 /usr/lib/gcc/arm-none-eabi/4.8.2/armv7e-m/softfp/libgcc.a(_arm_fixdfsi.o)
 .debug_aranges
                0x00000000000012a8       0x20 /usr/lib/gcc/arm-none-eabi/4.8.2/armv7e-m/softfp/libgcc.a(_aeabi_uldivmod.o)
 .debug_aranges
                0x00000000000012c8       0x20 /usr/lib/gcc/arm-none-eabi/4.8.2/armv7e-m/softfp/libgcc.a(bpabi.o)
 .debug_aranges
                0x00000000000012e8       0x20 /usr/lib/gcc/arm-none-eabi/4.8.2/armv7e-m/softfp/libgcc.a(_dvmd_tls.o)
 .debug_aranges
                0x0000000000001308       0x20 /usr/lib/gcc/arm-none-eabi/4.8.2/armv7e-m/softfp/libgcc.a(_divdi3.o)
 .debug_aranges
                0x0000000000001328       0x20 /usr/lib/gcc/arm-none-eabi/4.8.2/armv7e-m/softfp/libgcc.a(_udivdi3.o)

.debug_ranges   0x0000000000000000     0x14e0
 .debug_ranges  0x0000000000000000       0x28 obj/src/ustime.o
 .debug_ranges  0x0000000000000028       0xc8 obj/src/main.o
 .debug_ranges  0x00000000000000f0       0x20 obj/src/system_stm32f4xx.o
 .debug_ranges  0x0000000000000110       0x68 obj/src/syscalls.o
 .debug_ranges  0x0000000000000178       0x38 obj/src/module.o
 .debug_ranges  0x00000000000001b0       0x88 obj/src/usart_rtos.o
 .debug_ranges  0x0000000000000238      0x110 obj/src/command_parser.o
 .debug_ranges  0x0000000000000348      0x178 obj/FreeRTOS/Source/tasks.o
 .debug_ranges  0x00000000000004c0       0x88 obj/FreeRTOS/Source/queue.o
 .debug_ranges  0x0000000000000548       0x30 obj/FreeRTOS/Source/list.o
 .debug_ranges  0x0000000000000578       0x68 obj/FreeRTOS/Source/portable/GCC/ARM_CM4F/port.o
 .debug_ranges  0x00000000000005e0       0x30 obj/libs/STM32F4xx_StdPeriph_Driver/src/misc.o
 .debug_ranges  0x0000000000000610       0x78 obj/libs/STM32F4xx_StdPeriph_Driver/src/stm32f4xx_gpio.o
 .debug_ranges  0x0000000000000688       0x68 obj/libs/STM32F4xx_StdPeriph_Driver/src/stm32f4xx_pwr.o
 .debug_ranges  0x00000000000006f0      0x168 obj/libs/STM32F4xx_StdPeriph_Driver/src/stm32f4xx_rcc.o
 .debug_ranges  0x0000000000000858      0x1d0 obj/libs/STM32F4xx_StdPeriph_Driver/src/stm32f4xx_rtc.o
 .debug_ranges  0x0000000000000a28      0x2e8 obj/libs/STM32F4xx_StdPeriph_Driver/src/stm32f4xx_tim.o
 .debug_ranges  0x0000000000000d10       0xf0 obj/libs/STM32F4xx_StdPeriph_Driver/src/stm32f4xx_usart.o
 .debug_ranges  0x0000000000000e00       0x10 /usr/lib/gcc/arm-none-eabi/4.8.2/../../../arm-none-eabi/lib/armv7e-m/softfp/libc.a(lib_a-atexit.o)
 .debug_ranges  0x0000000000000e10       0x10 /usr/lib/gcc/arm-none-eabi/4.8.2/../../../arm-none-eabi/lib/armv7e-m/softfp/libc.a(lib_a-fini.o)
 .debug_ranges  0x0000000000000e20       0x10 /usr/lib/gcc/arm-none-eabi/4.8.2/../../../arm-none-eabi/lib/armv7e-m/softfp/libc.a(lib_a-init.o)
 .debug_ranges  0x0000000000000e30       0x18 /usr/lib/gcc/arm-none-eabi/4.8.2/../../../arm-none-eabi/lib/armv7e-m/softfp/libc.a(lib_a-malloc.o)
 .debug_ranges  0x0000000000000e48       0x38 /usr/lib/gcc/arm-none-eabi/4.8.2/../../../arm-none-eabi/lib/armv7e-m/softfp/libc.a(lib_a-mallocr.o)
 .debug_ranges  0x0000000000000e80       0x10 /usr/lib/gcc/arm-none-eabi/4.8.2/../../../arm-none-eabi/lib/armv7e-m/softfp/libc.a(lib_a-memset.o)
 .debug_ranges  0x0000000000000e90       0x10 /usr/lib/gcc/arm-none-eabi/4.8.2/../../../arm-none-eabi/lib/armv7e-m/softfp/libc.a(lib_a-strlen.o)
 .debug_ranges  0x0000000000000ea0       0x10 /usr/lib/gcc/arm-none-eabi/4.8.2/../../../arm-none-eabi/lib/armv7e-m/softfp/libc.a(lib_a-strncpy.o)
 .debug_ranges  0x0000000000000eb0      0x150 /usr/lib/gcc/arm-none-eabi/4.8.2/../../../arm-none-eabi/lib/armv7e-m/softfp/libc.a(lib_a-svfprintf.o)