Archive member included because of file (symbol)

/usr/lib/gcc/arm-none-eabi/4.8.2/../../../arm-none-eabi/lib/armv7e-m/softfp/libc.a(lib_a-atexit.o)
                              /usr/lib/gcc/arm-none-eabi/4.8.2/../../../arm-none-eabi/lib/armv7e-m/softfp/crt0.o (atexit)
/usr/lib/gcc/arm-none-eabi/4.8.2/../../../arm-none-eabi/lib/armv7e-m/softfp/libc.a(lib_a-exit.o)
                              /usr/lib/gcc/arm-none-eabi/4.8.2/../../../arm-none-eabi/lib/armv7e-m/softfp/crt0.o (exit)
/usr/lib/gcc/arm-none-eabi/4.8.2/../../../arm-none-eabi/lib/armv7e-m/softfp/libc.a(lib_a-fini.o)
                              /usr/lib/gcc/arm-none-eabi/4.8.2/../../../arm-none-eabi/lib/armv7e-m/softfp/crt0.o (__libc_fini_array)
/usr/lib/gcc/arm-none-eabi/4.8.2/../../../arm-none-eabi/lib/armv7e-m/softfp/libc.a(lib_a-impure.o)
                              /usr/lib/gcc/arm-none-eabi/4.8.2/../../../arm-none-eabi/lib/armv7e-m/softfp/libc.a(lib_a-exit.o) (_global_impure_ptr)
/usr/lib/gcc/arm-none-eabi/4.8.2/../../../arm-none-eabi/lib/armv7e-m/softfp/libc.a(lib_a-init.o)
                              /usr/lib/gcc/arm-none-eabi/4.8.2/../../../arm-none-eabi/lib/armv7e-m/softfp/crt0.o (__libc_init_array)
/usr/lib/gcc/arm-none-eabi/4.8.2/../../../arm-none-eabi/lib/armv7e-m/softfp/libc.a(lib_a-malloc.o)
                              obj/src/modbus.o (malloc)
/usr/lib/gcc/arm-none-eabi/4.8.2/../../../arm-none-eabi/lib/armv7e-m/softfp/libc.a(lib_a-mallocr.o)
                              /usr/lib/gcc/arm-none-eabi/4.8.2/../../../arm-none-eabi/lib/armv7e-m/softfp/libc.a(lib_a-malloc.o) (_malloc_r)
/usr/lib/gcc/arm-none-eabi/4.8.2/../../../arm-none-eabi/lib/armv7e-m/softfp/libc.a(lib_a-memcmp.o)
                              obj/src/modbus.o (memcmp)
/usr/lib/gcc/arm-none-eabi/4.8.2/../../../arm-none-eabi/lib/armv7e-m/softfp/libc.a(lib_a-memcpy.o)
                              obj/FreeRTOS/Source/queue.o (memcpy)
/usr/lib/gcc/arm-none-eabi/4.8.2/../../../arm-none-eabi/lib/armv7e-m/softfp/libc.a(lib_a-memset.o)
                              /usr/lib/gcc/arm-none-eabi/4.8.2/../../../arm-none-eabi/lib/armv7e-m/softfp/crt0.o (memset)
/usr/lib/gcc/arm-none-eabi/4.8.2/../../../arm-none-eabi/lib/armv7e-m/softfp/libc.a(lib_a-printf.o)
                              obj/src/modbus.o (printf)
/usr/lib/gcc/arm-none-eabi/4.8.2/../../../arm-none-eabi/lib/armv7e-m/softfp/libc.a(lib_a-sprintf.o)
                              obj/FreeRTOS/Source/tasks.o (sprintf)
/usr/lib/gcc/arm-none-eabi/4.8.2/../../../arm-none-eabi/lib/armv7e-m/softfp/libc.a(lib_a-strcat.o)
                              obj/FreeRTOS/Source/tasks.o (strcat)
/usr/lib/gcc/arm-none-eabi/4.8.2/../../../arm-none-eabi/lib/armv7e-m/softfp/libc.a(lib_a-strcpy.o)
                              /usr/lib/gcc/arm-none-eabi/4.8.2/../../../arm-none-eabi/lib/armv7e-m/softfp/libc.a(lib_a-strcat.o) (strcpy)
/usr/lib/gcc/arm-none-eabi/4.8.2/../../../arm-none-eabi/lib/armv7e-m/softfp/libc.a(lib_a-strlen.o)
                              obj/FreeRTOS/Source/tasks.o (strlen)
/usr/lib/gcc/arm-none-eabi/4.8.2/../../../arm-none-eabi/lib/armv7e-m/softfp/libc.a(lib_a-strncpy.o)
                              obj/FreeRTOS/Source/tasks.o (strncpy)
/usr/lib/gcc/arm-none-eabi/4.8.2/../../../arm-none-eabi/lib/armv7e-m/softfp/libc.a(lib_a-svfprintf.o)
                              /usr/lib/gcc/arm-none-eabi/4.8.2/../../../arm-none-eabi/lib/armv7e-m/softfp/libc.a(lib_a-sprintf.o) (_svfprintf_r)
/usr/lib/gcc/arm-none-eabi/4.8.2/../../../arm-none-eabi/lib/armv7e-m/softfp/libc.a(lib_a-vfprintf.o)
                              /usr/lib/gcc/arm-none-eabi/4.8.2/../../../arm-none-eabi/lib/armv7e-m/softfp/libc.a(lib_a-printf.o) (_vfprintf_r)
/usr/lib/gcc/arm-none-eabi/4.8.2/../../../arm-none-eabi/lib/armv7e-m/softfp/libc.a(lib_a-wsetup.o)
                              /usr/lib/gcc/arm-none-eabi/4.8.2/../../../arm-none-eabi/lib/armv7e-m/softfp/libc.a(lib_a-vfprintf.o) (__swsetup_r)
/usr/lib/gcc/arm-none-eabi/4.8.2/../../../arm-none-eabi/lib/armv7e-m/softfp/libc.a(lib_a-__atexit.o)
                              /usr/lib/gcc/arm-none-eabi/4.8.2/../../../arm-none-eabi/lib/armv7e-m/softfp/libc.a(lib_a-atexit.o) (__register_exitproc)
/usr/lib/gcc/arm-none-eabi/4.8.2/../../../arm-none-eabi/lib/armv7e-m/softfp/libc.a(lib_a-__call_atexit.o)
                              /usr/lib/gcc/arm-none-eabi/4.8.2/../../../arm-none-eabi/lib/armv7e-m/softfp/libc.a(lib_a-exit.o) (__call_exitprocs)
/usr/lib/gcc/arm-none-eabi/4.8.2/../../../arm-none-eabi/lib/armv7e-m/softfp/libc.a(lib_a-dtoa.o)
                              /usr/lib/gcc/arm-none-eabi/4.8.2/../../../arm-none-eabi/lib/armv7e-m/softfp/libc.a(lib_a-svfprintf.o) (_dtoa_r)
/usr/lib/gcc/arm-none-eabi/4.8.2/../../../arm-none-eabi/lib/armv7e-m/softfp/libc.a(lib_a-fflush.o)
                              /usr/lib/gcc/arm-none-eabi/4.8.2/../../../arm-none-eabi/lib/armv7e-m/softfp/libc.a(lib_a-vfprintf.o) (_fflush_r)
[...]
Memory Configuration

Name             Origin             Length             Attributes
FLASH            0x0000000008000000 0x0000000000100000 xr
RAM              0x0000000020000000 0x0000000000020000 xrw
MEMORY_B1        0x0000000060000000 0x0000000000000000 xr
*default*        0x0000000000000000 0xffffffffffffffff

Linker script and memory map

LOAD /usr/lib/gcc/arm-none-eabi/4.8.2/armv7e-m/softfp/crti.o
LOAD /usr/lib/gcc/arm-none-eabi/4.8.2/armv7e-m/softfp/crtbegin.o
LOAD /usr/lib/gcc/arm-none-eabi/4.8.2/../../../arm-none-eabi/lib/armv7e-m/softfp/crt0.o
LOAD obj/src/uart.o
LOAD obj/src/ustime.o
LOAD obj/src/main.o
LOAD obj/src/startup_stm32f4xx.o
LOAD obj/src/system_stm32f4xx.o
LOAD obj/src/syscalls.o
LOAD obj/src/modbus.o
LOAD obj/src/test.o
LOAD obj/src/hbperiph.o
LOAD obj/src/clock.o
LOAD obj/FreeRTOS/Source/tasks.o
LOAD obj/FreeRTOS/Source/queue.o
LOAD obj/FreeRTOS/Source/list.o
LOAD obj/FreeRTOS/Source/croutine.o
LOAD obj/FreeRTOS/Source/portable/GCC/ARM_CM4F/port.o
LOAD obj/libs/STM32F4xx_StdPeriph_Driver/src/misc.o
LOAD obj/libs/STM32F4xx_StdPeriph_Driver/src/stm32f4xx_adc.o
LOAD obj/libs/STM32F4xx_StdPeriph_Driver/src/stm32f4xx_can.o
LOAD obj/libs/STM32F4xx_StdPeriph_Driver/src/stm32f4xx_crc.o
LOAD obj/libs/STM32F4xx_StdPeriph_Driver/src/stm32f4xx_cryp.o
LOAD obj/libs/STM32F4xx_StdPeriph_Driver/src/stm32f4xx_cryp_aes.o
LOAD obj/libs/STM32F4xx_StdPeriph_Driver/src/stm32f4xx_cryp_des.o
LOAD obj/libs/STM32F4xx_StdPeriph_Driver/src/stm32f4xx_cryp_tdes.o
LOAD obj/libs/STM32F4xx_StdPeriph_Driver/src/stm32f4xx_dac.o
LOAD obj/libs/STM32F4xx_StdPeriph_Driver/src/stm32f4xx_dbgmcu.o
LOAD obj/libs/STM32F4xx_StdPeriph_Driver/src/stm32f4xx_dcmi.o
LOAD obj/libs/STM32F4xx_StdPeriph_Driver/src/stm32f4xx_dma.o
LOAD obj/libs/STM32F4xx_StdPeriph_Driver/src/stm32f4xx_exti.o
LOAD obj/libs/STM32F4xx_StdPeriph_Driver/src/stm32f4xx_flash.o
LOAD obj/libs/STM32F4xx_StdPeriph_Driver/src/stm32f4xx_fsmc.o
LOAD obj/libs/STM32F4xx_StdPeriph_Driver/src/stm32f4xx_gpio.o
LOAD obj/libs/STM32F4xx_StdPeriph_Driver/src/stm32f4xx_hash.o
LOAD obj/libs/STM32F4xx_StdPeriph_Driver/src/stm32f4xx_hash_md5.o
LOAD obj/libs/STM32F4xx_StdPeriph_Driver/src/stm32f4xx_hash_sha1.o
LOAD obj/libs/STM32F4xx_StdPeriph_Driver/src/stm32f4xx_i2c.o
LOAD obj/libs/STM32F4xx_StdPeriph_Driver/src/stm32f4xx_iwdg.o
LOAD obj/libs/STM32F4xx_StdPeriph_Driver/src/stm32f4xx_pwr.o
LOAD obj/libs/STM32F4xx_StdPeriph_Driver/src/stm32f4xx_rcc.o
LOAD obj/libs/STM32F4xx_StdPeriph_Driver/src/stm32f4xx_rng.o
LOAD obj/libs/STM32F4xx_StdPeriph_Driver/src/stm32f4xx_rtc.o
LOAD obj/libs/STM32F4xx_StdPeriph_Driver/src/stm32f4xx_sdio.o
LOAD obj/libs/STM32F4xx_StdPeriph_Driver/src/stm32f4xx_spi.o
LOAD obj/libs/STM32F4xx_StdPeriph_Driver/src/stm32f4xx_syscfg.o
LOAD obj/libs/STM32F4xx_StdPeriph_Driver/src/stm32f4xx_tim.o
LOAD obj/libs/STM32F4xx_StdPeriph_Driver/src/stm32f4xx_usart.o
LOAD obj/libs/STM32F4xx_StdPeriph_Driver/src/stm32f4xx_wwdg.o
LOAD /usr/lib/gcc/arm-none-eabi/4.8.2/../../../arm-none-eabi/lib/armv7e-m/softfp/libm.a
START GROUP
LOAD /usr/lib/gcc/arm-none-eabi/4.8.2/armv7e-m/softfp/libgcc.a
LOAD /usr/lib/gcc/arm-none-eabi/4.8.2/../../../arm-none-eabi/lib/armv7e-m/softfp/libc.a
END GROUP
LOAD /usr/lib/gcc/arm-none-eabi/4.8.2/armv7e-m/softfp/crtend.o
LOAD /usr/lib/gcc/arm-none-eabi/4.8.2/armv7e-m/softfp/crtn.o
                0x0000000020020000                _estack = 0x20020000
                0x0000000000000000                _Min_Heap_Size = 0x0
                0x0000000000000400                _Min_Stack_Size = 0x400

.isr_vector     0x0000000008000000      0x188
                0x0000000008000000                . = ALIGN (0x4)
 *(.isr_vector)
 .isr_vector    0x0000000008000000      0x188 obj/src/startup_stm32f4xx.o
                0x0000000008000000                g_pfnVectors
                0x0000000008000188                . = ALIGN (0x4)

.text           0x0000000008000188     0x41d0
                0x0000000008000188                . = ALIGN (0x4)
 *(.text)
 .text          0x0000000008000188       0xc8 /usr/lib/gcc/arm-none-eabi/4.8.2/armv7e-m/softfp/crtbegin.o
 .text          0x0000000008000250      0x134 /usr/lib/gcc/arm-none-eabi/4.8.2/../../../arm-none-eabi/lib/armv7e-m/softfp/libc.a(lib_a-memcpy.o)
                0x0000000008000250                memcpy
 *(.text*)
 .text.rb_getc  0x0000000008000384       0x64 obj/src/uart.o
 .text.rb_putc  0x00000000080003e8       0x64 obj/src/uart.o
 .text.USART1_IRQHandler
                0x000000000800044c       0xdc obj/src/uart.o
                0x000000000800044c                USART1_IRQHandler
 .text.get_us_time
                0x0000000008000528       0x8c obj/src/ustime.o
                0x0000000008000528                get_us_time
 .text.delay_us
                0x00000000080005b4       0x5c obj/src/ustime.o
                0x00000000080005b4                delay_us
 .text.delay_ms
                0x0000000008000610       0x20 obj/src/ustime.o
                0x0000000008000610                delay_ms
 .text.init_us_timer
                0x0000000008000630       0x7c obj/src/ustime.o
                0x0000000008000630                init_us_timer
 .text.idle_blinky
                0x00000000080006ac       0x68 obj/src/main.o
                0x00000000080006ac                idle_blinky
 .text.USART_put
                0x0000000008000714       0x24 obj/src/main.o
                0x0000000008000714                USART_put
 .text.USART_puts
                0x0000000008000738       0x24 obj/src/main.o
                0x0000000008000738                USART_puts
 .text.handle_uart_command
                0x000000000800075c       0x30 obj/src/main.o
                0x000000000800075c                handle_uart_command
 .text.vPH_read_value
                0x000000000800078c       0x64 obj/src/main.o
                0x000000000800078c                vPH_read_value
 .text.vPPump_dispense
                0x00000000080007f0       0xc8 obj/src/main.o
                0x00000000080007f0                vPPump_dispense
 .text.USART_put_int
                0x00000000080008b8       0x68 obj/src/main.o
                0x00000000080008b8                USART_put_int
 .text.vPH_task
                0x0000000008000920      0x26c obj/src/main.o
                0x0000000008000920                vPH_task
 .text.USART2_IRQHandler
                0x0000000008000b8c      0x13c obj/src/main.o
                0x0000000008000b8c                USART2_IRQHandler
 .text.initx    0x0000000008000cc8       0xdc obj/src/main.o
                0x0000000008000cc8                initx
 .text.TIM_PWM_init
                0x0000000008000da4       0x78 obj/src/main.o
                0x0000000008000da4                TIM_PWM_init
 .text.PPump_Init
                0x0000000008000e1c       0x30 obj/src/main.o
                0x0000000008000e1c                PPump_Init
 .text.main     0x0000000008000e4c      0x200 obj/src/main.o
                0x0000000008000e4c                main
 .text.Reset_Handler
                0x000000000800104c       0x58 obj/src/startup_stm32f4xx.o
                0x000000000800104c                Reset_Handler
 .text.Default_Handler
                0x00000000080010a4        0x2 obj/src/startup_stm32f4xx.o
                0x00000000080010a4                RTC_Alarm_IRQHandler
                0x00000000080010a4                HASH_RNG_IRQHandler
                0x00000000080010a4                EXTI2_IRQHandler
                0x00000000080010a4                TIM8_CC_IRQHandler
                0x00000000080010a4                DebugMon_Handler
                0x00000000080010a4                TIM1_CC_IRQHandler
                0x00000000080010a4                DMA2_Stream5_IRQHandler
                0x00000000080010a4                HardFault_Handler
                0x00000000080010a4                DMA1_Stream5_IRQHandler
                0x00000000080010a4                PVD_IRQHandler
                0x00000000080010a4                SDIO_IRQHandler
                0x00000000080010a4                TAMP_STAMP_IRQHandler
                0x00000000080010a4                NMI_Handler
                0x00000000080010a4                CAN2_RX1_IRQHandler
                0x00000000080010a4                EXTI3_IRQHandler
                0x00000000080010a4                TIM8_TRG_COM_TIM14_IRQHandler
                0x00000000080010a4                TIM1_UP_TIM10_IRQHandler
                0x00000000080010a4                TIM8_UP_TIM13_IRQHandler
                0x00000000080010a4                I2C3_ER_IRQHandler
                0x00000000080010a4                EXTI0_IRQHandler
                0x00000000080010a4                I2C2_EV_IRQHandler
                0x00000000080010a4                DMA1_Stream2_IRQHandler
                0x00000000080010a4                CAN1_RX0_IRQHandler
                0x00000000080010a4                FPU_IRQHandler
                0x00000000080010a4                OTG_HS_WKUP_IRQHandler
                0x00000000080010a4                UsageFault_Handler
                0x00000000080010a4                CAN2_SCE_IRQHandler
                0x00000000080010a4                DMA2_Stream2_IRQHandler
                0x00000000080010a4                SPI1_IRQHandler
                0x00000000080010a4                TIM6_DAC_IRQHandler
                0x00000000080010a4                TIM1_BRK_TIM9_IRQHandler
                0x00000000080010a4                DCMI_IRQHandler
                0x00000000080010a4                CAN2_RX0_IRQHandler
                0x00000000080010a4                DMA2_Stream3_IRQHandler
                0x00000000080010a4                USART6_IRQHandler
                0x00000000080010a4                USART3_IRQHandler
                0x00000000080010a4                CRYP_IRQHandler
                0x00000000080010a4                CAN1_RX1_IRQHandler
                0x00000000080010a4                UART5_IRQHandler
                0x00000000080010a4                DMA2_Stream0_IRQHandler
                0x00000000080010a4                TIM4_IRQHandler
                0x00000000080010a4                I2C1_EV_IRQHandler
                0x00000000080010a4                DMA1_Stream6_IRQHandler
                0x00000000080010a4                DMA1_Stream1_IRQHandler
                0x00000000080010a4                UART4_IRQHandler
                0x00000000080010a4                TIM3_IRQHandler
                0x00000000080010a4                RCC_IRQHandler
                0x00000000080010a4                TIM8_BRK_TIM12_IRQHandler
                0x00000000080010a4                Default_Handler
                0x00000000080010a4                EXTI15_10_IRQHandler
                0x00000000080010a4                ADC_IRQHandler
                0x00000000080010a4                DMA1_Stream7_IRQHandler
                0x00000000080010a4                TIM7_IRQHandler
                0x00000000080010a4                CAN2_TX_IRQHandler
                0x00000000080010a4                TIM5_IRQHandler
                0x00000000080010a4                DMA2_Stream7_IRQHandler
                0x00000000080010a4                I2C3_EV_IRQHandler
                0x00000000080010a4                EXTI9_5_IRQHandler
                0x00000000080010a4                RTC_WKUP_IRQHandler
                0x00000000080010a4                ETH_WKUP_IRQHandler
                0x00000000080010a4                SPI2_IRQHandler
                0x00000000080010a4                OTG_HS_EP1_IN_IRQHandler
                0x00000000080010a4                MemManage_Handler
                0x00000000080010a4                DMA1_Stream0_IRQHandler
                0x00000000080010a4                CAN1_TX_IRQHandler
                0x00000000080010a4                EXTI4_IRQHandler
                0x00000000080010a4                FSMC_IRQHandler
                0x00000000080010a4                ETH_IRQHandler
                0x00000000080010a4                OTG_HS_EP1_OUT_IRQHandler
                0x00000000080010a4                WWDG_IRQHandler
                0x00000000080010a4                TIM2_IRQHandler
                0x00000000080010a4                OTG_FS_WKUP_IRQHandler
                0x00000000080010a4                TIM1_TRG_COM_TIM11_IRQHandler
                0x00000000080010a4                OTG_HS_IRQHandler
                0x00000000080010a4                EXTI1_IRQHandler
                0x00000000080010a4                I2C2_ER_IRQHandler
                0x00000000080010a4                DMA2_Stream1_IRQHandler
                0x00000000080010a4                CAN1_SCE_IRQHandler
                0x00000000080010a4                FLASH_IRQHandler
                0x00000000080010a4                DMA2_Stream4_IRQHandler
                0x00000000080010a4                BusFault_Handler
                0x00000000080010a4                OTG_FS_IRQHandler
                0x00000000080010a4                SPI3_IRQHandler
                0x00000000080010a4                DMA1_Stream4_IRQHandler
                0x00000000080010a4                I2C1_ER_IRQHandler
                0x00000000080010a4                DMA2_Stream6_IRQHandler
                0x00000000080010a4                DMA1_Stream3_IRQHandler
 *fill*         0x00000000080010a6        0x2 
 .text.SystemInit
                0x00000000080010a8       0x90 obj/src/system_stm32f4xx.o
                0x00000000080010a8                SystemInit
 .text.SetSysClock
                0x0000000008001138      0x1d4 obj/src/system_stm32f4xx.o
 .text._sbrk_r  0x000000000800130c       0x90 obj/src/syscalls.o
                0x000000000800130c                _sbrk_r
 .text.__malloc_lock
                0x000000000800139c       0x14 obj/src/syscalls.o
                0x000000000800139c                __malloc_lock
 .text.__malloc_unlock
                0x00000000080013b0       0x14 obj/src/syscalls.o
                0x00000000080013b0                __malloc_unlock
 .text.ultrasonic_init
                0x00000000080013c4       0x38 obj/src/hbperiph.o
                0x00000000080013c4                ultrasonic_init
 .text.servo_init
                0x00000000080013fc       0x54 obj/src/hbperiph.o
                0x00000000080013fc                servo_init
 .text.servo_set_degrees
                0x0000000008001450       0x54 obj/src/hbperiph.o
                0x0000000008001450                servo_set_degrees
 .text.xTaskGenericCreate
                0x00000000080014a4      0x19c obj/FreeRTOS/Source/tasks.o
                0x00000000080014a4                xTaskGenericCreate
 .text.vTaskDelete
                0x0000000008001640       0xb4 obj/FreeRTOS/Source/tasks.o
                0x0000000008001640                vTaskDelete
 .text.vTaskDelay
                0x00000000080016f4       0x54 obj/FreeRTOS/Source/tasks.o
                0x00000000080016f4                vTaskDelay
 .text.vTaskStartScheduler
                0x0000000008001748       0x6c obj/FreeRTOS/Source/tasks.o
                0x0000000008001748                vTaskStartScheduler
 .text.vTaskSuspendAll
                0x00000000080017b4       0x24 obj/FreeRTOS/Source/tasks.o
                0x00000000080017b4                vTaskSuspendAll
 .text.xTaskResumeAll
                0x00000000080017d8      0x134 obj/FreeRTOS/Source/tasks.o
                0x00000000080017d8                xTaskResumeAll
 .text.vTaskIncrementTick
                0x000000000800190c      0x1a4 obj/FreeRTOS/Source/tasks.o
                0x000000000800190c                vTaskIncrementTick
 .text.vTaskSwitchContext
                0x0000000008001ab0       0xfc obj/FreeRTOS/Source/tasks.o
                0x0000000008001ab0                vTaskSwitchContext
 .text.vTaskPlaceOnEventList
                0x0000000008001bac       0x70 obj/FreeRTOS/Source/tasks.o
                0x0000000008001bac                vTaskPlaceOnEventList
 .text.xTaskRemoveFromEventList
                0x0000000008001c1c       0xb0 obj/FreeRTOS/Source/tasks.o
                0x0000000008001c1c                xTaskRemoveFromEventList
 .text.vTaskSetTimeOutState
                0x0000000008001ccc       0x30 obj/FreeRTOS/Source/tasks.o
                0x0000000008001ccc                vTaskSetTimeOutState
 .text.xTaskCheckForTimeOut
                0x0000000008001cfc       0x98 obj/FreeRTOS/Source/tasks.o
                0x0000000008001cfc                xTaskCheckForTimeOut
 .text.vTaskMissedYield
                0x0000000008001d94       0x18 obj/FreeRTOS/Source/tasks.o
                0x0000000008001d94                vTaskMissedYield
 .text.prvIdleTask
                0x0000000008001dac       0x24 obj/FreeRTOS/Source/tasks.o
 .text.prvInitialiseTCBVariables
                0x0000000008001dd0       0x78 obj/FreeRTOS/Source/tasks.o
 .text.prvInitialiseTaskLists
                0x0000000008001e48       0x98 obj/FreeRTOS/Source/tasks.o
 .text.prvCheckTasksWaitingTermination
                0x0000000008001ee0       0x90 obj/FreeRTOS/Source/tasks.o
 .text.prvAddCurrentTaskToDelayedList
                0x0000000008001f70       0x88 obj/FreeRTOS/Source/tasks.o
 .text.prvAllocateTCBAndStack
                0x0000000008001ff8       0x68 obj/FreeRTOS/Source/tasks.o
 .text.prvDeleteTCB
                0x0000000008002060       0x20 obj/FreeRTOS/Source/tasks.o
 .text.xTaskGetCurrentTaskHandle
                0x0000000008002080       0x20 obj/FreeRTOS/Source/tasks.o
                0x0000000008002080                xTaskGetCurrentTaskHandle
 .text.vTaskPriorityInherit
                0x00000000080020a0       0xc8 obj/FreeRTOS/Source/tasks.o
                0x00000000080020a0                vTaskPriorityInherit
 .text.vTaskPriorityDisinherit
                0x0000000008002168       0x84 obj/FreeRTOS/Source/tasks.o
                0x0000000008002168                vTaskPriorityDisinherit
 .text.xQueueCreateMutex
                0x00000000080021ec       0x7c obj/FreeRTOS/Source/queue.o
                0x00000000080021ec                xQueueCreateMutex
 .text.xQueueGenericSend
                0x0000000008002268      0x10c obj/FreeRTOS/Source/queue.o
                0x0000000008002268                xQueueGenericSend
 .text.xQueueGenericReceive
                0x0000000008002374      0x16c obj/FreeRTOS/Source/queue.o
                0x0000000008002374                xQueueGenericReceive
 .text.prvCopyDataToQueue
                0x00000000080024e0       0xb8 obj/FreeRTOS/Source/queue.o
 .text.prvCopyDataFromQueue
                0x0000000008002598       0x4c obj/FreeRTOS/Source/queue.o
 .text.prvUnlockQueue
                0x00000000080025e4       0x98 obj/FreeRTOS/Source/queue.o
 .text.prvIsQueueEmpty
                0x000000000800267c       0x2c obj/FreeRTOS/Source/queue.o
 .text.prvIsQueueFull
                0x00000000080026a8       0x30 obj/FreeRTOS/Source/queue.o
 .text.vListInitialise
                0x00000000080026d8       0x40 obj/FreeRTOS/Source/list.o
                0x00000000080026d8                vListInitialise
 .text.vListInitialiseItem
                0x0000000008002718       0x18 obj/FreeRTOS/Source/list.o
                0x0000000008002718                vListInitialiseItem
 .text.vListInsertEnd
                0x0000000008002730       0x50 obj/FreeRTOS/Source/list.o
                0x0000000008002730                vListInsertEnd
 .text.vListInsert
                0x0000000008002780       0x70 obj/FreeRTOS/Source/list.o
                0x0000000008002780                vListInsert
 .text.vListRemove
                0x00000000080027f0       0x50 obj/FreeRTOS/Source/list.o
                0x00000000080027f0                vListRemove
 .text.pxPortInitialiseStack
                0x0000000008002840       0x60 obj/FreeRTOS/Source/portable/GCC/ARM_CM4F/port.o
                0x0000000008002840                pxPortInitialiseStack
 .text.SVC_Handler
                0x00000000080028a0       0x1c obj/FreeRTOS/Source/portable/GCC/ARM_CM4F/port.o
                0x00000000080028a0                SVC_Handler
 .text.vPortStartFirstTask
                0x00000000080028bc       0x14 obj/FreeRTOS/Source/portable/GCC/ARM_CM4F/port.o
 .text.xPortStartScheduler
                0x00000000080028d0       0x6c obj/FreeRTOS/Source/portable/GCC/ARM_CM4F/port.o
                0x00000000080028d0                xPortStartScheduler
 .text.vPortYieldFromISR
                0x000000000800293c       0x1c obj/FreeRTOS/Source/portable/GCC/ARM_CM4F/port.o
                0x000000000800293c                vPortYieldFromISR
 .text.vPortEnterCritical
                0x0000000008002958       0x2c obj/FreeRTOS/Source/portable/GCC/ARM_CM4F/port.o
                0x0000000008002958                vPortEnterCritical
 .text.vPortExitCritical
                0x0000000008002984       0x38 obj/FreeRTOS/Source/portable/GCC/ARM_CM4F/port.o
                0x0000000008002984                vPortExitCritical
 .text.PendSV_Handler
                0x00000000080029bc       0x50 obj/FreeRTOS/Source/portable/GCC/ARM_CM4F/port.o
                0x00000000080029bc                PendSV_Handler
 .text.SysTick_Handler
                0x0000000008002a0c       0x34 obj/FreeRTOS/Source/portable/GCC/ARM_CM4F/port.o
                0x0000000008002a0c                SysTick_Handler
 .text.prvSetupTimerInterrupt
                0x0000000008002a40       0x3c obj/FreeRTOS/Source/portable/GCC/ARM_CM4F/port.o
 .text.vPortEnableVFP
                0x0000000008002a7c       0x14 obj/FreeRTOS/Source/portable/GCC/ARM_CM4F/port.o
 .text.NVIC_Init
                0x0000000008002a90       0xcc obj/libs/STM32F4xx_StdPeriph_Driver/src/misc.o
                0x0000000008002a90                NVIC_Init
 .text.GPIO_Init
                0x0000000008002b5c      0x11c obj/libs/STM32F4xx_StdPeriph_Driver/src/stm32f4xx_gpio.o
                0x0000000008002b5c                GPIO_Init
 .text.GPIO_SetBits
                0x0000000008002c78       0x1c obj/libs/STM32F4xx_StdPeriph_Driver/src/stm32f4xx_gpio.o
                0x0000000008002c78                GPIO_SetBits
 .text.GPIO_ResetBits
                0x0000000008002c94       0x1c obj/libs/STM32F4xx_StdPeriph_Driver/src/stm32f4xx_gpio.o
                0x0000000008002c94                GPIO_ResetBits
 .text.GPIO_PinAFConfig
                0x0000000008002cb0       0x8c obj/libs/STM32F4xx_StdPeriph_Driver/src/stm32f4xx_gpio.o
                0x0000000008002cb0                GPIO_PinAFConfig
 .text.RCC_GetClocksFreq
                0x0000000008002d3c      0x1a8 obj/libs/STM32F4xx_StdPeriph_Driver/src/stm32f4xx_rcc.o
                0x0000000008002d3c                RCC_GetClocksFreq
 .text.RCC_AHB1PeriphClockCmd
                0x0000000008002ee4       0x50 obj/libs/STM32F4xx_StdPeriph_Driver/src/stm32f4xx_rcc.o
                0x0000000008002ee4                RCC_AHB1PeriphClockCmd
 .text.RCC_APB1PeriphClockCmd
                0x0000000008002f34       0x50 obj/libs/STM32F4xx_StdPeriph_Driver/src/stm32f4xx_rcc.o
                0x0000000008002f34                RCC_APB1PeriphClockCmd
 .text.TIM_TimeBaseInit
                0x0000000008002f84       0xec obj/libs/STM32F4xx_StdPeriph_Driver/src/stm32f4xx_tim.o
                0x0000000008002f84                TIM_TimeBaseInit
 .text.TIM_ARRPreloadConfig
                0x0000000008003070       0x40 obj/libs/STM32F4xx_StdPeriph_Driver/src/stm32f4xx_tim.o
                0x0000000008003070                TIM_ARRPreloadConfig
 .text.TIM_Cmd  0x00000000080030b0       0x40 obj/libs/STM32F4xx_StdPeriph_Driver/src/stm32f4xx_tim.o
                0x00000000080030b0                TIM_Cmd
 .text.TIM_OC1Init
                0x00000000080030f0       0xf4 obj/libs/STM32F4xx_StdPeriph_Driver/src/stm32f4xx_tim.o
                0x00000000080030f0                TIM_OC1Init
 .text.TIM_OC2Init
                0x00000000080031e4      0x110 obj/libs/STM32F4xx_StdPeriph_Driver/src/stm32f4xx_tim.o
                0x00000000080031e4                TIM_OC2Init
 .text.TIM_OC1PreloadConfig
                0x00000000080032f4       0x38 obj/libs/STM32F4xx_StdPeriph_Driver/src/stm32f4xx_tim.o
                0x00000000080032f4                TIM_OC1PreloadConfig
 .text.TIM_OC2PreloadConfig
                0x000000000800332c       0x3c obj/libs/STM32F4xx_StdPeriph_Driver/src/stm32f4xx_tim.o
                0x000000000800332c                TIM_OC2PreloadConfig
 .text.USART_Init
                0x0000000008003368      0x188 obj/libs/STM32F4xx_StdPeriph_Driver/src/stm32f4xx_usart.o
                0x0000000008003368                USART_Init
 .text.USART_Cmd
                0x00000000080034f0       0x40 obj/libs/STM32F4xx_StdPeriph_Driver/src/stm32f4xx_usart.o
                0x00000000080034f0                USART_Cmd
 .text.USART_SendData
                0x0000000008003530       0x24 obj/libs/STM32F4xx_StdPeriph_Driver/src/stm32f4xx_usart.o
                0x0000000008003530                USART_SendData
 .text.USART_ITConfig
                0x0000000008003554       0x90 obj/libs/STM32F4xx_StdPeriph_Driver/src/stm32f4xx_usart.o
                0x0000000008003554                USART_ITConfig
 .text.USART_GetITStatus
                0x00000000080035e4       0xb0 obj/libs/STM32F4xx_StdPeriph_Driver/src/stm32f4xx_usart.o
                0x00000000080035e4                USART_GetITStatus
 .text.atexit   0x0000000008003694        0xc /usr/lib/gcc/arm-none-eabi/4.8.2/../../../arm-none-eabi/lib/armv7e-m/softfp/libc.a(lib_a-atexit.o)
                0x0000000008003694                atexit
 .text.__libc_fini_array
                0x00000000080036a0       0x34 /usr/lib/gcc/arm-none-eabi/4.8.2/../../../arm-none-eabi/lib/armv7e-m/softfp/libc.a(lib_a-fini.o)
                0x00000000080036a0                __libc_fini_array
 .text.__libc_init_array
                0x00000000080036d4       0x5c /usr/lib/gcc/arm-none-eabi/4.8.2/../../../arm-none-eabi/lib/armv7e-m/softfp/libc.a(lib_a-init.o)
                0x00000000080036d4                __libc_init_array
 .text.malloc   0x0000000008003730       0x10 /usr/lib/gcc/arm-none-eabi/4.8.2/../../../arm-none-eabi/lib/armv7e-m/softfp/libc.a(lib_a-malloc.o)
                0x0000000008003730                malloc
 .text.free     0x0000000008003740       0x10 /usr/lib/gcc/arm-none-eabi/4.8.2/../../../arm-none-eabi/lib/armv7e-m/softfp/libc.a(lib_a-malloc.o)
                0x0000000008003740                free
 .text._malloc_r
                0x0000000008003750      0x564 /usr/lib/gcc/arm-none-eabi/4.8.2/../../../arm-none-eabi/lib/armv7e-m/softfp/libc.a(lib_a-mallocr.o)
                0x0000000008003750                _malloc_r
 .text.memset   0x0000000008003cb4       0x94 /usr/lib/gcc/arm-none-eabi/4.8.2/../../../arm-none-eabi/lib/armv7e-m/softfp/libc.a(lib_a-memset.o)
                0x0000000008003cb4                memset
 .text.strncpy  0x0000000008003d48       0x68 /usr/lib/gcc/arm-none-eabi/4.8.2/../../../arm-none-eabi/lib/armv7e-m/softfp/libc.a(lib_a-strncpy.o)
                0x0000000008003d48                strncpy
 .text.__register_exitproc
                0x0000000008003db0       0xac /usr/lib/gcc/arm-none-eabi/4.8.2/../../../arm-none-eabi/lib/armv7e-m/softfp/libc.a(lib_a-__atexit.o)
                0x0000000008003db0                __register_exitproc
 .text.startup.register_fini
                0x0000000008003e5c       0x18 /usr/lib/gcc/arm-none-eabi/4.8.2/../../../arm-none-eabi/lib/armv7e-m/softfp/libc.a(lib_a-__call_atexit.o)
 .text._malloc_trim_r
                0x0000000008003e74       0xa4 /usr/lib/gcc/arm-none-eabi/4.8.2/../../../arm-none-eabi/lib/armv7e-m/softfp/libc.a(lib_a-freer.o)
                0x0000000008003e74                _malloc_trim_r
 .text._free_r  0x0000000008003f18      0x19c /usr/lib/gcc/arm-none-eabi/4.8.2/../../../arm-none-eabi/lib/armv7e-m/softfp/libc.a(lib_a-freer.o)
                0x0000000008003f18                _free_r
 *(.rodata)
 .rodata        0x00000000080040b4       0x74 obj/FreeRTOS/Source/tasks.o
 *(.rodata*)
 .rodata.str1.4
                0x0000000008004128      0x20e obj/src/main.o
                                        0x214 (size before relaxing)
 *fill*         0x0000000008004336        0x2 
 .rodata.str1.4
                0x0000000008004338        0x4 /usr/lib/gcc/arm-none-eabi/4.8.2/../../../arm-none-eabi/lib/armv7e-m/softfp/libc.a(lib_a-impure.o)
 .rodata._global_impure_ptr
                0x000000000800433c        0x4 /usr/lib/gcc/arm-none-eabi/4.8.2/../../../arm-none-eabi/lib/armv7e-m/softfp/libc.a(lib_a-impure.o)
                0x000000000800433c                _global_impure_ptr
 *(.glue_7)
 .glue_7        0x0000000000000000        0x0 linker stubs
 *(.glue_7t)
 .glue_7t       0x0000000000000000        0x0 linker stubs
 *(.eh_frame)
 .eh_frame      0x0000000008004340        0x0 /usr/lib/gcc/arm-none-eabi/4.8.2/armv7e-m/softfp/crtbegin.o
 *(.init)
 .init          0x0000000008004340        0x4 /usr/lib/gcc/arm-none-eabi/4.8.2/armv7e-m/softfp/crti.o
                0x0000000008004340                _init
 .init          0x0000000008004344        0x8 /usr/lib/gcc/arm-none-eabi/4.8.2/armv7e-m/softfp/crtn.o
 *(.fini)
 .fini          0x000000000800434c        0x4 /usr/lib/gcc/arm-none-eabi/4.8.2/armv7e-m/softfp/crti.o
                0x000000000800434c                _fini
 .fini          0x0000000008004350        0x8 /usr/lib/gcc/arm-none-eabi/4.8.2/armv7e-m/softfp/crtn.o
                0x0000000008004358                . = ALIGN (0x4)
                0x0000000008004358                _etext = .

.vfp11_veneer   0x0000000008004358        0x0
 .vfp11_veneer  0x0000000000000000        0x0 linker stubs

.v4_bx          0x0000000008004358        0x0
 .v4_bx         0x0000000000000000        0x0 linker stubs

.iplt           0x0000000008004358        0x0
 .iplt          0x0000000000000000        0x0 /usr/lib/gcc/arm-none-eabi/4.8.2/armv7e-m/softfp/crtbegin.o

.rel.dyn        0x0000000008004358        0x0
 .rel.iplt      0x0000000000000000        0x0 /usr/lib/gcc/arm-none-eabi/4.8.2/armv7e-m/softfp/crtbegin.o

.ARM.extab
 *(.ARM.extab* .gnu.linkonce.armextab.*)

.ARM            0x0000000008004358        0x0
                0x0000000008004358                __exidx_start = .
 *(.ARM.exidx*)
                0x0000000008004358                __exidx_end = .

.preinit_array  0x0000000008004358        0x0
                0x0000000008004358                PROVIDE (__preinit_array_start, .)
 *(.preinit_array*)
                0x0000000008004358                PROVIDE (__preinit_array_end, .)

.init_array     0x0000000008004358        0x8
                0x0000000008004358                PROVIDE (__init_array_start, .)
 *(SORT(.init_array.*))
 .init_array.00000
                0x0000000008004358        0x4 /usr/lib/gcc/arm-none-eabi/4.8.2/../../../arm-none-eabi/lib/armv7e-m/softfp/libc.a(lib_a-__call_atexit.o)
 *(.init_array*)
 .init_array    0x000000000800435c        0x4 /usr/lib/gcc/arm-none-eabi/4.8.2/armv7e-m/softfp/crtbegin.o
                0x0000000008004360                PROVIDE (__init_array_end, .)

.fini_array     0x0000000008004360        0x4
                0x0000000008004360                PROVIDE (__fini_array_start, .)
 *(.fini_array*)
 .fini_array    0x0000000008004360        0x4 /usr/lib/gcc/arm-none-eabi/4.8.2/armv7e-m/softfp/crtbegin.o
 *(SORT(.fini_array.*))
                0x0000000008004364                PROVIDE (__fini_array_end, .)
                0x0000000008004364                _sidata = .

.data           0x0000000020000000      0x884 load address 0x0000000008004364
                0x0000000020000000                . = ALIGN (0x4)
                0x0000000020000000                _sdata = .
 *(.data)
 *(.data*)
 .data.rx_buf   0x0000000020000000       0x10 obj/src/uart.o
 .data.tx_buf   0x0000000020000010       0x10 obj/src/uart.o
 .data.TEST_PH_VALUE
                0x0000000020000020        0x4 obj/src/main.o
                0x0000000020000020                TEST_PH_VALUE
 .data.SystemCoreClock
                0x0000000020000024        0x4 obj/src/system_stm32f4xx.o
                0x0000000020000024                SystemCoreClock
 .data.__malloc_margin
                0x0000000020000028        0x4 obj/src/syscalls.o
                0x0000000020000028                __malloc_margin
 .data.xNextTaskUnblockTime
                0x000000002000002c        0x4 obj/FreeRTOS/Source/tasks.o
 .data.uxCriticalNesting
                0x0000000020000030        0x4 obj/FreeRTOS/Source/portable/GCC/ARM_CM4F/port.o
 .data.APBAHBPrescTable
                0x0000000020000034       0x10 obj/libs/STM32F4xx_StdPeriph_Driver/src/stm32f4xx_rcc.o
 *fill*         0x0000000020000044        0x4 
 .data.impure_data
                0x0000000020000048      0x428 /usr/lib/gcc/arm-none-eabi/4.8.2/../../../arm-none-eabi/lib/armv7e-m/softfp/libc.a(lib_a-impure.o)
 .data._impure_ptr
                0x0000000020000470        0x4 /usr/lib/gcc/arm-none-eabi/4.8.2/../../../arm-none-eabi/lib/armv7e-m/softfp/libc.a(lib_a-impure.o)
                0x0000000020000470                _impure_ptr
 .data.__malloc_av_
                0x0000000020000474      0x408 /usr/lib/gcc/arm-none-eabi/4.8.2/../../../arm-none-eabi/lib/armv7e-m/softfp/libc.a(lib_a-mallocr.o)
                0x0000000020000474                __malloc_av_
 .data.__malloc_trim_threshold
                0x000000002000087c        0x4 /usr/lib/gcc/arm-none-eabi/4.8.2/../../../arm-none-eabi/lib/armv7e-m/softfp/libc.a(lib_a-mallocr.o)
                0x000000002000087c                __malloc_trim_threshold
 .data.__malloc_sbrk_base
                0x0000000020000880        0x4 /usr/lib/gcc/arm-none-eabi/4.8.2/../../../arm-none-eabi/lib/armv7e-m/softfp/libc.a(lib_a-mallocr.o)
                0x0000000020000880                __malloc_sbrk_base
                0x0000000020000884                . = ALIGN (0x4)
                0x0000000020000884                _edata = .

.jcr            0x0000000020000884        0x0 load address 0x0000000008004be8
 .jcr           0x0000000020000884        0x0 /usr/lib/gcc/arm-none-eabi/4.8.2/armv7e-m/softfp/crtbegin.o

.tm_clone_table
                0x0000000020000884        0x0 load address 0x0000000008004be8
 .tm_clone_table
                0x0000000020000884        0x0 /usr/lib/gcc/arm-none-eabi/4.8.2/armv7e-m/softfp/crtbegin.o
 .tm_clone_table
                0x0000000020000884        0x0 /usr/lib/gcc/arm-none-eabi/4.8.2/armv7e-m/softfp/crtend.o

.igot.plt       0x0000000020000884        0x0 load address 0x0000000008004be8
 .igot.plt      0x0000000000000000        0x0 /usr/lib/gcc/arm-none-eabi/4.8.2/armv7e-m/softfp/crtbegin.o
                0x0000000020000884                . = ALIGN (0x4)

.bss            0x0000000020000888      0x594 load address 0x0000000008004be8
                0x0000000020000888                _sbss = .
                0x0000000020000888                __bss_start__ = _sbss
 *(.bss)
 .bss           0x0000000020000888       0x1c /usr/lib/gcc/arm-none-eabi/4.8.2/armv7e-m/softfp/crtbegin.o
 *(.bss*)
 .bss.__compound_literal.0
                0x00000000200008a4       0x80 obj/src/uart.o
 .bss.__compound_literal.1
                0x0000000020000924       0x80 obj/src/uart.o
 .bss.uart_stats
                0x00000000200009a4        0xc obj/src/uart.o
 .bss.t0.7354   0x00000000200009b0        0x2 obj/src/ustime.o
 *fill*         0x00000000200009b2        0x6 
 .bss.tickcount.7355
                0x00000000200009b8        0x8 obj/src/ustime.o
 .bss.input_lock
                0x00000000200009c0        0x1 obj/src/main.o
                0x00000000200009c0                input_lock
 .bss.count.9477
                0x00000000200009c1        0x1 obj/src/main.o
 .bss.write_pos
                0x00000000200009c2        0x1 obj/src/main.o
                0x00000000200009c2                write_pos
 *fill*         0x00000000200009c3        0x1 
 .bss.pxCurrentTCB
                0x00000000200009c4        0x4 obj/FreeRTOS/Source/tasks.o
                0x00000000200009c4                pxCurrentTCB
 .bss.pxReadyTasksLists
                0x00000000200009c8       0x64 obj/FreeRTOS/Source/tasks.o
 .bss.xDelayedTaskList1
                0x0000000020000a2c       0x14 obj/FreeRTOS/Source/tasks.o
 .bss.xDelayedTaskList2
                0x0000000020000a40       0x14 obj/FreeRTOS/Source/tasks.o
 .bss.pxDelayedTaskList
                0x0000000020000a54        0x4 obj/FreeRTOS/Source/tasks.o
 .bss.pxOverflowDelayedTaskList
                0x0000000020000a58        0x4 obj/FreeRTOS/Source/tasks.o
 .bss.xPendingReadyList
                0x0000000020000a5c       0x14 obj/FreeRTOS/Source/tasks.o
 .bss.xTasksWaitingTermination
                0x0000000020000a70       0x14 obj/FreeRTOS/Source/tasks.o
 .bss.uxTasksDeleted
                0x0000000020000a84        0x4 obj/FreeRTOS/Source/tasks.o
 .bss.xSuspendedTaskList
                0x0000000020000a88       0x14 obj/FreeRTOS/Source/tasks.o
 .bss.xIdleTaskHandle
                0x0000000020000a9c        0x4 obj/FreeRTOS/Source/tasks.o
 .bss.uxCurrentNumberOfTasks
                0x0000000020000aa0        0x4 obj/FreeRTOS/Source/tasks.o
 .bss.xTickCount
                0x0000000020000aa4        0x4 obj/FreeRTOS/Source/tasks.o
 .bss.uxTopUsedPriority
                0x0000000020000aa8        0x4 obj/FreeRTOS/Source/tasks.o
 .bss.uxTopReadyPriority
                0x0000000020000aac        0x4 obj/FreeRTOS/Source/tasks.o
 .bss.xSchedulerRunning
                0x0000000020000ab0        0x4 obj/FreeRTOS/Source/tasks.o
 .bss.uxSchedulerSuspended
                0x0000000020000ab4        0x4 obj/FreeRTOS/Source/tasks.o
 .bss.uxMissedTicks
                0x0000000020000ab8        0x4 obj/FreeRTOS/Source/tasks.o
 .bss.xMissedYield
                0x0000000020000abc        0x4 obj/FreeRTOS/Source/tasks.o
 .bss.xNumOfOverflows
                0x0000000020000ac0        0x4 obj/FreeRTOS/Source/tasks.o
 .bss.uxTaskNumber
                0x0000000020000ac4        0x4 obj/FreeRTOS/Source/tasks.o
 .bss.ulTaskSwitchedInTime
                0x0000000020000ac8        0x4 obj/FreeRTOS/Source/tasks.o
 .bss.__malloc_max_total_mem
                0x0000000020000acc        0x4 /usr/lib/gcc/arm-none-eabi/4.8.2/../../../arm-none-eabi/lib/armv7e-m/softfp/libc.a(lib_a-mallocr.o)
                0x0000000020000acc                __malloc_max_total_mem
 .bss.__malloc_max_sbrked_mem
                0x0000000020000ad0        0x4 /usr/lib/gcc/arm-none-eabi/4.8.2/../../../arm-none-eabi/lib/armv7e-m/softfp/libc.a(lib_a-mallocr.o)
                0x0000000020000ad0                __malloc_max_sbrked_mem
 .bss.__malloc_top_pad
                0x0000000020000ad4        0x4 /usr/lib/gcc/arm-none-eabi/4.8.2/../../../arm-none-eabi/lib/armv7e-m/softfp/libc.a(lib_a-mallocr.o)
                0x0000000020000ad4                __malloc_top_pad
 .bss.__malloc_current_mallinfo
                0x0000000020000ad8       0x28 /usr/lib/gcc/arm-none-eabi/4.8.2/../../../arm-none-eabi/lib/armv7e-m/softfp/libc.a(lib_a-mallocr.o)
                0x0000000020000ad8                __malloc_current_mallinfo
 *(COMMON)
 COMMON         0x0000000020000b00      0x315 obj/src/main.o
                0x0000000020000b00                UDS_PHDOWN
                0x0000000020000b64                UDS_PHUP
                0x0000000020000bc8                PHMeter_Resvoir
                0x0000000020000bd4                PPump_PHUP
                0x0000000020000c0c                UDS_NUTRIENT
                0x0000000020000c70                PPump_NUTRIENT
                0x0000000020000ca8                PPump_PHDOWN
                0x0000000020000ce0                ph_p
                0x0000000020000ce8                received_string
 *fill*         0x0000000020000e15        0x3 
 COMMON         0x0000000020000e18        0x4 obj/src/syscalls.o
                0x0000000020000e18                __brkval
                0x0000000020000e1c                . = ALIGN (0x4)
                0x0000000020000e1c                _ebss = .
                0x0000000020000e1c                __bss_end__ = _ebss

._user_heap_stack
                0x0000000020000e1c      0x400 load address 0x0000000008004be8
                0x0000000020000e1c                . = ALIGN (0x4)
                0x0000000020000e1c                PROVIDE (end, .)
                0x0000000020000e1c                PROVIDE (_end, .)
                0x0000000020000e1c                . = (. + _Min_Heap_Size)
                0x000000002000121c                . = (. + _Min_Stack_Size)
 *fill*         0x0000000020000e1c      0x400 
                0x000000002000121c                . = ALIGN (0x4)

.memory_b1_text
 *(.mb1text)
 *(.mb1text*)
 *(.mb1rodata)
 *(.mb1rodata*)

/DISCARD/
 libc.a(*)
 libm.a(*)
 libgcc.a(*)

.ARM.attributes
                0x0000000000000000       0x2e
 *(.ARM.attributes)
 .ARM.attributes
                0x0000000000000000       0x22 /usr/lib/gcc/arm-none-eabi/4.8.2/armv7e-m/softfp/crti.o
 .ARM.attributes
                0x0000000000000022       0x32 /usr/lib/gcc/arm-none-eabi/4.8.2/armv7e-m/softfp/crtbegin.o
 .ARM.attributes
                0x0000000000000054       0x37 obj/src/uart.o
 .ARM.attributes
                0x000000000000008b       0x37 obj/src/ustime.o
 .ARM.attributes
                0x00000000000000c2       0x37 obj/src/main.o
 .ARM.attributes
                0x00000000000000f9       0x21 obj/src/startup_stm32f4xx.o
 .ARM.attributes
                0x000000000000011a       0x37 obj/src/system_stm32f4xx.o
 .ARM.attributes
                0x0000000000000151       0x37 obj/src/syscalls.o
 .ARM.attributes
                0x0000000000000188       0x37 obj/src/hbperiph.o
 .ARM.attributes
                0x00000000000001bf       0x37 obj/FreeRTOS/Source/tasks.o
 .ARM.attributes
                0x00000000000001f6       0x37 obj/FreeRTOS/Source/queue.o
 .ARM.attributes
                0x000000000000022d       0x37 obj/FreeRTOS/Source/list.o
 .ARM.attributes
                0x0000000000000264       0x37 obj/FreeRTOS/Source/portable/GCC/ARM_CM4F/port.o
 .ARM.attributes
                0x000000000000029b       0x37 obj/libs/STM32F4xx_StdPeriph_Driver/src/misc.o
 .ARM.attributes
                0x00000000000002d2       0x37 obj/libs/STM32F4xx_StdPeriph_Driver/src/stm32f4xx_gpio.o
 .ARM.attributes
                0x0000000000000309       0x37 obj/libs/STM32F4xx_StdPeriph_Driver/src/stm32f4xx_rcc.o
 .ARM.attributes
                0x0000000000000340       0x37 obj/libs/STM32F4xx_StdPeriph_Driver/src/stm32f4xx_tim.o
 .ARM.attributes
                0x0000000000000377       0x37 obj/libs/STM32F4xx_StdPeriph_Driver/src/stm32f4xx_usart.o
 .ARM.attributes
                0x00000000000003ae       0x32 /usr/lib/gcc/arm-none-eabi/4.8.2/../../../arm-none-eabi/lib/armv7e-m/softfp/libc.a(lib_a-atexit.o)
 .ARM.attributes
                0x00000000000003e0       0x32 /usr/lib/gcc/arm-none-eabi/4.8.2/../../../arm-none-eabi/lib/armv7e-m/softfp/libc.a(lib_a-fini.o)
 .ARM.attributes
                0x0000000000000412       0x32 /usr/lib/gcc/arm-none-eabi/4.8.2/../../../arm-none-eabi/lib/armv7e-m/softfp/libc.a(lib_a-impure.o)
 .ARM.attributes
                0x0000000000000444       0x32 /usr/lib/gcc/arm-none-eabi/4.8.2/../../../arm-none-eabi/lib/armv7e-m/softfp/libc.a(lib_a-init.o)
 .ARM.attributes
                0x0000000000000476       0x32 /usr/lib/gcc/arm-none-eabi/4.8.2/../../../arm-none-eabi/lib/armv7e-m/softfp/libc.a(lib_a-malloc.o)
 .ARM.attributes
                0x00000000000004a8       0x32 /usr/lib/gcc/arm-none-eabi/4.8.2/../../../arm-none-eabi/lib/armv7e-m/softfp/libc.a(lib_a-mallocr.o)
 .ARM.attributes
                0x00000000000004da       0x20 /usr/lib/gcc/arm-none-eabi/4.8.2/../../../arm-none-eabi/lib/armv7e-m/softfp/libc.a(lib_a-memcpy.o)
 .ARM.attributes
                0x00000000000004fa       0x32 /usr/lib/gcc/arm-none-eabi/4.8.2/../../../arm-none-eabi/lib/armv7e-m/softfp/libc.a(lib_a-memset.o)
 .ARM.attributes
                0x000000000000052c       0x32 /usr/lib/gcc/arm-none-eabi/4.8.2/../../../arm-none-eabi/lib/armv7e-m/softfp/libc.a(lib_a-strncpy.o)
 .ARM.attributes
                0x000000000000055e       0x32 /usr/lib/gcc/arm-none-eabi/4.8.2/../../../arm-none-eabi/lib/armv7e-m/softfp/libc.a(lib_a-__atexit.o)
 .ARM.attributes
                0x0000000000000590       0x32 /usr/lib/gcc/arm-none-eabi/4.8.2/../../../arm-none-eabi/lib/armv7e-m/softfp/libc.a(lib_a-__call_atexit.o)
 .ARM.attributes
                0x00000000000005c2       0x32 /usr/lib/gcc/arm-none-eabi/4.8.2/../../../arm-none-eabi/lib/armv7e-m/softfp/libc.a(lib_a-freer.o)
 .ARM.attributes
                0x00000000000005f4       0x32 /usr/lib/gcc/arm-none-eabi/4.8.2/armv7e-m/softfp/crtend.o
 .ARM.attributes
                0x0000000000000626       0x22 /usr/lib/gcc/arm-none-eabi/4.8.2/armv7e-m/softfp/crtn.o
OUTPUT(obj/app.elf elf32-littlearm)

.comment        0x0000000000000000       0x1f
 .comment       0x0000000000000000       0x1f /usr/lib/gcc/arm-none-eabi/4.8.2/armv7e-m/softfp/crtbegin.o
                                         0x20 (size before relaxing)
 .comment       0x0000000000000000       0x20 obj/src/uart.o
 .comment       0x0000000000000000       0x20 obj/src/ustime.o
 .comment       0x0000000000000000       0x20 obj/src/main.o
 .comment       0x0000000000000000       0x20 obj/src/system_stm32f4xx.o
 .comment       0x0000000000000000       0x20 obj/src/syscalls.o
 .comment       0x0000000000000000       0x20 obj/src/hbperiph.o
 .comment       0x0000000000000000       0x20 obj/FreeRTOS/Source/tasks.o
 .comment       0x0000000000000000       0x20 obj/FreeRTOS/Source/queue.o
 .comment       0x0000000000000000       0x20 obj/FreeRTOS/Source/list.o
 .comment       0x0000000000000000       0x20 obj/FreeRTOS/Source/portable/GCC/ARM_CM4F/port.o
 .comment       0x0000000000000000       0x20 obj/libs/STM32F4xx_StdPeriph_Driver/src/misc.o
 .comment       0x0000000000000000       0x20 obj/libs/STM32F4xx_StdPeriph_Driver/src/stm32f4xx_gpio.o
 .comment       0x0000000000000000       0x20 obj/libs/STM32F4xx_StdPeriph_Driver/src/stm32f4xx_rcc.o
 .comment       0x0000000000000000       0x20 obj/libs/STM32F4xx_StdPeriph_Driver/src/stm32f4xx_tim.o
 .comment       0x0000000000000000       0x20 obj/libs/STM32F4xx_StdPeriph_Driver/src/stm32f4xx_usart.o
 .comment       0x0000000000000000       0x20 /usr/lib/gcc/arm-none-eabi/4.8.2/../../../arm-none-eabi/lib/armv7e-m/softfp/libc.a(lib_a-atexit.o)
 .comment       0x0000000000000000       0x20 /usr/lib/gcc/arm-none-eabi/4.8.2/../../../arm-none-eabi/lib/armv7e-m/softfp/libc.a(lib_a-fini.o)
 .comment       0x0000000000000000       0x20 /usr/lib/gcc/arm-none-eabi/4.8.2/../../../arm-none-eabi/lib/armv7e-m/softfp/libc.a(lib_a-impure.o)
 .comment       0x0000000000000000       0x20 /usr/lib/gcc/arm-none-eabi/4.8.2/../../../arm-none-eabi/lib/armv7e-m/softfp/libc.a(lib_a-init.o)
 .comment       0x0000000000000000       0x20 /usr/lib/gcc/arm-none-eabi/4.8.2/../../../arm-none-eabi/lib/armv7e-m/softfp/libc.a(lib_a-malloc.o)
 .comment       0x0000000000000000       0x20 /usr/lib/gcc/arm-none-eabi/4.8.2/../../../arm-none-eabi/lib/armv7e-m/softfp/libc.a(lib_a-mallocr.o)
 .comment       0x0000000000000000       0x20 /usr/lib/gcc/arm-none-eabi/4.8.2/../../../arm-none-eabi/lib/armv7e-m/softfp/libc.a(lib_a-memset.o)
 .comment       0x0000000000000000       0x20 /usr/lib/gcc/arm-none-eabi/4.8.2/../../../arm-none-eabi/lib/armv7e-m/softfp/libc.a(lib_a-strncpy.o)
 .comment       0x0000000000000000       0x20 /usr/lib/gcc/arm-none-eabi/4.8.2/../../../arm-none-eabi/lib/armv7e-m/softfp/libc.a(lib_a-__atexit.o)
 .comment       0x0000000000000000       0x20 /usr/lib/gcc/arm-none-eabi/4.8.2/../../../arm-none-eabi/lib/armv7e-m/softfp/libc.a(lib_a-__call_atexit.o)
 .comment       0x0000000000000000       0x20 /usr/lib/gcc/arm-none-eabi/4.8.2/../../../arm-none-eabi/lib/armv7e-m/softfp/libc.a(lib_a-freer.o)
 .comment       0x0000000000000000       0x20 /usr/lib/gcc/arm-none-eabi/4.8.2/armv7e-m/softfp/crtend.o

.debug_info     0x0000000000000000    0x101be
 .debug_info    0x0000000000000000     0x142b obj/src/uart.o
 .debug_info    0x000000000000142b      0x64f obj/src/ustime.o
 .debug_info    0x0000000000001a7a     0x28a4 obj/src/main.o
 .debug_info    0x000000000000431e      0x625 obj/src/system_stm32f4xx.o
 .debug_info    0x0000000000004943      0xe9b obj/src/syscalls.o
 .debug_info    0x00000000000057de      0x3e0 obj/src/hbperiph.o
 .debug_info    0x0000000000005bbe     0x1215 obj/FreeRTOS/Source/tasks.o
 .debug_info    0x0000000000006dd3      0x7a3 obj/FreeRTOS/Source/queue.o
 .debug_info    0x0000000000007576      0x2e3 obj/FreeRTOS/Source/list.o
 .debug_info    0x0000000000007859      0x26b obj/FreeRTOS/Source/portable/GCC/ARM_CM4F/port.o
 .debug_info    0x0000000000007ac4      0x5b7 obj/libs/STM32F4xx_StdPeriph_Driver/src/misc.o
 .debug_info    0x000000000000807b      0x670 obj/libs/STM32F4xx_StdPeriph_Driver/src/stm32f4xx_gpio.o
 .debug_info    0x00000000000086eb      0xd79 obj/libs/STM32F4xx_StdPeriph_Driver/src/stm32f4xx_rcc.o
 .debug_info    0x0000000000009464     0x1ead obj/libs/STM32F4xx_StdPeriph_Driver/src/stm32f4xx_tim.o
 .debug_info    0x000000000000b311      0xa95 obj/libs/STM32F4xx_StdPeriph_Driver/src/stm32f4xx_usart.o
 .debug_info    0x000000000000bda6      0x10a /usr/lib/gcc/arm-none-eabi/4.8.2/../../../arm-none-eabi/lib/armv7e-m/softfp/libc.a(lib_a-atexit.o)
 .debug_info    0x000000000000beb0       0xef /usr/lib/gcc/arm-none-eabi/4.8.2/../../../arm-none-eabi/lib/armv7e-m/softfp/libc.a(lib_a-fini.o)
 .debug_info    0x000000000000bf9f      0x894 /usr/lib/gcc/arm-none-eabi/4.8.2/../../../arm-none-eabi/lib/armv7e-m/softfp/libc.a(lib_a-impure.o)
 .debug_info    0x000000000000c833      0x105 /usr/lib/gcc/arm-none-eabi/4.8.2/../../../arm-none-eabi/lib/armv7e-m/softfp/libc.a(lib_a-init.o)
 .debug_info    0x000000000000c938      0x915 /usr/lib/gcc/arm-none-eabi/4.8.2/../../../arm-none-eabi/lib/armv7e-m/softfp/libc.a(lib_a-malloc.o)
 .debug_info    0x000000000000d24d      0xd7b /usr/lib/gcc/arm-none-eabi/4.8.2/../../../arm-none-eabi/lib/armv7e-m/softfp/libc.a(lib_a-mallocr.o)
 .debug_info    0x000000000000dfc8       0xbd /usr/lib/gcc/arm-none-eabi/4.8.2/../../../arm-none-eabi/lib/armv7e-m/softfp/libc.a(lib_a-memcpy.o)
 .debug_info    0x000000000000e085      0x117 /usr/lib/gcc/arm-none-eabi/4.8.2/../../../arm-none-eabi/lib/armv7e-m/softfp/libc.a(lib_a-memset.o)
 .debug_info    0x000000000000e19c      0x128 /usr/lib/gcc/arm-none-eabi/4.8.2/../../../arm-none-eabi/lib/armv7e-m/softfp/libc.a(lib_a-strncpy.o)
 .debug_info    0x000000000000e2c4      0x934 /usr/lib/gcc/arm-none-eabi/4.8.2/../../../arm-none-eabi/lib/armv7e-m/softfp/libc.a(lib_a-__atexit.o)
 .debug_info    0x000000000000ebf8      0x9aa /usr/lib/gcc/arm-none-eabi/4.8.2/../../../arm-none-eabi/lib/armv7e-m/softfp/libc.a(lib_a-__call_atexit.o)
 .debug_info    0x000000000000f5a2      0xc1c /usr/lib/gcc/arm-none-eabi/4.8.2/../../../arm-none-eabi/lib/armv7e-m/softfp/libc.a(lib_a-freer.o)

.debug_abbrev   0x0000000000000000     0x2b92
 .debug_abbrev  0x0000000000000000      0x26f obj/src/uart.o
 .debug_abbrev  0x000000000000026f      0x153 obj/src/ustime.o
 .debug_abbrev  0x00000000000003c2      0x481 obj/src/main.o
 .debug_abbrev  0x0000000000000843      0x13a obj/src/system_stm32f4xx.o
 .debug_abbrev  0x000000000000097d      0x261 obj/src/syscalls.o
 .debug_abbrev  0x0000000000000bde      0x16d obj/src/hbperiph.o
 .debug_abbrev  0x0000000000000d4b      0x23f obj/FreeRTOS/Source/tasks.o
 .debug_abbrev  0x0000000000000f8a      0x167 obj/FreeRTOS/Source/queue.o
 .debug_abbrev  0x00000000000010f1       0xb7 obj/FreeRTOS/Source/list.o
 .debug_abbrev  0x00000000000011a8      0x1a1 obj/FreeRTOS/Source/portable/GCC/ARM_CM4F/port.o
 .debug_abbrev  0x0000000000001349      0x12b obj/libs/STM32F4xx_StdPeriph_Driver/src/misc.o
 .debug_abbrev  0x0000000000001474      0x1a7 obj/libs/STM32F4xx_StdPeriph_Driver/src/stm32f4xx_gpio.o
 .debug_abbrev  0x000000000000161b      0x1e7 obj/libs/STM32F4xx_StdPeriph_Driver/src/stm32f4xx_rcc.o
 .debug_abbrev  0x0000000000001802      0x18b obj/libs/STM32F4xx_StdPeriph_Driver/src/stm32f4xx_tim.o
 .debug_abbrev  0x000000000000198d      0x159 obj/libs/STM32F4xx_StdPeriph_Driver/src/stm32f4xx_usart.o
 .debug_abbrev  0x0000000000001ae6       0xb8 /usr/lib/gcc/arm-none-eabi/4.8.2/../../../arm-none-eabi/lib/armv7e-m/softfp/libc.a(lib_a-atexit.o)
 .debug_abbrev  0x0000000000001b9e       0xbd /usr/lib/gcc/arm-none-eabi/4.8.2/../../../arm-none-eabi/lib/armv7e-m/softfp/libc.a(lib_a-fini.o)
 .debug_abbrev  0x0000000000001c5b      0x180 /usr/lib/gcc/arm-none-eabi/4.8.2/../../../arm-none-eabi/lib/armv7e-m/softfp/libc.a(lib_a-impure.o)
 .debug_abbrev  0x0000000000001ddb       0xba /usr/lib/gcc/arm-none-eabi/4.8.2/../../../arm-none-eabi/lib/armv7e-m/softfp/libc.a(lib_a-init.o)
 .debug_abbrev  0x0000000000001e95      0x1fa /usr/lib/gcc/arm-none-eabi/4.8.2/../../../arm-none-eabi/lib/armv7e-m/softfp/libc.a(lib_a-malloc.o)
 .debug_abbrev  0x000000000000208f      0x2a2 /usr/lib/gcc/arm-none-eabi/4.8.2/../../../arm-none-eabi/lib/armv7e-m/softfp/libc.a(lib_a-mallocr.o)
 .debug_abbrev  0x0000000000002331       0x14 /usr/lib/gcc/arm-none-eabi/4.8.2/../../../arm-none-eabi/lib/armv7e-m/softfp/libc.a(lib_a-memcpy.o)
 .debug_abbrev  0x0000000000002345       0x9f /usr/lib/gcc/arm-none-eabi/4.8.2/../../../arm-none-eabi/lib/armv7e-m/softfp/libc.a(lib_a-memset.o)
 .debug_abbrev  0x00000000000023e4       0x9f /usr/lib/gcc/arm-none-eabi/4.8.2/../../../arm-none-eabi/lib/armv7e-m/softfp/libc.a(lib_a-strncpy.o)
 .debug_abbrev  0x0000000000002483      0x20f /usr/lib/gcc/arm-none-eabi/4.8.2/../../../arm-none-eabi/lib/armv7e-m/softfp/libc.a(lib_a-__atexit.o)
 .debug_abbrev  0x0000000000002692      0x285 /usr/lib/gcc/arm-none-eabi/4.8.2/../../../arm-none-eabi/lib/armv7e-m/softfp/libc.a(lib_a-__call_atexit.o)
 .debug_abbrev  0x0000000000002917      0x27b /usr/lib/gcc/arm-none-eabi/4.8.2/../../../arm-none-eabi/lib/armv7e-m/softfp/libc.a(lib_a-freer.o)

.debug_loc      0x0000000000000000     0x5ddc
 .debug_loc     0x0000000000000000      0x1b4 obj/src/uart.o
 .debug_loc     0x00000000000001b4       0xe0 obj/src/ustime.o
 .debug_loc     0x0000000000000294      0x6cd obj/src/main.o
 .debug_loc     0x0000000000000961       0x9c obj/src/system_stm32f4xx.o
 .debug_loc     0x00000000000009fd      0x2a0 obj/src/syscalls.o
 .debug_loc     0x0000000000000c9d       0xe0 obj/src/hbperiph.o
 .debug_loc     0x0000000000000d7d      0x8f6 obj/FreeRTOS/Source/tasks.o
 .debug_loc     0x0000000000001673      0x380 obj/FreeRTOS/Source/queue.o
 .debug_loc     0x00000000000019f3      0x118 obj/FreeRTOS/Source/list.o
 .debug_loc     0x0000000000001b0b      0x178 obj/FreeRTOS/Source/portable/GCC/ARM_CM4F/port.o
 .debug_loc     0x0000000000001c83      0x118 obj/libs/STM32F4xx_StdPeriph_Driver/src/misc.o
 .debug_loc     0x0000000000001d9b      0x310 obj/libs/STM32F4xx_StdPeriph_Driver/src/stm32f4xx_gpio.o
 .debug_loc     0x00000000000020ab      0x97c obj/libs/STM32F4xx_StdPeriph_Driver/src/stm32f4xx_rcc.o
 .debug_loc     0x0000000000002a27     0x1420 obj/libs/STM32F4xx_StdPeriph_Driver/src/stm32f4xx_tim.o
 .debug_loc     0x0000000000003e47      0x658 obj/libs/STM32F4xx_StdPeriph_Driver/src/stm32f4xx_usart.o
 .debug_loc     0x000000000000449f       0x2c /usr/lib/gcc/arm-none-eabi/4.8.2/../../../arm-none-eabi/lib/armv7e-m/softfp/libc.a(lib_a-atexit.o)
 .debug_loc     0x00000000000044cb       0x5c /usr/lib/gcc/arm-none-eabi/4.8.2/../../../arm-none-eabi/lib/armv7e-m/softfp/libc.a(lib_a-fini.o)
 .debug_loc     0x0000000000004527       0xae /usr/lib/gcc/arm-none-eabi/4.8.2/../../../arm-none-eabi/lib/armv7e-m/softfp/libc.a(lib_a-init.o)
 .debug_loc     0x00000000000045d5       0x58 /usr/lib/gcc/arm-none-eabi/4.8.2/../../../arm-none-eabi/lib/armv7e-m/softfp/libc.a(lib_a-malloc.o)
 .debug_loc     0x000000000000462d      0xd9d /usr/lib/gcc/arm-none-eabi/4.8.2/../../../arm-none-eabi/lib/armv7e-m/softfp/libc.a(lib_a-mallocr.o)
 .debug_loc     0x00000000000053ca      0x18b /usr/lib/gcc/arm-none-eabi/4.8.2/../../../arm-none-eabi/lib/armv7e-m/softfp/libc.a(lib_a-memset.o)
 .debug_loc     0x0000000000005555      0x15b /usr/lib/gcc/arm-none-eabi/4.8.2/../../../arm-none-eabi/lib/armv7e-m/softfp/libc.a(lib_a-strncpy.o)
 .debug_loc     0x00000000000056b0      0x14d /usr/lib/gcc/arm-none-eabi/4.8.2/../../../arm-none-eabi/lib/armv7e-m/softfp/libc.a(lib_a-__atexit.o)
 .debug_loc     0x00000000000057fd      0x155 /usr/lib/gcc/arm-none-eabi/4.8.2/../../../arm-none-eabi/lib/armv7e-m/softfp/libc.a(lib_a-__call_atexit.o)
 .debug_loc     0x0000000000005952      0x48a /usr/lib/gcc/arm-none-eabi/4.8.2/../../../arm-none-eabi/lib/armv7e-m/softfp/libc.a(lib_a-freer.o)

.debug_aranges  0x0000000000000000      0xcb0
 .debug_aranges
                0x0000000000000000       0x58 obj/src/uart.o
 .debug_aranges
                0x0000000000000058       0x38 obj/src/ustime.o
 .debug_aranges
                0x0000000000000090       0xc0 obj/src/main.o
 .debug_aranges
                0x0000000000000150       0x30 obj/src/system_stm32f4xx.o
 .debug_aranges
                0x0000000000000180       0x78 obj/src/syscalls.o
 .debug_aranges
                0x00000000000001f8       0x38 obj/src/hbperiph.o
 .debug_aranges
                0x0000000000000230      0x168 obj/FreeRTOS/Source/tasks.o
 .debug_aranges
                0x0000000000000398       0x98 obj/FreeRTOS/Source/queue.o
 .debug_aranges
                0x0000000000000430       0x40 obj/FreeRTOS/Source/list.o
 .debug_aranges
                0x0000000000000470       0x78 obj/FreeRTOS/Source/portable/GCC/ARM_CM4F/port.o
 .debug_aranges
                0x00000000000004e8       0x40 obj/libs/STM32F4xx_StdPeriph_Driver/src/misc.o
 .debug_aranges
                0x0000000000000528       0x88 obj/libs/STM32F4xx_StdPeriph_Driver/src/stm32f4xx_gpio.o
 .debug_aranges
                0x00000000000005b0      0x178 obj/libs/STM32F4xx_StdPeriph_Driver/src/stm32f4xx_rcc.o
 .debug_aranges
                0x0000000000000728      0x2f8 obj/libs/STM32F4xx_StdPeriph_Driver/src/stm32f4xx_tim.o
 .debug_aranges
                0x0000000000000a20      0x100 obj/libs/STM32F4xx_StdPeriph_Driver/src/stm32f4xx_usart.o
 .debug_aranges
                0x0000000000000b20       0x20 /usr/lib/gcc/arm-none-eabi/4.8.2/../../../arm-none-eabi/lib/armv7e-m/softfp/libc.a(lib_a-atexit.o)
 .debug_aranges
                0x0000000000000b40       0x20 /usr/lib/gcc/arm-none-eabi/4.8.2/../../../arm-none-eabi/lib/armv7e-m/softfp/libc.a(lib_a-fini.o)
 .debug_aranges
                0x0000000000000b60       0x18 /usr/lib/gcc/arm-none-eabi/4.8.2/../../../arm-none-eabi/lib/armv7e-m/softfp/libc.a(lib_a-impure.o)
 .debug_aranges
                0x0000000000000b78       0x20 /usr/lib/gcc/arm-none-eabi/4.8.2/../../../arm-none-eabi/lib/armv7e-m/softfp/libc.a(lib_a-init.o)
 .debug_aranges
                0x0000000000000b98       0x28 /usr/lib/gcc/arm-none-eabi/4.8.2/../../../arm-none-eabi/lib/armv7e-m/softfp/libc.a(lib_a-malloc.o)
 .debug_aranges
                0x0000000000000bc0       0x20 /usr/lib/gcc/arm-none-eabi/4.8.2/../../../arm-none-eabi/lib/armv7e-m/softfp/libc.a(lib_a-mallocr.o)
 .debug_aranges
                0x0000000000000be0       0x20 /usr/lib/gcc/arm-none-eabi/4.8.2/../../../arm-none-eabi/lib/armv7e-m/softfp/libc.a(lib_a-memcpy.o)
 .debug_aranges
                0x0000000000000c00       0x20 /usr/lib/gcc/arm-none-eabi/4.8.2/../../../arm-none-eabi/lib/armv7e-m/softfp/libc.a(lib_a-memset.o)
 .debug_aranges
                0x0000000000000c20       0x20 /usr/lib/gcc/arm-none-eabi/4.8.2/../../../arm-none-eabi/lib/armv7e-m/softfp/libc.a(lib_a-strncpy.o)
 .debug_aranges
                0x0000000000000c40       0x20 /usr/lib/gcc/arm-none-eabi/4.8.2/../../../arm-none-eabi/lib/armv7e-m/softfp/libc.a(lib_a-__atexit.o)
 .debug_aranges
                0x0000000000000c60       0x28 /usr/lib/gcc/arm-none-eabi/4.8.2/../../../arm-none-eabi/lib/armv7e-m/softfp/libc.a(lib_a-__call_atexit.o)
 .debug_aranges
                0x0000000000000c88       0x28 /usr/lib/gcc/arm-none-eabi/4.8.2/../../../arm-none-eabi/lib/armv7e-m/softfp/libc.a(lib_a-freer.o)

.debug_ranges   0x0000000000000000      0xb50
 .debug_ranges  0x0000000000000000       0x48 obj/src/uart.o
 .debug_ranges  0x0000000000000048       0x28 obj/src/ustime.o
 .debug_ranges  0x0000000000000070       0xd0 obj/src/main.o
 .debug_ranges  0x0000000000000140       0x20 obj/src/system_stm32f4xx.o
 .debug_ranges  0x0000000000000160       0x68 obj/src/syscalls.o
 .debug_ranges  0x00000000000001c8       0x28 obj/src/hbperiph.o
 .debug_ranges  0x00000000000001f0      0x158 obj/FreeRTOS/Source/tasks.o
 .debug_ranges  0x0000000000000348       0x88 obj/FreeRTOS/Source/queue.o
 .debug_ranges  0x00000000000003d0       0x30 obj/FreeRTOS/Source/list.o
 .debug_ranges  0x0000000000000400       0x68 obj/FreeRTOS/Source/portable/GCC/ARM_CM4F/port.o
 .debug_ranges  0x0000000000000468       0x30 obj/libs/STM32F4xx_StdPeriph_Driver/src/misc.o
 .debug_ranges  0x0000000000000498       0x78 obj/libs/STM32F4xx_StdPeriph_Driver/src/stm32f4xx_gpio.o
 .debug_ranges  0x0000000000000510      0x168 obj/libs/STM32F4xx_StdPeriph_Driver/src/stm32f4xx_rcc.o
 .debug_ranges  0x0000000000000678      0x2e8 obj/libs/STM32F4xx_StdPeriph_Driver/src/stm32f4xx_tim.o
 .debug_ranges  0x0000000000000960       0xf0 obj/libs/STM32F4xx_StdPeriph_Driver/src/stm32f4xx_usart.o
 .debug_ranges  0x0000000000000a50       0x10 /usr/lib/gcc/arm-none-eabi/4.8.2/../../../arm-none-eabi/lib/armv7e-m/softfp/libc.a(lib_a-atexit.o)
 .debug_ranges  0x0000000000000a60       0x10 /usr/lib/gcc/arm-none-eabi/4.8.2/../../../arm-none-eabi/lib/armv7e-m/softfp/libc.a(lib_a-fini.o)
 .debug_ranges  0x0000000000000a70       0x10 /usr/lib/gcc/arm-none-eabi/4.8.2/../../../arm-none-eabi/lib/armv7e-m/softfp/libc.a(lib_a-init.o)
 .debug_ranges  0x0000000000000a80       0x18 /usr/lib/gcc/arm-none-eabi/4.8.2/../../../arm-none-eabi/lib/armv7e-m/softfp/libc.a(lib_a-malloc.o)
 .debug_ranges  0x0000000000000a98       0x38 /usr/lib/gcc/arm-none-eabi/4.8.2/../../../arm-none-eabi/lib/armv7e-m/softfp/libc.a(lib_a-mallocr.o)
 .debug_ranges  0x0000000000000ad0       0x10 /usr/lib/gcc/arm-none-eabi/4.8.2/../../../arm-none-eabi/lib/armv7e-m/softfp/libc.a(lib_a-memset.o)
 .debug_ranges  0x0000000000000ae0       0x10 /usr/lib/gcc/arm-none-eabi/4.8.2/../../../arm-none-eabi/lib/armv7e-m/softfp/libc.a(lib_a-strncpy.o)
 .debug_ranges  0x0000000000000af0       0x10 /usr/lib/gcc/arm-none-eabi/4.8.2/../../../arm-none-eabi/lib/armv7e-m/softfp/libc.a(lib_a-__atexit.o)
 .debug_ranges  0x0000000000000b00       0x38 /usr/lib/gcc/arm-none-eabi/4.8.2/../../../arm-none-eabi/lib/armv7e-m/softfp/libc.a(lib_a-__call_atexit.o)
 .debug_ranges  0x0000000000000b38       0x18 /usr/lib/gcc/arm-none-eabi/4.8.2/../../../arm-none-eabi/lib/armv7e-m/softfp/libc.a(lib_a-freer.o)

.debug_line     0x0000000000000000     0x4683
 .debug_line    0x0000000000000000      0x2ab obj/src/uart.o
 .debug_line    0x00000000000002ab      0x15d obj/src/ustime.o
 .debug_line    0x0000000000000408      0x8da obj/src/main.o
 .debug_line    0x0000000000000ce2      0x161 obj/src/system_stm32f4xx.o
 .debug_line    0x0000000000000e43      0x242 obj/src/syscalls.o
 .debug_line    0x0000000000001085      0x144 obj/src/hbperiph.o
 .debug_line    0x00000000000011c9      0x7c6 obj/FreeRTOS/Source/tasks.o
 .debug_line    0x000000000000198f      0x382 obj/FreeRTOS/Source/queue.o
 .debug_line    0x0000000000001d11      0x197 obj/FreeRTOS/Source/list.o
 .debug_line    0x0000000000001ea8      0x252 obj/FreeRTOS/Source/portable/GCC/ARM_CM4F/port.o
 .debug_line    0x00000000000020fa      0x183 obj/libs/STM32F4xx_StdPeriph_Driver/src/misc.o
 .debug_line    0x000000000000227d      0x27d obj/libs/STM32F4xx_StdPeriph_Driver/src/stm32f4xx_gpio.o
 .debug_line    0x00000000000024fa      0x4da obj/libs/STM32F4xx_StdPeriph_Driver/src/stm32f4xx_rcc.o
 .debug_line    0x00000000000029d4      0x9a3 obj/libs/STM32F4xx_StdPeriph_Driver/src/stm32f4xx_tim.o
 .debug_line    0x0000000000003377      0x3e1 obj/libs/STM32F4xx_StdPeriph_Driver/src/stm32f4xx_usart.o
 .debug_line    0x0000000000003758       0xa9 /usr/lib/gcc/arm-none-eabi/4.8.2/../../../arm-none-eabi/lib/armv7e-m/softfp/libc.a(lib_a-atexit.o)
 .debug_line    0x0000000000003801       0x9f /usr/lib/gcc/arm-none-eabi/4.8.2/../../../arm-none-eabi/lib/armv7e-m/softfp/libc.a(lib_a-fini.o)
 .debug_line    0x00000000000038a0       0xd9 /usr/lib/gcc/arm-none-eabi/4.8.2/../../../arm-none-eabi/lib/armv7e-m/softfp/libc.a(lib_a-impure.o)
 .debug_line    0x0000000000003979       0xb8 /usr/lib/gcc/arm-none-eabi/4.8.2/../../../arm-none-eabi/lib/armv7e-m/softfp/libc.a(lib_a-init.o)
 .debug_line    0x0000000000003a31      0x13b /usr/lib/gcc/arm-none-eabi/4.8.2/../../../arm-none-eabi/lib/armv7e-m/softfp/libc.a(lib_a-malloc.o)
 .debug_line    0x0000000000003b6c      0x330 /usr/lib/gcc/arm-none-eabi/4.8.2/../../../arm-none-eabi/lib/armv7e-m/softfp/libc.a(lib_a-mallocr.o)
 .debug_line    0x0000000000003e9c       0xbb /usr/lib/gcc/arm-none-eabi/4.8.2/../../../arm-none-eabi/lib/armv7e-m/softfp/libc.a(lib_a-memcpy.o)
 .debug_line    0x0000000000003f57      0x102 /usr/lib/gcc/arm-none-eabi/4.8.2/../../../arm-none-eabi/lib/armv7e-m/softfp/libc.a(lib_a-memset.o)
 .debug_line    0x0000000000004059      0x104 /usr/lib/gcc/arm-none-eabi/4.8.2/../../../arm-none-eabi/lib/armv7e-m/softfp/libc.a(lib_a-strncpy.o)
 .debug_line    0x000000000000415d      0x163 /usr/lib/gcc/arm-none-eabi/4.8.2/../../../arm-none-eabi/lib/armv7e-m/softfp/libc.a(lib_a-__atexit.o)
 .debug_line    0x00000000000042c0      0x19e /usr/lib/gcc/arm-none-eabi/4.8.2/../../../arm-none-eabi/lib/armv7e-m/softfp/libc.a(lib_a-__call_atexit.o)
 .debug_line    0x000000000000445e      0x225 /usr/lib/gcc/arm-none-eabi/4.8.2/../../../arm-none-eabi/lib/armv7e-m/softfp/libc.a(lib_a-freer.o)

.debug_str      0x0000000000000000    0x5e3ff
 .debug_str     0x0000000000000000      0xdd2 obj/src/uart.o
                                        0xee5 (size before relaxing)
 .debug_str     0x0000000000000dd2      0x12b obj/src/ustime.o
                                        0x3fc (size before relaxing)
 .debug_str     0x0000000000000efd    0x5aa87 obj/src/main.o
                                      0x5b604 (size before relaxing)
 .debug_str     0x000000000005b984       0xa0 obj/src/system_stm32f4xx.o
                                        0x3ce (size before relaxing)
 .debug_str     0x000000000005ba24      0x174 obj/src/syscalls.o
                                        0x710 (size before relaxing)
 .debug_str     0x000000000005bb98       0x41 obj/src/hbperiph.o
                                        0x2dc (size before relaxing)
 .debug_str     0x000000000005bbd9      0x8f7 obj/FreeRTOS/Source/tasks.o
                                        0xb7a (size before relaxing)
 .debug_str     0x000000000005c4d0      0x273 obj/FreeRTOS/Source/queue.o
                                        0x552 (size before relaxing)
 .debug_str     0x000000000005c743       0xa3 obj/FreeRTOS/Source/list.o
                                        0x2c8 (size before relaxing)
 .debug_str     0x000000000005c7e6       0xfa obj/FreeRTOS/Source/portable/GCC/ARM_CM4F/port.o
                                        0x309 (size before relaxing)
 .debug_str     0x000000000005c8e0       0xfd obj/libs/STM32F4xx_StdPeriph_Driver/src/misc.o
                                        0x40c (size before relaxing)
 .debug_str     0x000000000005c9dd      0x137 obj/libs/STM32F4xx_StdPeriph_Driver/src/stm32f4xx_gpio.o
                                        0x4e1 (size before relaxing)
 .debug_str     0x000000000005cb14      0x4ca obj/libs/STM32F4xx_StdPeriph_Driver/src/stm32f4xx_rcc.o
                                        0x88e (size before relaxing)
 .debug_str     0x000000000005cfde      0x951 obj/libs/STM32F4xx_StdPeriph_Driver/src/stm32f4xx_tim.o
                                        0xe0e (size before relaxing)
 .debug_str     0x000000000005d92f      0x350 obj/libs/STM32F4xx_StdPeriph_Driver/src/stm32f4xx_usart.o
                                        0x6cd (size before relaxing)
 .debug_str     0x000000000005dc7f      0x197 /usr/lib/gcc/arm-none-eabi/4.8.2/../../../arm-none-eabi/lib/armv7e-m/softfp/libc.a(lib_a-atexit.o)
                                        0x230 (size before relaxing)
 .debug_str     0x000000000005de16       0xb3 /usr/lib/gcc/arm-none-eabi/4.8.2/../../../arm-none-eabi/lib/armv7e-m/softfp/libc.a(lib_a-fini.o)
                                        0x228 (size before relaxing)
 .debug_str     0x000000000005dec9       0x8d /usr/lib/gcc/arm-none-eabi/4.8.2/../../../arm-none-eabi/lib/armv7e-m/softfp/libc.a(lib_a-impure.o)
                                        0x5c4 (size before relaxing)
 .debug_str     0x000000000005df56       0x8d /usr/lib/gcc/arm-none-eabi/4.8.2/../../../arm-none-eabi/lib/armv7e-m/softfp/libc.a(lib_a-init.o)
                                        0x252 (size before relaxing)
 .debug_str     0x000000000005dfe3       0x4f /usr/lib/gcc/arm-none-eabi/4.8.2/../../../arm-none-eabi/lib/armv7e-m/softfp/libc.a(lib_a-malloc.o)
                                        0x5d8 (size before relaxing)
 .debug_str     0x000000000005e032      0x1f4 /usr/lib/gcc/arm-none-eabi/4.8.2/../../../arm-none-eabi/lib/armv7e-m/softfp/libc.a(lib_a-mallocr.o)
                                        0x7d3 (size before relaxing)
 .debug_str     0x000000000005e226       0x97 /usr/lib/gcc/arm-none-eabi/4.8.2/../../../arm-none-eabi/lib/armv7e-m/softfp/libc.a(lib_a-memset.o)
                                        0x207 (size before relaxing)
 .debug_str     0x000000000005e2bd       0x5c /usr/lib/gcc/arm-none-eabi/4.8.2/../../../arm-none-eabi/lib/armv7e-m/softfp/libc.a(lib_a-strncpy.o)
                                        0x21d (size before relaxing)
 .debug_str     0x000000000005e319       0x33 /usr/lib/gcc/arm-none-eabi/4.8.2/../../../arm-none-eabi/lib/armv7e-m/softfp/libc.a(lib_a-__atexit.o)
                                        0x60c (size before relaxing)
 .debug_str     0x000000000005e34c       0x7f /usr/lib/gcc/arm-none-eabi/4.8.2/../../../arm-none-eabi/lib/armv7e-m/softfp/libc.a(lib_a-__call_atexit.o)
                                        0x624 (size before relaxing)
 .debug_str     0x000000000005e3cb       0x34 /usr/lib/gcc/arm-none-eabi/4.8.2/../../../arm-none-eabi/lib/armv7e-m/softfp/libc.a(lib_a-freer.o)
                                        0x71d (size before relaxing)

.debug_frame    0x0000000000000000     0x263c
 .debug_frame   0x0000000000000000      0x108 obj/src/uart.o
 .debug_frame   0x0000000000000108       0x8c obj/src/ustime.o
 .debug_frame   0x0000000000000194      0x298 obj/src/main.o
 .debug_frame   0x000000000000042c       0x64 obj/src/system_stm32f4xx.o
 .debug_frame   0x0000000000000490      0x174 obj/src/syscalls.o
 .debug_frame   0x0000000000000604       0x84 obj/src/hbperiph.o
 .debug_frame   0x0000000000000688      0x540 obj/FreeRTOS/Source/tasks.o
 .debug_frame   0x0000000000000bc8      0x204 obj/FreeRTOS/Source/queue.o
 .debug_frame   0x0000000000000dcc       0x9c obj/FreeRTOS/Source/list.o
 .debug_frame   0x0000000000000e68      0x134 obj/FreeRTOS/Source/portable/GCC/ARM_CM4F/port.o
 .debug_frame   0x0000000000000f9c       0x9c obj/libs/STM32F4xx_StdPeriph_Driver/src/misc.o
 .debug_frame   0x0000000000001038      0x19c obj/libs/STM32F4xx_StdPeriph_Driver/src/stm32f4xx_gpio.o
 .debug_frame   0x00000000000011d4      0x4e4 obj/libs/STM32F4xx_StdPeriph_Driver/src/stm32f4xx_rcc.o
 .debug_frame   0x00000000000016b8      0xa3c obj/libs/STM32F4xx_StdPeriph_Driver/src/stm32f4xx_tim.o
 .debug_frame   0x00000000000020f4      0x344 obj/libs/STM32F4xx_StdPeriph_Driver/src/stm32f4xx_usart.o
 .debug_frame   0x0000000000002438       0x20 /usr/lib/gcc/arm-none-eabi/4.8.2/../../../arm-none-eabi/lib/armv7e-m/softfp/libc.a(lib_a-atexit.o)
 .debug_frame   0x0000000000002458       0x2c /usr/lib/gcc/arm-none-eabi/4.8.2/../../../arm-none-eabi/lib/armv7e-m/softfp/libc.a(lib_a-fini.o)
 .debug_frame   0x0000000000002484       0x2c /usr/lib/gcc/arm-none-eabi/4.8.2/../../../arm-none-eabi/lib/armv7e-m/softfp/libc.a(lib_a-init.o)
 .debug_frame   0x00000000000024b0       0x30 /usr/lib/gcc/arm-none-eabi/4.8.2/../../../arm-none-eabi/lib/armv7e-m/softfp/libc.a(lib_a-malloc.o)
 .debug_frame   0x00000000000024e0       0x38 /usr/lib/gcc/arm-none-eabi/4.8.2/../../../arm-none-eabi/lib/armv7e-m/softfp/libc.a(lib_a-mallocr.o)
 .debug_frame   0x0000000000002518       0x2c /usr/lib/gcc/arm-none-eabi/4.8.2/../../../arm-none-eabi/lib/armv7e-m/softfp/libc.a(lib_a-memset.o)
 .debug_frame   0x0000000000002544       0x2c /usr/lib/gcc/arm-none-eabi/4.8.2/../../../arm-none-eabi/lib/armv7e-m/softfp/libc.a(lib_a-strncpy.o)
 .debug_frame   0x0000000000002570       0x30 /usr/lib/gcc/arm-none-eabi/4.8.2/../../../arm-none-eabi/lib/armv7e-m/softfp/libc.a(lib_a-__atexit.o)
 .debug_frame   0x00000000000025a0       0x48 /usr/lib/gcc/arm-none-eabi/4.8.2/../../../arm-none-eabi/lib/armv7e-m/softfp/libc.a(lib_a-__call_atexit.o)
 .debug_frame   0x00000000000025e8       0x54 /usr/lib/gcc/arm-none-eabi/4.8.2/../../../arm-none-eabi/lib/armv7e-m/softfp/libc.a(lib_a-freer.o)

.debug_macro    0x0000000000000000     0xdfb2
 .debug_macro   0x0000000000000000      0x33f obj/src/main.o
 .debug_macro   0x000000000000033f      0x85c obj/src/main.o
 .debug_macro   0x0000000000000b9b      0x166 obj/src/main.o
 .debug_macro   0x0000000000000d01       0x46 obj/src/main.o
 .debug_macro   0x0000000000000d47       0x10 obj/src/main.o
 .debug_macro   0x0000000000000d57       0x62 obj/src/main.o
 .debug_macro   0x0000000000000db9       0x35 obj/src/main.o
 .debug_macro   0x0000000000000dee       0x16 obj/src/main.o
 .debug_macro   0x0000000000000e04       0x44 obj/src/main.o
 .debug_macro   0x0000000000000e48      0x209 obj/src/main.o
 .debug_macro   0x0000000000001051       0x18 obj/src/main.o
 .debug_macro   0x0000000000001069       0x42 obj/src/main.o
 .debug_macro   0x00000000000010ab      0x8cb obj/src/main.o
 .debug_macro   0x0000000000001976     0x7f1c obj/src/main.o
 .debug_macro   0x0000000000009892      0x44e obj/src/main.o
 .debug_macro   0x0000000000009ce0      0x3cf obj/src/main.o
 .debug_macro   0x000000000000a0af      0x111 obj/src/main.o
 .debug_macro   0x000000000000a1c0      0x182 obj/src/main.o
 .debug_macro   0x000000000000a342       0xb2 obj/src/main.o
 .debug_macro   0x000000000000a3f4      0x146 obj/src/main.o
 .debug_macro   0x000000000000a53a      0x477 obj/src/main.o
 .debug_macro   0x000000000000a9b1       0xac obj/src/main.o
 .debug_macro   0x000000000000aa5d      0x241 obj/src/main.o
 .debug_macro   0x000000000000ac9e      0x279 obj/src/main.o
 .debug_macro   0x000000000000af17       0xb5 obj/src/main.o
 .debug_macro   0x000000000000afcc      0x265 obj/src/main.o
 .debug_macro   0x000000000000b231      0x2b1 obj/src/main.o
 .debug_macro   0x000000000000b4e2       0x64 obj/src/main.o
 .debug_macro   0x000000000000b546       0x8e obj/src/main.o
 .debug_macro   0x000000000000b5d4      0x531 obj/src/main.o
 .debug_macro   0x000000000000bb05       0x40 obj/src/main.o
 .debug_macro   0x000000000000bb45      0x57a obj/src/main.o
 .debug_macro   0x000000000000c0bf      0x341 obj/src/main.o
 .debug_macro   0x000000000000c400      0x36a obj/src/main.o
 .debug_macro   0x000000000000c76a       0xdf obj/src/main.o
 .debug_macro   0x000000000000c849      0x73b obj/src/main.o
 .debug_macro   0x000000000000cf84      0x212 obj/src/main.o
 .debug_macro   0x000000000000d196       0x34 obj/src/main.o
 .debug_macro   0x000000000000d1ca       0x7f obj/src/main.o
 .debug_macro   0x000000000000d249       0x35 obj/src/main.o
 .debug_macro   0x000000000000d27e       0xdd obj/src/main.o
 .debug_macro   0x000000000000d35b       0xab obj/src/main.o
 .debug_macro   0x000000000000d406       0x12 obj/src/main.o
 .debug_macro   0x000000000000d418       0x1e obj/src/main.o
 .debug_macro   0x000000000000d436      0x1a8 obj/src/main.o
 .debug_macro   0x000000000000d5de       0x48 obj/src/main.o
 .debug_macro   0x000000000000d626       0x56 obj/src/main.o
 .debug_macro   0x000000000000d67c       0x6a obj/src/main.o
 .debug_macro   0x000000000000d6e6       0x69 obj/src/main.o
 .debug_macro   0x000000000000d74f       0x58 obj/src/main.o
 .debug_macro   0x000000000000d7a7       0x35 obj/src/main.o
 .debug_macro   0x000000000000d7dc       0xa3 obj/src/main.o
 .debug_macro   0x000000000000d87f       0x52 obj/src/main.o
 .debug_macro   0x000000000000d8d1       0x16 obj/src/main.o
 .debug_macro   0x000000000000d8e7       0x43 obj/src/main.o
 .debug_macro   0x000000000000d92a      0x180 obj/src/main.o
 .debug_macro   0x000000000000daaa      0x1e1 obj/src/main.o
 .debug_macro   0x000000000000dc8b       0x1c obj/src/main.o
 .debug_macro   0x000000000000dca7       0x35 obj/src/main.o
 .debug_macro   0x000000000000dcdc       0x10 obj/src/main.o
 .debug_macro   0x000000000000dcec       0x10 obj/src/main.o
 .debug_macro   0x000000000000dcfc       0x22 obj/src/main.o
 .debug_macro   0x000000000000dd1e       0xbd obj/src/main.o
 .debug_macro   0x000000000000dddb       0x16 obj/src/main.o
 .debug_macro   0x000000000000ddf1      0x16c obj/src/main.o
 .debug_macro   0x000000000000df5d       0x16 obj/src/main.o
 .debug_macro   0x000000000000df73       0x16 obj/src/main.o
 .debug_macro   0x000000000000df89       0x29 obj/src/main.o

Cross Reference Table

Symbol                                            File
ADC_AnalogWatchdogCmd                             obj/libs/STM32F4xx_StdPeriph_Driver/src/stm32f4xx_adc.o
ADC_AnalogWatchdogSingleChannelConfig             obj/libs/STM32F4xx_StdPeriph_Driver/src/stm32f4xx_adc.o
ADC_AnalogWatchdogThresholdsConfig                obj/libs/STM32F4xx_StdPeriph_Driver/src/stm32f4xx_adc.o
ADC_AutoInjectedConvCmd                           obj/libs/STM32F4xx_StdPeriph_Driver/src/stm32f4xx_adc.o
ADC_ClearFlag                                     obj/libs/STM32F4xx_StdPeriph_Driver/src/stm32f4xx_adc.o
ADC_ClearITPendingBit                             obj/libs/STM32F4xx_StdPeriph_Driver/src/stm32f4xx_adc.o
ADC_Cmd                                           obj/libs/STM32F4xx_StdPeriph_Driver/src/stm32f4xx_adc.o
ADC_CommonInit                                    obj/libs/STM32F4xx_StdPeriph_Driver/src/stm32f4xx_adc.o
ADC_CommonStructInit                              obj/libs/STM32F4xx_StdPeriph_Driver/src/stm32f4xx_adc.o
ADC_ContinuousModeCmd                             obj/libs/STM32F4xx_StdPeriph_Driver/src/stm32f4xx_adc.o
ADC_DMACmd                                        obj/libs/STM32F4xx_StdPeriph_Driver/src/stm32f4xx_adc.o
ADC_DMARequestAfterLastTransferCmd                obj/libs/STM32F4xx_StdPeriph_Driver/src/stm32f4xx_adc.o
ADC_DeInit                                        obj/libs/STM32F4xx_StdPeriph_Driver/src/stm32f4xx_adc.o
ADC_DiscModeChannelCountConfig                    obj/libs/STM32F4xx_StdPeriph_Driver/src/stm32f4xx_adc.o
ADC_DiscModeCmd                                   obj/libs/STM32F4xx_StdPeriph_Driver/src/stm32f4xx_adc.o
ADC_EOCOnEachRegularChannelCmd                    obj/libs/STM32F4xx_StdPeriph_Driver/src/stm32f4xx_adc.o
ADC_ExternalTrigInjectedConvConfig                obj/libs/STM32F4xx_StdPeriph_Driver/src/stm32f4xx_adc.o
ADC_ExternalTrigInjectedConvEdgeConfig            obj/libs/STM32F4xx_StdPeriph_Driver/src/stm32f4xx_adc.o
ADC_GetConversionValue                            obj/libs/STM32F4xx_StdPeriph_Driver/src/stm32f4xx_adc.o
ADC_GetFlagStatus                                 obj/libs/STM32F4xx_StdPeriph_Driver/src/stm32f4xx_adc.o
ADC_GetITStatus                                   obj/libs/STM32F4xx_StdPeriph_Driver/src/stm32f4xx_adc.o
ADC_GetInjectedConversionValue                    obj/libs/STM32F4xx_StdPeriph_Driver/src/stm32f4xx_adc.o
ADC_GetMultiModeConversionValue                   obj/libs/STM32F4xx_StdPeriph_Driver/src/stm32f4xx_adc.o
ADC_GetSoftwareStartConvStatus                    obj/libs/STM32F4xx_StdPeriph_Driver/src/stm32f4xx_adc.o
ADC_GetSoftwareStartInjectedConvCmdStatus         obj/libs/STM32F4xx_StdPeriph_Driver/src/stm32f4xx_adc.o
ADC_IRQHandler                                    obj/src/startup_stm32f4xx.o
ADC_ITConfig                                      obj/libs/STM32F4xx_StdPeriph_Driver/src/stm32f4xx_adc.o
ADC_Init                                          obj/libs/STM32F4xx_StdPeriph_Driver/src/stm32f4xx_adc.o
ADC_InjectedChannelConfig                         obj/libs/STM32F4xx_StdPeriph_Driver/src/stm32f4xx_adc.o
ADC_InjectedDiscModeCmd                           obj/libs/STM32F4xx_StdPeriph_Driver/src/stm32f4xx_adc.o
ADC_InjectedSequencerLengthConfig                 obj/libs/STM32F4xx_StdPeriph_Driver/src/stm32f4xx_adc.o
ADC_MultiModeDMARequestAfterLastTransferCmd       obj/libs/STM32F4xx_StdPeriph_Driver/src/stm32f4xx_adc.o
ADC_RegularChannelConfig                          obj/libs/STM32F4xx_StdPeriph_Driver/src/stm32f4xx_adc.o
ADC_SetInjectedOffset                             obj/libs/STM32F4xx_StdPeriph_Driver/src/stm32f4xx_adc.o
ADC_SoftwareStartConv                             obj/libs/STM32F4xx_StdPeriph_Driver/src/stm32f4xx_adc.o
ADC_SoftwareStartInjectedConv                     obj/libs/STM32F4xx_StdPeriph_Driver/src/stm32f4xx_adc.o
ADC_StructInit                                    obj/libs/STM32F4xx_StdPeriph_Driver/src/stm32f4xx_adc.o
ADC_TempSensorVrefintCmd                          obj/libs/STM32F4xx_StdPeriph_Driver/src/stm32f4xx_adc.o
ADC_VBATCmd                                       obj/libs/STM32F4xx_StdPeriph_Driver/src/stm32f4xx_adc.o
AHBPrescTable                                     obj/src/system_stm32f4xx.o
BusFault_Handler                                  obj/src/startup_stm32f4xx.o
CAN1_RX0_IRQHandler                               obj/src/startup_stm32f4xx.o
CAN1_RX1_IRQHandler                               obj/src/startup_stm32f4xx.o
CAN1_SCE_IRQHandler                               obj/src/startup_stm32f4xx.o
CAN1_TX_IRQHandler                                obj/src/startup_stm32f4xx.o
CAN2_RX0_IRQHandler                               obj/src/startup_stm32f4xx.o
CAN2_RX1_IRQHandler                               obj/src/startup_stm32f4xx.o
CAN2_SCE_IRQHandler                               obj/src/startup_stm32f4xx.o
CAN2_TX_IRQHandler                                obj/src/startup_stm32f4xx.o
CAN_CancelTransmit                                obj/libs/STM32F4xx_StdPeriph_Driver/src/stm32f4xx_can.o
CAN_ClearFlag                                     obj/libs/STM32F4xx_StdPeriph_Driver/src/stm32f4xx_can.o
CAN_ClearITPendingBit                             obj/libs/STM32F4xx_StdPeriph_Driver/src/stm32f4xx_can.o
CAN_DBGFreeze                                     obj/libs/STM32F4xx_StdPeriph_Driver/src/stm32f4xx_can.o
CAN_DeInit                                        obj/libs/STM32F4xx_StdPeriph_Driver/src/stm32f4xx_can.o
CAN_FIFORelease                                   obj/libs/STM32F4xx_StdPeriph_Driver/src/stm32f4xx_can.o
CAN_FilterInit                                    obj/libs/STM32F4xx_StdPeriph_Driver/src/stm32f4xx_can.o
CAN_GetFlagStatus                                 obj/libs/STM32F4xx_StdPeriph_Driver/src/stm32f4xx_can.o
CAN_GetITStatus                                   obj/libs/STM32F4xx_StdPeriph_Driver/src/stm32f4xx_can.o
CAN_GetLSBTransmitErrorCounter                    obj/libs/STM32F4xx_StdPeriph_Driver/src/stm32f4xx_can.o
CAN_GetLastErrorCode                              obj/libs/STM32F4xx_StdPeriph_Driver/src/stm32f4xx_can.o
CAN_GetReceiveErrorCounter                        obj/libs/STM32F4xx_StdPeriph_Driver/src/stm32f4xx_can.o
CAN_ITConfig                                      obj/libs/STM32F4xx_StdPeriph_Driver/src/stm32f4xx_can.o
CAN_Init                                          obj/libs/STM32F4xx_StdPeriph_Driver/src/stm32f4xx_can.o
CAN_MessagePending                                obj/libs/STM32F4xx_StdPeriph_Driver/src/stm32f4xx_can.o
CAN_OperatingModeRequest                          obj/libs/STM32F4xx_StdPeriph_Driver/src/stm32f4xx_can.o
CAN_Receive                                       obj/libs/STM32F4xx_StdPeriph_Driver/src/stm32f4xx_can.o
CAN_SlaveStartBank                                obj/libs/STM32F4xx_StdPeriph_Driver/src/stm32f4xx_can.o
CAN_Sleep                                         obj/libs/STM32F4xx_StdPeriph_Driver/src/stm32f4xx_can.o
CAN_StructInit                                    obj/libs/STM32F4xx_StdPeriph_Driver/src/stm32f4xx_can.o
CAN_TTComModeCmd                                  obj/libs/STM32F4xx_StdPeriph_Driver/src/stm32f4xx_can.o
CAN_Transmit                                      obj/libs/STM32F4xx_StdPeriph_Driver/src/stm32f4xx_can.o
CAN_TransmitStatus                                obj/libs/STM32F4xx_StdPeriph_Driver/src/stm32f4xx_can.o
CAN_WakeUp                                        obj/libs/STM32F4xx_StdPeriph_Driver/src/stm32f4xx_can.o
CLOCK_SetClockTo168MHz                            obj/src/clock.o
CRC_CalcBlockCRC                                  obj/libs/STM32F4xx_StdPeriph_Driver/src/stm32f4xx_crc.o
CRC_CalcCRC                                       obj/libs/STM32F4xx_StdPeriph_Driver/src/stm32f4xx_crc.o
CRC_GetCRC                                        obj/libs/STM32F4xx_StdPeriph_Driver/src/stm32f4xx_crc.o
CRC_GetIDRegister                                 obj/libs/STM32F4xx_StdPeriph_Driver/src/stm32f4xx_crc.o
CRC_ResetDR                                       obj/libs/STM32F4xx_StdPeriph_Driver/src/stm32f4xx_crc.o
CRC_SetIDRegister                                 obj/libs/STM32F4xx_StdPeriph_Driver/src/stm32f4xx_crc.o
CRYP_AES_CBC                                      obj/libs/STM32F4xx_StdPeriph_Driver/src/stm32f4xx_cryp_aes.o
CRYP_AES_CTR                                      obj/libs/STM32F4xx_StdPeriph_Driver/src/stm32f4xx_cryp_aes.o
CRYP_AES_ECB                                      obj/libs/STM32F4xx_StdPeriph_Driver/src/stm32f4xx_cryp_aes.o
CRYP_Cmd                                          obj/libs/STM32F4xx_StdPeriph_Driver/src/stm32f4xx_cryp.o
                                                  obj/libs/STM32F4xx_StdPeriph_Driver/src/stm32f4xx_cryp_tdes.o
                                                  obj/libs/STM32F4xx_StdPeriph_Driver/src/stm32f4xx_cryp_des.o
                                                  obj/libs/STM32F4xx_StdPeriph_Driver/src/stm32f4xx_cryp_aes.o
CRYP_DES_CBC                                      obj/libs/STM32F4xx_StdPeriph_Driver/src/stm32f4xx_cryp_des.o
CRYP_DES_ECB                                      obj/libs/STM32F4xx_StdPeriph_Driver/src/stm32f4xx_cryp_des.o
CRYP_DMACmd                                       obj/libs/STM32F4xx_StdPeriph_Driver/src/stm32f4xx_cryp.o
CRYP_DataIn                                       obj/libs/STM32F4xx_StdPeriph_Driver/src/stm32f4xx_cryp.o
                                                  obj/libs/STM32F4xx_StdPeriph_Driver/src/stm32f4xx_cryp_tdes.o
                                                  obj/libs/STM32F4xx_StdPeriph_Driver/src/stm32f4xx_cryp_des.o
                                                  obj/libs/STM32F4xx_StdPeriph_Driver/src/stm32f4xx_cryp_aes.o
CRYP_DataOut                                      obj/libs/STM32F4xx_StdPeriph_Driver/src/stm32f4xx_cryp.o
                                                  obj/libs/STM32F4xx_StdPeriph_Driver/src/stm32f4xx_cryp_tdes.o
                                                  obj/libs/STM32F4xx_StdPeriph_Driver/src/stm32f4xx_cryp_des.o
                                                  obj/libs/STM32F4xx_StdPeriph_Driver/src/stm32f4xx_cryp_aes.o
CRYP_DeInit                                       obj/libs/STM32F4xx_StdPeriph_Driver/src/stm32f4xx_cryp.o
CRYP_FIFOFlush                                    obj/libs/STM32F4xx_StdPeriph_Driver/src/stm32f4xx_cryp.o
                                                  obj/libs/STM32F4xx_StdPeriph_Driver/src/stm32f4xx_cryp_tdes.o
                                                  obj/libs/STM32F4xx_StdPeriph_Driver/src/stm32f4xx_cryp_des.o
                                                  obj/libs/STM32F4xx_StdPeriph_Driver/src/stm32f4xx_cryp_aes.o
CRYP_GetFlagStatus                                obj/libs/STM32F4xx_StdPeriph_Driver/src/stm32f4xx_cryp.o
                                                  obj/libs/STM32F4xx_StdPeriph_Driver/src/stm32f4xx_cryp_tdes.o
                                                  obj/libs/STM32F4xx_StdPeriph_Driver/src/stm32f4xx_cryp_des.o
                                                  obj/libs/STM32F4xx_StdPeriph_Driver/src/stm32f4xx_cryp_aes.o
CRYP_GetITStatus                                  obj/libs/STM32F4xx_StdPeriph_Driver/src/stm32f4xx_cryp.o
CRYP_IRQHandler                                   obj/src/startup_stm32f4xx.o
CRYP_ITConfig                                     obj/libs/STM32F4xx_StdPeriph_Driver/src/stm32f4xx_cryp.o
CRYP_IVInit                                       obj/libs/STM32F4xx_StdPeriph_Driver/src/stm32f4xx_cryp.o
                                                  obj/libs/STM32F4xx_StdPeriph_Driver/src/stm32f4xx_cryp_tdes.o
                                                  obj/libs/STM32F4xx_StdPeriph_Driver/src/stm32f4xx_cryp_des.o
                                                  obj/libs/STM32F4xx_StdPeriph_Driver/src/stm32f4xx_cryp_aes.o
CRYP_IVStructInit                                 obj/libs/STM32F4xx_StdPeriph_Driver/src/stm32f4xx_cryp.o
CRYP_Init                                         obj/libs/STM32F4xx_StdPeriph_Driver/src/stm32f4xx_cryp.o
                                                  obj/libs/STM32F4xx_StdPeriph_Driver/src/stm32f4xx_cryp_tdes.o
                                                  obj/libs/STM32F4xx_StdPeriph_Driver/src/stm32f4xx_cryp_des.o
                                                  obj/libs/STM32F4xx_StdPeriph_Driver/src/stm32f4xx_cryp_aes.o
CRYP_KeyInit                                      obj/libs/STM32F4xx_StdPeriph_Driver/src/stm32f4xx_cryp.o
                                                  obj/libs/STM32F4xx_StdPeriph_Driver/src/stm32f4xx_cryp_tdes.o
                                                  obj/libs/STM32F4xx_StdPeriph_Driver/src/stm32f4xx_cryp_des.o
                                                  obj/libs/STM32F4xx_StdPeriph_Driver/src/stm32f4xx_cryp_aes.o
CRYP_KeyStructInit                                obj/libs/STM32F4xx_StdPeriph_Driver/src/stm32f4xx_cryp.o
                                                  obj/libs/STM32F4xx_StdPeriph_Driver/src/stm32f4xx_cryp_tdes.o
                                                  obj/libs/STM32F4xx_StdPeriph_Driver/src/stm32f4xx_cryp_des.o
                                                  obj/libs/STM32F4xx_StdPeriph_Driver/src/stm32f4xx_cryp_aes.o
CRYP_RestoreContext                               obj/libs/STM32F4xx_StdPeriph_Driver/src/stm32f4xx_cryp.o
CRYP_SaveContext                                  obj/libs/STM32F4xx_StdPeriph_Driver/src/stm32f4xx_cryp.o
CRYP_StructInit                                   obj/libs/STM32F4xx_StdPeriph_Driver/src/stm32f4xx_cryp.o
CRYP_TDES_CBC                                     obj/libs/STM32F4xx_StdPeriph_Driver/src/stm32f4xx_cryp_tdes.o
CRYP_TDES_ECB                                     obj/libs/STM32F4xx_StdPeriph_Driver/src/stm32f4xx_cryp_tdes.o
DAC_ClearFlag                                     obj/libs/STM32F4xx_StdPeriph_Driver/src/stm32f4xx_dac.o
DAC_ClearITPendingBit                             obj/libs/STM32F4xx_StdPeriph_Driver/src/stm32f4xx_dac.o
DAC_Cmd                                           obj/libs/STM32F4xx_StdPeriph_Driver/src/stm32f4xx_dac.o
DAC_DMACmd                                        obj/libs/STM32F4xx_StdPeriph_Driver/src/stm32f4xx_dac.o
DAC_DeInit                                        obj/libs/STM32F4xx_StdPeriph_Driver/src/stm32f4xx_dac.o
DAC_DualSoftwareTriggerCmd                        obj/libs/STM32F4xx_StdPeriph_Driver/src/stm32f4xx_dac.o
DAC_GetDataOutputValue                            obj/libs/STM32F4xx_StdPeriph_Driver/src/stm32f4xx_dac.o
DAC_GetFlagStatus                                 obj/libs/STM32F4xx_StdPeriph_Driver/src/stm32f4xx_dac.o
DAC_GetITStatus                                   obj/libs/STM32F4xx_StdPeriph_Driver/src/stm32f4xx_dac.o
DAC_ITConfig                                      obj/libs/STM32F4xx_StdPeriph_Driver/src/stm32f4xx_dac.o
DAC_Init                                          obj/libs/STM32F4xx_StdPeriph_Driver/src/stm32f4xx_dac.o
DAC_SetChannel1Data                               obj/libs/STM32F4xx_StdPeriph_Driver/src/stm32f4xx_dac.o
DAC_SetChannel2Data                               obj/libs/STM32F4xx_StdPeriph_Driver/src/stm32f4xx_dac.o
DAC_SetDualChannelData                            obj/libs/STM32F4xx_StdPeriph_Driver/src/stm32f4xx_dac.o
DAC_SoftwareTriggerCmd                            obj/libs/STM32F4xx_StdPeriph_Driver/src/stm32f4xx_dac.o
DAC_StructInit                                    obj/libs/STM32F4xx_StdPeriph_Driver/src/stm32f4xx_dac.o
DAC_WaveGenerationCmd                             obj/libs/STM32F4xx_StdPeriph_Driver/src/stm32f4xx_dac.o
DBGMCU_APB1PeriphConfig                           obj/libs/STM32F4xx_StdPeriph_Driver/src/stm32f4xx_dbgmcu.o
DBGMCU_APB2PeriphConfig                           obj/libs/STM32F4xx_StdPeriph_Driver/src/stm32f4xx_dbgmcu.o
DBGMCU_Config                                     obj/libs/STM32F4xx_StdPeriph_Driver/src/stm32f4xx_dbgmcu.o
DBGMCU_GetDEVID                                   obj/libs/STM32F4xx_StdPeriph_Driver/src/stm32f4xx_dbgmcu.o
DBGMCU_GetREVID                                   obj/libs/STM32F4xx_StdPeriph_Driver/src/stm32f4xx_dbgmcu.o
DCMI_CROPCmd                                      obj/libs/STM32F4xx_StdPeriph_Driver/src/stm32f4xx_dcmi.o
DCMI_CROPConfig                                   obj/libs/STM32F4xx_StdPeriph_Driver/src/stm32f4xx_dcmi.o
DCMI_CaptureCmd                                   obj/libs/STM32F4xx_StdPeriph_Driver/src/stm32f4xx_dcmi.o
DCMI_ClearFlag                                    obj/libs/STM32F4xx_StdPeriph_Driver/src/stm32f4xx_dcmi.o
DCMI_ClearITPendingBit                            obj/libs/STM32F4xx_StdPeriph_Driver/src/stm32f4xx_dcmi.o
DCMI_Cmd                                          obj/libs/STM32F4xx_StdPeriph_Driver/src/stm32f4xx_dcmi.o
DCMI_DeInit                                       obj/libs/STM32F4xx_StdPeriph_Driver/src/stm32f4xx_dcmi.o
DCMI_GetFlagStatus                                obj/libs/STM32F4xx_StdPeriph_Driver/src/stm32f4xx_dcmi.o
DCMI_GetITStatus                                  obj/libs/STM32F4xx_StdPeriph_Driver/src/stm32f4xx_dcmi.o
DCMI_IRQHandler                                   obj/src/startup_stm32f4xx.o
DCMI_ITConfig                                     obj/libs/STM32F4xx_StdPeriph_Driver/src/stm32f4xx_dcmi.o
DCMI_Init                                         obj/libs/STM32F4xx_StdPeriph_Driver/src/stm32f4xx_dcmi.o